Archive member included to satisfy reference by file (symbol)

d:/iti/embedded arm/discovery/tools/arm gcc/bin/../lib/gcc/arm-none-eabi/5.4.1/armv7e-m\libgcc.a(_aeabi_uldivmod.o)
                              ./src/Extruder.o (__aeabi_uldivmod)
d:/iti/embedded arm/discovery/tools/arm gcc/bin/../lib/gcc/arm-none-eabi/5.4.1/armv7e-m\libgcc.a(_udivmoddi4.o)
                              d:/iti/embedded arm/discovery/tools/arm gcc/bin/../lib/gcc/arm-none-eabi/5.4.1/armv7e-m\libgcc.a(_aeabi_uldivmod.o) (__udivmoddi4)
d:/iti/embedded arm/discovery/tools/arm gcc/bin/../lib/gcc/arm-none-eabi/5.4.1/armv7e-m\libgcc.a(_dvmd_tls.o)
                              d:/iti/embedded arm/discovery/tools/arm gcc/bin/../lib/gcc/arm-none-eabi/5.4.1/armv7e-m\libgcc.a(_aeabi_uldivmod.o) (__aeabi_ldiv0)
d:/iti/embedded arm/discovery/tools/arm gcc/bin/../lib/gcc/arm-none-eabi/5.4.1/../../../../arm-none-eabi/lib/armv7e-m\libg_nano.a(lib_a-errno.o)
                              ./system/src/newlib/_sbrk.o (__errno)
d:/iti/embedded arm/discovery/tools/arm gcc/bin/../lib/gcc/arm-none-eabi/5.4.1/../../../../arm-none-eabi/lib/armv7e-m\libg_nano.a(lib_a-impure.o)
                              d:/iti/embedded arm/discovery/tools/arm gcc/bin/../lib/gcc/arm-none-eabi/5.4.1/../../../../arm-none-eabi/lib/armv7e-m\libg_nano.a(lib_a-errno.o) (_impure_ptr)
d:/iti/embedded arm/discovery/tools/arm gcc/bin/../lib/gcc/arm-none-eabi/5.4.1/../../../../arm-none-eabi/lib/armv7e-m\libg_nano.a(lib_a-nano-vfprintf_float.o)
                              (_printf_float)
d:/iti/embedded arm/discovery/tools/arm gcc/bin/../lib/gcc/arm-none-eabi/5.4.1/../../../../arm-none-eabi/lib/armv7e-m\libg_nano.a(lib_a-nano-vfprintf_i.o)
                              d:/iti/embedded arm/discovery/tools/arm gcc/bin/../lib/gcc/arm-none-eabi/5.4.1/../../../../arm-none-eabi/lib/armv7e-m\libg_nano.a(lib_a-nano-vfprintf_float.o) (_printf_common)
d:/iti/embedded arm/discovery/tools/arm gcc/bin/../lib/gcc/arm-none-eabi/5.4.1/../../../../arm-none-eabi/lib/armv7e-m\libg_nano.a(lib_a-strlen.o)
                              ./system/src/diag/Trace.o (strlen)
d:/iti/embedded arm/discovery/tools/arm gcc/bin/../lib/gcc/arm-none-eabi/5.4.1/../../../../arm-none-eabi/lib/armv7e-m\libg_nano.a(lib_a-vsnprintf.o)
                              ./system/src/diag/Trace.o (vsnprintf)
d:/iti/embedded arm/discovery/tools/arm gcc/bin/../lib/gcc/arm-none-eabi/5.4.1/../../../../arm-none-eabi/lib/armv7e-m\libg_nano.a(lib_a-dtoa.o)
                              d:/iti/embedded arm/discovery/tools/arm gcc/bin/../lib/gcc/arm-none-eabi/5.4.1/../../../../arm-none-eabi/lib/armv7e-m\libg_nano.a(lib_a-nano-vfprintf_float.o) (_dtoa_r)
d:/iti/embedded arm/discovery/tools/arm gcc/bin/../lib/gcc/arm-none-eabi/5.4.1/../../../../arm-none-eabi/lib/armv7e-m\libg_nano.a(lib_a-localeconv.o)
                              d:/iti/embedded arm/discovery/tools/arm gcc/bin/../lib/gcc/arm-none-eabi/5.4.1/../../../../arm-none-eabi/lib/armv7e-m\libg_nano.a(lib_a-nano-vfprintf_float.o) (_localeconv_r)
d:/iti/embedded arm/discovery/tools/arm gcc/bin/../lib/gcc/arm-none-eabi/5.4.1/../../../../arm-none-eabi/lib/armv7e-m\libg_nano.a(lib_a-malloc.o)
                              d:/iti/embedded arm/discovery/tools/arm gcc/bin/../lib/gcc/arm-none-eabi/5.4.1/../../../../arm-none-eabi/lib/armv7e-m\libg_nano.a(lib_a-dtoa.o) (malloc)
d:/iti/embedded arm/discovery/tools/arm gcc/bin/../lib/gcc/arm-none-eabi/5.4.1/../../../../arm-none-eabi/lib/armv7e-m\libg_nano.a(lib_a-memchr.o)
                              d:/iti/embedded arm/discovery/tools/arm gcc/bin/../lib/gcc/arm-none-eabi/5.4.1/../../../../arm-none-eabi/lib/armv7e-m\libg_nano.a(lib_a-nano-vfprintf_i.o) (memchr)
d:/iti/embedded arm/discovery/tools/arm gcc/bin/../lib/gcc/arm-none-eabi/5.4.1/../../../../arm-none-eabi/lib/armv7e-m\libg_nano.a(lib_a-memcpy-stub.o)
                              d:/iti/embedded arm/discovery/tools/arm gcc/bin/../lib/gcc/arm-none-eabi/5.4.1/../../../../arm-none-eabi/lib/armv7e-m\libg_nano.a(lib_a-dtoa.o) (memcpy)
d:/iti/embedded arm/discovery/tools/arm gcc/bin/../lib/gcc/arm-none-eabi/5.4.1/../../../../arm-none-eabi/lib/armv7e-m\libg_nano.a(lib_a-mprec.o)
                              d:/iti/embedded arm/discovery/tools/arm gcc/bin/../lib/gcc/arm-none-eabi/5.4.1/../../../../arm-none-eabi/lib/armv7e-m\libg_nano.a(lib_a-dtoa.o) (_Balloc)
d:/iti/embedded arm/discovery/tools/arm gcc/bin/../lib/gcc/arm-none-eabi/5.4.1/../../../../arm-none-eabi/lib/armv7e-m\libg_nano.a(lib_a-nano-callocr.o)
                              d:/iti/embedded arm/discovery/tools/arm gcc/bin/../lib/gcc/arm-none-eabi/5.4.1/../../../../arm-none-eabi/lib/armv7e-m\libg_nano.a(lib_a-mprec.o) (_calloc_r)
d:/iti/embedded arm/discovery/tools/arm gcc/bin/../lib/gcc/arm-none-eabi/5.4.1/../../../../arm-none-eabi/lib/armv7e-m\libg_nano.a(lib_a-nano-freer.o)
[...]
Memory Configuration

Name             Origin             Length             Attributes
RAM              0x20000000         0x00020000         xrw
CCMRAM           0x10000000         0x00010000         xrw
FLASH            0x08000000         0x00100000         xr
FLASHB1          0x00000000         0x00000000         xr
EXTMEMB0         0x00000000         0x00000000         xr
EXTMEMB1         0x00000000         0x00000000         xr
EXTMEMB2         0x00000000         0x00000000         xr
EXTMEMB3         0x00000000         0x00000000         xr
MEMORY_ARRAY     0x20002000         0x00000020         xrw
*default*        0x00000000         0xffffffff

Linker script and memory map

LOAD ./system/src/stm32f4-hal/stm32f4xx_hal.o
LOAD ./system/src/stm32f4-hal/stm32f4xx_hal_cortex.o
LOAD ./system/src/stm32f4-hal/stm32f4xx_hal_dfsdm.o
LOAD ./system/src/stm32f4-hal/stm32f4xx_hal_flash.o
LOAD ./system/src/stm32f4-hal/stm32f4xx_hal_flash_ex.o
LOAD ./system/src/stm32f4-hal/stm32f4xx_hal_flash_ramfunc.o
LOAD ./system/src/stm32f4-hal/stm32f4xx_hal_gpio.o
LOAD ./system/src/stm32f4-hal/stm32f4xx_hal_iwdg.o
LOAD ./system/src/stm32f4-hal/stm32f4xx_hal_pwr.o
LOAD ./system/src/stm32f4-hal/stm32f4xx_hal_rcc.o
LOAD ./system/src/newlib/_cxx.o
LOAD ./system/src/newlib/_exit.o
LOAD ./system/src/newlib/_sbrk.o
LOAD ./system/src/newlib/_startup.o
LOAD ./system/src/newlib/_syscalls.o
LOAD ./system/src/newlib/assert.o
LOAD ./system/src/diag/Trace.o
LOAD ./system/src/diag/trace_impl.o
LOAD ./system/src/cortexm/_initialize_hardware.o
LOAD ./system/src/cortexm/_reset_hardware.o
LOAD ./system/src/cortexm/exception_handlers.o
LOAD ./system/src/cmsis/system_stm32f4xx.o
LOAD ./system/src/cmsis/vectors_stm32f407xx.o
LOAD ./src/Extruder.o
LOAD ./src/Gpio.o
LOAD ./src/Rcc.o
LOAD ./src/Stepper.o
LOAD ./src/Stepper_cfg.o
LOAD ./src/_initialize_hardware.o
LOAD ./src/_write.o
LOAD ./src/main.o
LOAD ./src/stm32f4xx_hal_msp.o
LOAD ./src/stm32f4xx_hal_tim.o
LOAD d:/iti/embedded arm/discovery/tools/arm gcc/bin/../lib/gcc/arm-none-eabi/5.4.1/../../../../arm-none-eabi/lib/armv7e-m\libstdc++_nano.a
LOAD d:/iti/embedded arm/discovery/tools/arm gcc/bin/../lib/gcc/arm-none-eabi/5.4.1/../../../../arm-none-eabi/lib/armv7e-m\libm.a
START GROUP
LOAD d:/iti/embedded arm/discovery/tools/arm gcc/bin/../lib/gcc/arm-none-eabi/5.4.1/armv7e-m\libgcc.a
LOAD d:/iti/embedded arm/discovery/tools/arm gcc/bin/../lib/gcc/arm-none-eabi/5.4.1/../../../../arm-none-eabi/lib/armv7e-m\libg_nano.a
LOAD d:/iti/embedded arm/discovery/tools/arm gcc/bin/../lib/gcc/arm-none-eabi/5.4.1/../../../../arm-none-eabi/lib/armv7e-m\libc_nano.a
END GROUP
START GROUP
LOAD d:/iti/embedded arm/discovery/tools/arm gcc/bin/../lib/gcc/arm-none-eabi/5.4.1/armv7e-m\libgcc.a
LOAD d:/iti/embedded arm/discovery/tools/arm gcc/bin/../lib/gcc/arm-none-eabi/5.4.1/../../../../arm-none-eabi/lib/armv7e-m\libc_nano.a
END GROUP
                0x20020000                __stack = (ORIGIN (RAM) + LENGTH (RAM))
                0x20020000                _estack = __stack
                0x00000400                __Main_Stack_Size = 0x400
                [!provide]                PROVIDE (_Main_Stack_Size, __Main_Stack_Size)
                0x2001fc00                __Main_Stack_Limit = (__stack - __Main_Stack_Size)
                [!provide]                PROVIDE (_Main_Stack_Limit, __Main_Stack_Limit)
                0x00000100                _Minimum_Stack_Size = 0x100
                0x200004b8                PROVIDE (_Heap_Begin, _end_noinit)
                0x2001fc00                PROVIDE (_Heap_Limit, (__stack - __Main_Stack_Size))

.isr_vector     0x08000000      0x3ec
 FILL mask 0xff
                0x08000000                __vectors_start = ABSOLUTE (.)
                0x08000000                __vectors_start__ = ABSOLUTE (.)
 *(.isr_vector)
 .isr_vector    0x08000000      0x188 ./system/src/cmsis/vectors_stm32f407xx.o
                0x08000000                __isr_vectors
 *(.cfmconfig)
 *(.after_vectors .after_vectors.*)
 .after_vectors
                0x08000188      0x130 ./system/src/newlib/_startup.o
                0x08000188                _start
 .after_vectors
                0x080002b8      0x130 ./system/src/cortexm/exception_handlers.o
                0x080002b8                Reset_Handler
                0x080002c0                NMI_Handler
                0x080002c4                HardFault_Handler
                0x080002d8                HardFault_Handler_C
                0x08000338                MemManage_Handler
                0x0800033c                BusFault_Handler
                0x08000350                BusFault_Handler_C
                0x08000384                UsageFault_Handler
                0x08000398                UsageFault_Handler_C
                0x080003cc                SVC_Handler
                0x080003d0                DebugMon_Handler
                0x080003d4                PendSV_Handler
                0x080003d8                SysTick_Handler
 .after_vectors
                0x080003e8        0x4 ./system/src/cmsis/vectors_stm32f407xx.o
                0x080003e8                RTC_Alarm_IRQHandler
                0x080003e8                HASH_RNG_IRQHandler
                0x080003e8                EXTI2_IRQHandler
                0x080003e8                TIM8_CC_IRQHandler
                0x080003e8                TIM1_CC_IRQHandler
                0x080003e8                DMA2_Stream5_IRQHandler
                0x080003e8                DMA1_Stream5_IRQHandler
                0x080003e8                PVD_IRQHandler
                0x080003e8                SDIO_IRQHandler
                0x080003e8                TAMP_STAMP_IRQHandler
                0x080003e8                CAN2_RX1_IRQHandler
                0x080003e8                EXTI3_IRQHandler
                0x080003e8                TIM8_TRG_COM_TIM14_IRQHandler
                0x080003e8                TIM1_UP_TIM10_IRQHandler
                0x080003e8                TIM8_UP_TIM13_IRQHandler
                0x080003e8                I2C3_ER_IRQHandler
                0x080003e8                EXTI0_IRQHandler
                0x080003e8                I2C2_EV_IRQHandler
                0x080003e8                DMA1_Stream2_IRQHandler
                0x080003e8                CAN1_RX0_IRQHandler
                0x080003e8                FPU_IRQHandler
                0x080003e8                OTG_HS_WKUP_IRQHandler
                0x080003e8                CAN2_SCE_IRQHandler
                0x080003e8                DMA2_Stream2_IRQHandler
                0x080003e8                SPI1_IRQHandler
                0x080003e8                TIM6_DAC_IRQHandler
                0x080003e8                TIM1_BRK_TIM9_IRQHandler
                0x080003e8                DCMI_IRQHandler
                0x080003e8                CAN2_RX0_IRQHandler
                0x080003e8                DMA2_Stream3_IRQHandler
                0x080003e8                USART6_IRQHandler
                0x080003e8                USART3_IRQHandler
                0x080003e8                CAN1_RX1_IRQHandler
                0x080003e8                UART5_IRQHandler
                0x080003e8                DMA2_Stream0_IRQHandler
                0x080003e8                TIM4_IRQHandler
                0x080003e8                I2C1_EV_IRQHandler
                0x080003e8                DMA1_Stream6_IRQHandler
                0x080003e8                DMA1_Stream1_IRQHandler
                0x080003e8                UART4_IRQHandler
                0x080003e8                TIM3_IRQHandler
                0x080003e8                RCC_IRQHandler
                0x080003e8                Default_Handler
                0x080003e8                EXTI15_10_IRQHandler
                0x080003e8                ADC_IRQHandler
                0x080003e8                DMA1_Stream7_IRQHandler
                0x080003e8                TIM7_IRQHandler
                0x080003e8                CAN2_TX_IRQHandler
                0x080003e8                TIM5_IRQHandler
                0x080003e8                DMA2_Stream7_IRQHandler
                0x080003e8                I2C3_EV_IRQHandler
                0x080003e8                EXTI9_5_IRQHandler
                0x080003e8                RTC_WKUP_IRQHandler
                0x080003e8                ETH_WKUP_IRQHandler
                0x080003e8                SPI2_IRQHandler
                0x080003e8                OTG_HS_EP1_IN_IRQHandler
                0x080003e8                DMA1_Stream0_IRQHandler
                0x080003e8                CAN1_TX_IRQHandler
                0x080003e8                EXTI4_IRQHandler
                0x080003e8                ETH_IRQHandler
                0x080003e8                OTG_HS_EP1_OUT_IRQHandler
                0x080003e8                WWDG_IRQHandler
                0x080003e8                TIM2_IRQHandler
                0x080003e8                OTG_FS_WKUP_IRQHandler
                0x080003e8                TIM1_TRG_COM_TIM11_IRQHandler
                0x080003e8                OTG_HS_IRQHandler
                0x080003e8                EXTI1_IRQHandler
                0x080003e8                USART2_IRQHandler
                0x080003e8                I2C2_ER_IRQHandler
                0x080003e8                DMA2_Stream1_IRQHandler
                0x080003e8                CAN1_SCE_IRQHandler
                0x080003e8                FLASH_IRQHandler
                0x080003e8                DMA2_Stream4_IRQHandler
                0x080003e8                USART1_IRQHandler
                0x080003e8                OTG_FS_IRQHandler
                0x080003e8                SPI3_IRQHandler
                0x080003e8                DMA1_Stream4_IRQHandler
                0x080003e8                I2C1_ER_IRQHandler
                0x080003e8                FMC_IRQHandler
                0x080003e8                DMA2_Stream6_IRQHandler
                0x080003e8                DMA1_Stream3_IRQHandler

.inits          0x080003ec       0x28
                0x080003ec                __data_regions_array_start = .
                0x080003ec        0x4 LONG 0x80057f0 LOADADDR (.data)
                0x080003f0        0x4 LONG 0x20000000 ADDR (.data)
                0x080003f4        0x4 LONG 0x200003b8 (ADDR (.data) + SIZEOF (.data))
                0x080003f8        0x4 LONG 0x80057f0 LOADADDR (.data_CCMRAM)
                0x080003fc        0x4 LONG 0x10000000 ADDR (.data_CCMRAM)
                0x08000400        0x4 LONG 0x10000000 (ADDR (.data_CCMRAM) + SIZEOF (.data_CCMRAM))
                0x08000404                __data_regions_array_end = .
                0x08000404                __bss_regions_array_start = .
                0x08000404        0x4 LONG 0x200003b8 ADDR (.bss)
                0x08000408        0x4 LONG 0x200004b8 (ADDR (.bss) + SIZEOF (.bss))
                0x0800040c        0x4 LONG 0x10000000 ADDR (.bss_CCMRAM)
                0x08000410        0x4 LONG 0x10000000 (ADDR (.bss_CCMRAM) + SIZEOF (.bss_CCMRAM))
                0x08000414                __bss_regions_array_end = .
 *(.init)
 *(.fini)
                0x08000414                . = ALIGN (0x4)
                0x08000414                PROVIDE (__preinit_array_start, .)
 *(.preinit_array_sysinit .preinit_array_sysinit.*)
 *(.preinit_array_platform .preinit_array_platform.*)
 *(.preinit_array .preinit_array.*)
                0x08000414                PROVIDE (__preinit_array_end, .)
                0x08000414                . = ALIGN (0x4)
                0x08000414                PROVIDE (__init_array_start, .)
 *(SORT(.init_array.*))
 *(.init_array)
                0x08000414                PROVIDE (__init_array_end, .)
                0x08000414                . = ALIGN (0x4)
                0x08000414                PROVIDE (__fini_array_start, .)
 *(SORT(.fini_array.*))
 *(.fini_array)
                0x08000414                PROVIDE (__fini_array_end, .)

.flashtext
 *(.flashtext .flashtext.*)

.text           0x08000420     0x53c8
 *(.text .text.*)
 .text.HAL_InitTick
                0x08000420       0x2c ./system/src/stm32f4-hal/stm32f4xx_hal.o
                0x08000420                HAL_InitTick
 .text.HAL_Init
                0x0800044c       0x34 ./system/src/stm32f4-hal/stm32f4xx_hal.o
                0x0800044c                HAL_Init
 .text.HAL_GetTick
                0x08000480        0xc ./system/src/stm32f4-hal/stm32f4xx_hal.o
                0x08000480                HAL_GetTick
 .text.HAL_NVIC_SetPriorityGrouping
                0x0800048c       0x3c ./system/src/stm32f4-hal/stm32f4xx_hal_cortex.o
                0x0800048c                HAL_NVIC_SetPriorityGrouping
 .text.HAL_NVIC_SetPriority
                0x080004c8       0x84 ./system/src/stm32f4-hal/stm32f4xx_hal_cortex.o
                0x080004c8                HAL_NVIC_SetPriority
 .text.HAL_NVIC_EnableIRQ
                0x0800054c       0x2c ./system/src/stm32f4-hal/stm32f4xx_hal_cortex.o
                0x0800054c                HAL_NVIC_EnableIRQ
 .text.HAL_SYSTICK_Config
                0x08000578       0x2c ./system/src/stm32f4-hal/stm32f4xx_hal_cortex.o
                0x08000578                HAL_SYSTICK_Config
 .text.HAL_NVIC_ClearPendingIRQ
                0x080005a4       0x30 ./system/src/stm32f4-hal/stm32f4xx_hal_cortex.o
                0x080005a4                HAL_NVIC_ClearPendingIRQ
 .text.HAL_SYSTICK_CLKSourceConfig
                0x080005d4       0x38 ./system/src/stm32f4-hal/stm32f4xx_hal_cortex.o
                0x080005d4                HAL_SYSTICK_CLKSourceConfig
 .text.HAL_RCC_OscConfig
                0x0800060c      0x448 ./system/src/stm32f4-hal/stm32f4xx_hal_rcc.o
                0x0800060c                HAL_RCC_OscConfig
 .text.HAL_RCC_GetSysClockFreq
                0x08000a54       0xa0 ./system/src/stm32f4-hal/stm32f4xx_hal_rcc.o
                0x08000a54                HAL_RCC_GetSysClockFreq
 .text.HAL_RCC_ClockConfig
                0x08000af4      0x264 ./system/src/stm32f4-hal/stm32f4xx_hal_rcc.o
                0x08000af4                HAL_RCC_ClockConfig
 .text.HAL_RCC_GetHCLKFreq
                0x08000d58        0xc ./system/src/stm32f4-hal/stm32f4xx_hal_rcc.o
                0x08000d58                HAL_RCC_GetHCLKFreq
 .text._exit    0x08000d64        0x4 ./system/src/newlib/_exit.o
                0x08000d64                _exit
 .text.abort    0x08000d68       0x14 ./system/src/newlib/_exit.o
                0x08000d68                abort
 .text._sbrk    0x08000d7c       0x44 ./system/src/newlib/_sbrk.o
                0x08000d7c                _sbrk
 .text.__initialize_args
                0x08000dc0       0x10 ./system/src/newlib/_syscalls.o
                0x08000dc0                __initialize_args
 .text.assert_failed
                0x08000dd0       0x14 ./system/src/newlib/assert.o
                0x08000dd0                assert_failed
 .text.trace_printf
                0x08000de4       0x30 ./system/src/diag/Trace.o
                0x08000de4                trace_printf
 .text.trace_puts
                0x08000e14       0x20 ./system/src/diag/Trace.o
                0x08000e14                trace_puts
 .text._trace_write_semihosting_debug
                0x08000e34       0x64 ./system/src/diag/trace_impl.o
 .text.trace_write
                0x08000e98        0x8 ./system/src/diag/trace_impl.o
                0x08000e98                trace_write
 .text.__initialize_hardware_early
                0x08000ea0       0x18 ./system/src/cortexm/_initialize_hardware.o
                0x08000ea0                __initialize_hardware_early
 .text.dumpExceptionStack
                0x08000eb8       0xf0 ./system/src/cortexm/exception_handlers.o
                0x08000eb8                dumpExceptionStack
 .text.isSemihosting
                0x08000fa8       0x20 ./system/src/cortexm/exception_handlers.o
                0x08000fa8                isSemihosting
 .text.SystemInit
                0x08000fc8       0x40 ./system/src/cmsis/system_stm32f4xx.o
                0x08000fc8                SystemInit
 .text.SystemCoreClockUpdate
                0x08001008       0xa0 ./system/src/cmsis/system_stm32f4xx.o
                0x08001008                SystemCoreClockUpdate
 .text.Extruder_SetFeedRate
                0x080010a8       0x7c ./src/Extruder.o
                0x080010a8                Extruder_SetFeedRate
 *fill*         0x08001124        0x4 
 .text.Extruder_SetMaterialLength
                0x08001128       0x98 ./src/Extruder.o
                0x08001128                Extruder_SetMaterialLength
 .text.Gpio_Init
                0x080011c0      0x13c ./src/Gpio.o
                0x080011c0                Gpio_Init
 .text.Gpio_WritePin
                0x080012fc       0x64 ./src/Gpio.o
                0x080012fc                Gpio_WritePin
 .text.Rcc_AHB1_PeriClockStatus
                0x08001360       0x7c ./src/Rcc.o
                0x08001360                Rcc_AHB1_PeriClockStatus
 .text.Rcc_APB1_PeriClockStatus
                0x080013dc       0x7c ./src/Rcc.o
                0x080013dc                Rcc_APB1_PeriClockStatus
 .text.Stepper_TimerPwmInit
                0x08001458       0x5c ./src/Stepper.o
 .text.Stepper_TimerBaseInit
                0x080014b4       0x5c ./src/Stepper.o
 .text.Stepper_TimerBaseStop_INT
                0x08001510       0x20 ./src/Stepper.o
 .text.Stepper_Init
                0x08001530       0xa4 ./src/Stepper.o
                0x08001530                Stepper_Init
 .text.Stepper_StepsTime
                0x080015d4       0x6c ./src/Stepper.o
                0x080015d4                Stepper_StepsTime
 .text.Stepper_SetSpeed
                0x08001640       0x84 ./src/Stepper.o
                0x08001640                Stepper_SetSpeed
 .text.Stepper_SetDirection
                0x080016c4       0x1c ./src/Stepper.o
                0x080016c4                Stepper_SetDirection
 .text.Stepper_SetStatus
                0x080016e0       0x1c ./src/Stepper.o
                0x080016e0                Stepper_SetStatus
 .text.TIM8_BRK_TIM12_IRQHandler
                0x080016fc       0x68 ./src/Stepper.o
                0x080016fc                TIM8_BRK_TIM12_IRQHandler
 .text.SystemClock_Config
                0x08001764       0x9c ./src/_initialize_hardware.o
                0x08001764                SystemClock_Config
 .text.__initialize_hardware
                0x08001800       0x10 ./src/_initialize_hardware.o
                0x08001800                __initialize_hardware
 .text.main     0x08001810       0x44 ./src/main.o
                0x08001810                main
 .text.HAL_MspInit
                0x08001854        0x4 ./src/stm32f4xx_hal_msp.o
                0x08001854                HAL_MspInit
 .text.TIM_OC1_SetConfig
                0x08001858       0x68 ./src/stm32f4xx_hal_tim.o
 .text.TIM_OC3_SetConfig
                0x080018c0       0xb4 ./src/stm32f4xx_hal_tim.o
 .text.TIM_OC4_SetConfig
                0x08001974       0x7c ./src/stm32f4xx_hal_tim.o
 .text.HAL_TIM_Base_MspInit
                0x080019f0        0x4 ./src/stm32f4xx_hal_tim.o
                0x080019f0                HAL_TIM_Base_MspInit
 .text.HAL_TIM_Base_Start_IT
                0x080019f4       0x9c ./src/stm32f4xx_hal_tim.o
                0x080019f4                HAL_TIM_Base_Start_IT
 .text.HAL_TIM_Base_Stop_IT
                0x08001a90       0xb0 ./src/stm32f4xx_hal_tim.o
                0x08001a90                HAL_TIM_Base_Stop_IT
 .text.HAL_TIM_PWM_MspInit
                0x08001b40        0x4 ./src/stm32f4xx_hal_tim.o
                0x08001b40                HAL_TIM_PWM_MspInit
 .text.TIM_Base_SetConfig
                0x08001b44      0x11c ./src/stm32f4xx_hal_tim.o
                0x08001b44                TIM_Base_SetConfig
 .text.HAL_TIM_Base_Init
                0x08001c60       0xec ./src/stm32f4xx_hal_tim.o
                0x08001c60                HAL_TIM_Base_Init
 .text.HAL_TIM_PWM_Init
                0x08001d4c       0xf4 ./src/stm32f4xx_hal_tim.o
                0x08001d4c                HAL_TIM_PWM_Init
 .text.TIM_OC2_SetConfig
                0x08001e40       0x90 ./src/stm32f4xx_hal_tim.o
                0x08001e40                TIM_OC2_SetConfig
 .text.HAL_TIM_PWM_ConfigChannel
                0x08001ed0      0x274 ./src/stm32f4xx_hal_tim.o
                0x08001ed0                HAL_TIM_PWM_ConfigChannel
 .text.TIM_CCxChannelCmd
                0x08002144       0xac ./src/stm32f4xx_hal_tim.o
                0x08002144                TIM_CCxChannelCmd
 .text.HAL_TIM_PWM_Start
                0x080021f0       0xe0 ./src/stm32f4xx_hal_tim.o
                0x080021f0                HAL_TIM_PWM_Start
 .text.HAL_TIM_PWM_Stop
                0x080022d0      0x110 ./src/stm32f4xx_hal_tim.o
                0x080022d0                HAL_TIM_PWM_Stop
 .text          0x080023e0       0x30 d:/iti/embedded arm/discovery/tools/arm gcc/bin/../lib/gcc/arm-none-eabi/5.4.1/armv7e-m\libgcc.a(_aeabi_uldivmod.o)
                0x080023e0                __aeabi_uldivmod
 .text          0x08002410      0x2e4 d:/iti/embedded arm/discovery/tools/arm gcc/bin/../lib/gcc/arm-none-eabi/5.4.1/armv7e-m\libgcc.a(_udivmoddi4.o)
                0x08002410                __udivmoddi4
 .text          0x080026f4        0x4 d:/iti/embedded arm/discovery/tools/arm gcc/bin/../lib/gcc/arm-none-eabi/5.4.1/armv7e-m\libgcc.a(_dvmd_tls.o)
                0x080026f4                __aeabi_idiv0
                0x080026f4                __aeabi_ldiv0
 .text.__errno  0x080026f8        0xc d:/iti/embedded arm/discovery/tools/arm gcc/bin/../lib/gcc/arm-none-eabi/5.4.1/../../../../arm-none-eabi/lib/armv7e-m\libg_nano.a(lib_a-errno.o)
                0x080026f8                __errno
 .text.__cvt    0x08002704       0xbe d:/iti/embedded arm/discovery/tools/arm gcc/bin/../lib/gcc/arm-none-eabi/5.4.1/../../../../arm-none-eabi/lib/armv7e-m\libg_nano.a(lib_a-nano-vfprintf_float.o)
                0x08002704                __cvt
 .text.__exponent
                0x080027c2       0x60 d:/iti/embedded arm/discovery/tools/arm gcc/bin/../lib/gcc/arm-none-eabi/5.4.1/../../../../arm-none-eabi/lib/armv7e-m\libg_nano.a(lib_a-nano-vfprintf_float.o)
                0x080027c2                __exponent
 *fill*         0x08002822        0x2 
 .text._printf_float
                0x08002824      0x488 d:/iti/embedded arm/discovery/tools/arm gcc/bin/../lib/gcc/arm-none-eabi/5.4.1/../../../../arm-none-eabi/lib/armv7e-m\libg_nano.a(lib_a-nano-vfprintf_float.o)
                0x08002824                _printf_float
 .text._printf_common
                0x08002cac       0xec d:/iti/embedded arm/discovery/tools/arm gcc/bin/../lib/gcc/arm-none-eabi/5.4.1/../../../../arm-none-eabi/lib/armv7e-m\libg_nano.a(lib_a-nano-vfprintf_i.o)
                0x08002cac                _printf_common
 .text._printf_i
                0x08002d98      0x24c d:/iti/embedded arm/discovery/tools/arm gcc/bin/../lib/gcc/arm-none-eabi/5.4.1/../../../../arm-none-eabi/lib/armv7e-m\libg_nano.a(lib_a-nano-vfprintf_i.o)
                0x08002d98                _printf_i
 .text          0x08002fe4       0x10 d:/iti/embedded arm/discovery/tools/arm gcc/bin/../lib/gcc/arm-none-eabi/5.4.1/../../../../arm-none-eabi/lib/armv7e-m\libg_nano.a(lib_a-strlen.o)
                0x08002fe4                strlen
 .text._vsnprintf_r
                0x08002ff4       0x56 d:/iti/embedded arm/discovery/tools/arm gcc/bin/../lib/gcc/arm-none-eabi/5.4.1/../../../../arm-none-eabi/lib/armv7e-m\libg_nano.a(lib_a-vsnprintf.o)
                0x08002ff4                _vsniprintf_r
                0x08002ff4                _vsnprintf_r
 *fill*         0x0800304a        0x2 
 .text.vsnprintf
                0x0800304c       0x1c d:/iti/embedded arm/discovery/tools/arm gcc/bin/../lib/gcc/arm-none-eabi/5.4.1/../../../../arm-none-eabi/lib/armv7e-m\libg_nano.a(lib_a-vsnprintf.o)
                0x0800304c                vsniprintf
                0x0800304c                vsnprintf
 .text.quorem   0x08003068      0x11e d:/iti/embedded arm/discovery/tools/arm gcc/bin/../lib/gcc/arm-none-eabi/5.4.1/../../../../arm-none-eabi/lib/armv7e-m\libg_nano.a(lib_a-dtoa.o)
 *fill*         0x08003186        0x2 
 .text._dtoa_r  0x08003188      0xb38 d:/iti/embedded arm/discovery/tools/arm gcc/bin/../lib/gcc/arm-none-eabi/5.4.1/../../../../arm-none-eabi/lib/armv7e-m\libg_nano.a(lib_a-dtoa.o)
                0x08003188                _dtoa_r
 .text._localeconv_r
                0x08003cc0       0x1c d:/iti/embedded arm/discovery/tools/arm gcc/bin/../lib/gcc/arm-none-eabi/5.4.1/../../../../arm-none-eabi/lib/armv7e-m\libg_nano.a(lib_a-localeconv.o)
                0x08003cc0                _localeconv_r
 .text.malloc   0x08003cdc       0x10 d:/iti/embedded arm/discovery/tools/arm gcc/bin/../lib/gcc/arm-none-eabi/5.4.1/../../../../arm-none-eabi/lib/armv7e-m\libg_nano.a(lib_a-malloc.o)
                0x08003cdc                malloc
 *fill*         0x08003cec        0x4 
 .text          0x08003cf0       0xa0 d:/iti/embedded arm/discovery/tools/arm gcc/bin/../lib/gcc/arm-none-eabi/5.4.1/../../../../arm-none-eabi/lib/armv7e-m\libg_nano.a(lib_a-memchr.o)
                0x08003cf0                memchr
 .text.memcpy   0x08003d90       0x16 d:/iti/embedded arm/discovery/tools/arm gcc/bin/../lib/gcc/arm-none-eabi/5.4.1/../../../../arm-none-eabi/lib/armv7e-m\libg_nano.a(lib_a-memcpy-stub.o)
                0x08003d90                memcpy
 .text._Balloc  0x08003da6       0x6a d:/iti/embedded arm/discovery/tools/arm gcc/bin/../lib/gcc/arm-none-eabi/5.4.1/../../../../arm-none-eabi/lib/armv7e-m\libg_nano.a(lib_a-mprec.o)
                0x08003da6                _Balloc
 .text._Bfree   0x08003e10       0x2e d:/iti/embedded arm/discovery/tools/arm gcc/bin/../lib/gcc/arm-none-eabi/5.4.1/../../../../arm-none-eabi/lib/armv7e-m\libg_nano.a(lib_a-mprec.o)
                0x08003e10                _Bfree
 .text.__multadd
                0x08003e3e       0x76 d:/iti/embedded arm/discovery/tools/arm gcc/bin/../lib/gcc/arm-none-eabi/5.4.1/../../../../arm-none-eabi/lib/armv7e-m\libg_nano.a(lib_a-mprec.o)
                0x08003e3e                __multadd
 .text.__hi0bits
                0x08003eb4       0x40 d:/iti/embedded arm/discovery/tools/arm gcc/bin/../lib/gcc/arm-none-eabi/5.4.1/../../../../arm-none-eabi/lib/armv7e-m\libg_nano.a(lib_a-mprec.o)
                0x08003eb4                __hi0bits
 .text.__lo0bits
                0x08003ef4       0x5a d:/iti/embedded arm/discovery/tools/arm gcc/bin/../lib/gcc/arm-none-eabi/5.4.1/../../../../arm-none-eabi/lib/armv7e-m\libg_nano.a(lib_a-mprec.o)
                0x08003ef4                __lo0bits
 .text.__i2b    0x08003f4e       0x12 d:/iti/embedded arm/discovery/tools/arm gcc/bin/../lib/gcc/arm-none-eabi/5.4.1/../../../../arm-none-eabi/lib/armv7e-m\libg_nano.a(lib_a-mprec.o)
                0x08003f4e                __i2b
 .text.__multiply
                0x08003f60      0x122 d:/iti/embedded arm/discovery/tools/arm gcc/bin/../lib/gcc/arm-none-eabi/5.4.1/../../../../arm-none-eabi/lib/armv7e-m\libg_nano.a(lib_a-mprec.o)
                0x08003f60                __multiply
 *fill*         0x08004082        0x2 
 .text.__pow5mult
                0x08004084       0x9c d:/iti/embedded arm/discovery/tools/arm gcc/bin/../lib/gcc/arm-none-eabi/5.4.1/../../../../arm-none-eabi/lib/armv7e-m\libg_nano.a(lib_a-mprec.o)
                0x08004084                __pow5mult
 .text.__lshift
                0x08004120       0xa2 d:/iti/embedded arm/discovery/tools/arm gcc/bin/../lib/gcc/arm-none-eabi/5.4.1/../../../../arm-none-eabi/lib/armv7e-m\libg_nano.a(lib_a-mprec.o)
                0x08004120                __lshift
 .text.__mcmp   0x080041c2       0x38 d:/iti/embedded arm/discovery/tools/arm gcc/bin/../lib/gcc/arm-none-eabi/5.4.1/../../../../arm-none-eabi/lib/armv7e-m\libg_nano.a(lib_a-mprec.o)
                0x080041c2                __mcmp
 .text.__mdiff  0x080041fa       0xbe d:/iti/embedded arm/discovery/tools/arm gcc/bin/../lib/gcc/arm-none-eabi/5.4.1/../../../../arm-none-eabi/lib/armv7e-m\libg_nano.a(lib_a-mprec.o)
                0x080041fa                __mdiff
 .text.__d2b    0x080042b8       0x9c d:/iti/embedded arm/discovery/tools/arm gcc/bin/../lib/gcc/arm-none-eabi/5.4.1/../../../../arm-none-eabi/lib/armv7e-m\libg_nano.a(lib_a-mprec.o)
                0x080042b8                __d2b
 .text._calloc_r
                0x08004354       0x1c d:/iti/embedded arm/discovery/tools/arm gcc/bin/../lib/gcc/arm-none-eabi/5.4.1/../../../../arm-none-eabi/lib/armv7e-m\libg_nano.a(lib_a-nano-callocr.o)
                0x08004354                _calloc_r
 .text._free_r  0x08004370       0x9c d:/iti/embedded arm/discovery/tools/arm gcc/bin/../lib/gcc/arm-none-eabi/5.4.1/../../../../arm-none-eabi/lib/armv7e-m\libg_nano.a(lib_a-nano-freer.o)
                0x08004370                _free_r
 .text._malloc_r
                0x0800440c       0xbc d:/iti/embedded arm/discovery/tools/arm gcc/bin/../lib/gcc/arm-none-eabi/5.4.1/../../../../arm-none-eabi/lib/armv7e-m\libg_nano.a(lib_a-nano-mallocr.o)
                0x0800440c                _malloc_r
 .text.__ssputs_r
                0x080044c8       0xb2 d:/iti/embedded arm/discovery/tools/arm gcc/bin/../lib/gcc/arm-none-eabi/5.4.1/../../../../arm-none-eabi/lib/armv7e-m\libg_nano.a(lib_a-nano-svfprintf.o)
                0x080044c8                __ssputs_r
 *fill*         0x0800457a        0x2 
 .text._svfprintf_r
                0x0800457c      0x1e8 d:/iti/embedded arm/discovery/tools/arm gcc/bin/../lib/gcc/arm-none-eabi/5.4.1/../../../../arm-none-eabi/lib/armv7e-m\libg_nano.a(lib_a-nano-svfprintf.o)
                0x0800457c                _svfiprintf_r
                0x0800457c                _svfprintf_r
 .text._sbrk_r  0x08004764       0x20 d:/iti/embedded arm/discovery/tools/arm gcc/bin/../lib/gcc/arm-none-eabi/5.4.1/../../../../arm-none-eabi/lib/armv7e-m\libg_nano.a(lib_a-sbrkr.o)
                0x08004764                _sbrk_r
 .text.__ascii_mbtowc
                0x08004784       0x24 d:/iti/embedded arm/discovery/tools/arm gcc/bin/../lib/gcc/arm-none-eabi/5.4.1/../../../../arm-none-eabi/lib/armv7e-m\libg_nano.a(lib_a-mbtowc_r.o)
                0x08004784                __ascii_mbtowc
 .text.memmove  0x080047a8       0x36 d:/iti/embedded arm/discovery/tools/arm gcc/bin/../lib/gcc/arm-none-eabi/5.4.1/../../../../arm-none-eabi/lib/armv7e-m\libg_nano.a(lib_a-memmove.o)
                0x080047a8                memmove
 .text.memset   0x080047de       0x10 d:/iti/embedded arm/discovery/tools/arm gcc/bin/../lib/gcc/arm-none-eabi/5.4.1/../../../../arm-none-eabi/lib/armv7e-m\libg_nano.a(lib_a-memset.o)
                0x080047de                memset
 .text.__malloc_lock
                0x080047ee        0x2 d:/iti/embedded arm/discovery/tools/arm gcc/bin/../lib/gcc/arm-none-eabi/5.4.1/../../../../arm-none-eabi/lib/armv7e-m\libg_nano.a(lib_a-mlock.o)
                0x080047ee                __malloc_lock
 .text.__malloc_unlock
                0x080047f0        0x2 d:/iti/embedded arm/discovery/tools/arm gcc/bin/../lib/gcc/arm-none-eabi/5.4.1/../../../../arm-none-eabi/lib/armv7e-m\libg_nano.a(lib_a-mlock.o)
                0x080047f0                __malloc_unlock
 .text._realloc_r
                0x080047f2       0x4c d:/iti/embedded arm/discovery/tools/arm gcc/bin/../lib/gcc/arm-none-eabi/5.4.1/../../../../arm-none-eabi/lib/armv7e-m\libg_nano.a(lib_a-nano-reallocr.o)
                0x080047f2                _realloc_r
 .text.__ascii_wctomb
                0x0800483e       0x1a d:/iti/embedded arm/discovery/tools/arm gcc/bin/../lib/gcc/arm-none-eabi/5.4.1/../../../../arm-none-eabi/lib/armv7e-m\libg_nano.a(lib_a-wctomb_r.o)
                0x0800483e                __ascii_wctomb
 .text._malloc_usable_size_r
                0x08004858       0x14 d:/iti/embedded arm/discovery/tools/arm gcc/bin/../lib/gcc/arm-none-eabi/5.4.1/../../../../arm-none-eabi/lib/armv7e-m\libg_nano.a(lib_a-nano-msizer.o)
                0x08004858                _malloc_usable_size_r
 .text          0x0800486c      0x370 d:/iti/embedded arm/discovery/tools/arm gcc/bin/../lib/gcc/arm-none-eabi/5.4.1/armv7e-m\libgcc.a(_arm_addsubdf3.o)
                0x0800486c                __aeabi_drsub
                0x08004874                __aeabi_dsub
                0x08004874                __subdf3
                0x08004878                __aeabi_dadd
                0x08004878                __adddf3
                0x08004af0                __floatunsidf
                0x08004af0                __aeabi_ui2d
                0x08004b10                __floatsidf
                0x08004b10                __aeabi_i2d
                0x08004b34                __aeabi_f2d
                0x08004b34                __extendsfdf2
                0x08004b70                __floatundidf
                0x08004b70                __aeabi_ul2d
                0x08004b80                __floatdidf
                0x08004b80                __aeabi_l2d
 .text          0x08004bdc      0x424 d:/iti/embedded arm/discovery/tools/arm gcc/bin/../lib/gcc/arm-none-eabi/5.4.1/armv7e-m\libgcc.a(_arm_muldivdf3.o)
                0x08004bdc                __aeabi_dmul
                0x08004bdc                __muldf3
                0x08004e30                __divdf3
                0x08004e30                __aeabi_ddiv
 .text          0x08005000      0x110 d:/iti/embedded arm/discovery/tools/arm gcc/bin/../lib/gcc/arm-none-eabi/5.4.1/armv7e-m\libgcc.a(_arm_cmpdf2.o)
                0x08005000                __gtdf2
                0x08005000                __gedf2
                0x08005008                __ltdf2
                0x08005008                __ledf2
                0x08005010                __nedf2
                0x08005010                __eqdf2
                0x08005010                __cmpdf2
                0x0800508c                __aeabi_cdrcmple
                0x0800509c                __aeabi_cdcmpeq
                0x0800509c                __aeabi_cdcmple
                0x080050ac                __aeabi_dcmpeq
                0x080050c0                __aeabi_dcmplt
                0x080050d4                __aeabi_dcmple
                0x080050e8                __aeabi_dcmpge
                0x080050fc                __aeabi_dcmpgt
 .text          0x08005110       0x2c d:/iti/embedded arm/discovery/tools/arm gcc/bin/../lib/gcc/arm-none-eabi/5.4.1/armv7e-m\libgcc.a(_arm_unorddf2.o)
                0x08005110                __unorddf2
                0x08005110                __aeabi_dcmpun
 .text          0x0800513c       0x50 d:/iti/embedded arm/discovery/tools/arm gcc/bin/../lib/gcc/arm-none-eabi/5.4.1/armv7e-m\libgcc.a(_arm_fixdfsi.o)
                0x0800513c                __aeabi_d2iz
                0x0800513c                __fixdfsi
 *(.rodata .rodata.* .constdata .constdata.*)
 .rodata.str1.4
                0x0800518c       0x31 ./system/src/stm32f4-hal/stm32f4xx_hal_cortex.o
 *fill*         0x080051bd        0x3 
 .rodata.APBAHBPrescTable
                0x080051c0       0x10 ./system/src/stm32f4-hal/stm32f4xx_hal_rcc.o
                0x080051c0                APBAHBPrescTable
 .rodata.str1.4
                0x080051d0       0x2e ./system/src/stm32f4-hal/stm32f4xx_hal_rcc.o
 *fill*         0x080051fe        0x2 
 .rodata.str1.4
                0x08005200       0x14 ./system/src/newlib/_exit.o
 .rodata.str1.4
                0x08005214       0x6b ./system/src/newlib/assert.o
                                 0x6f (size before relaxing)
 *fill*         0x0800527f        0x1 
 .rodata.str1.4
                0x08005280       0x29 ./system/src/diag/Trace.o
                                 0x2d (size before relaxing)
 *fill*         0x080052a9        0x3 
 .rodata.str1.4
                0x080052ac      0x146 ./system/src/cortexm/exception_handlers.o
 *fill*         0x080053f2        0x2 
 .rodata.AHBPrescTable
                0x080053f4       0x10 ./system/src/cmsis/system_stm32f4xx.o
                0x080053f4                AHBPrescTable
 .rodata.str1.4
                0x08005404       0x87 ./src/Extruder.o
 *fill*         0x0800548b        0x1 
 .rodata.str1.4
                0x0800548c       0xe0 ./src/Stepper.o
 .rodata.str1.4
                0x0800556c       0x1c ./src/stm32f4xx_hal_tim.o
                                 0x1b (size before relaxing)
 .rodata.str1.1
                0x08005588       0x12 d:/iti/embedded arm/discovery/tools/arm gcc/bin/../lib/gcc/arm-none-eabi/5.4.1/../../../../arm-none-eabi/lib/armv7e-m\libg_nano.a(lib_a-nano-vfprintf_float.o)
 .rodata.str1.1
                0x0800559a       0x22 d:/iti/embedded arm/discovery/tools/arm gcc/bin/../lib/gcc/arm-none-eabi/5.4.1/../../../../arm-none-eabi/lib/armv7e-m\libg_nano.a(lib_a-nano-vfprintf_i.o)
 .rodata.str1.1
                0x080055bc        0xd d:/iti/embedded arm/discovery/tools/arm gcc/bin/../lib/gcc/arm-none-eabi/5.4.1/../../../../arm-none-eabi/lib/armv7e-m\libg_nano.a(lib_a-dtoa.o)
                                  0xf (size before relaxing)
 *fill*         0x080055c9        0x7 
 .rodata.__mprec_tens
                0x080055d0       0xc8 d:/iti/embedded arm/discovery/tools/arm gcc/bin/../lib/gcc/arm-none-eabi/5.4.1/../../../../arm-none-eabi/lib/armv7e-m\libg_nano.a(lib_a-mprec.o)
                0x080055d0                __mprec_tens
 .rodata.__mprec_bigtens
                0x08005698       0x28 d:/iti/embedded arm/discovery/tools/arm gcc/bin/../lib/gcc/arm-none-eabi/5.4.1/../../../../arm-none-eabi/lib/armv7e-m\libg_nano.a(lib_a-mprec.o)
                0x08005698                __mprec_bigtens
 .rodata.p05.6097
                0x080056c0        0xc d:/iti/embedded arm/discovery/tools/arm gcc/bin/../lib/gcc/arm-none-eabi/5.4.1/../../../../arm-none-eabi/lib/armv7e-m\libg_nano.a(lib_a-mprec.o)
 .rodata.str1.1
                0x080056cc       0x11 d:/iti/embedded arm/discovery/tools/arm gcc/bin/../lib/gcc/arm-none-eabi/5.4.1/../../../../arm-none-eabi/lib/armv7e-m\libg_nano.a(lib_a-nano-svfprintf.o)
 .rodata.str1.1
                0x080056dd        0xa d:/iti/embedded arm/discovery/tools/arm gcc/bin/../lib/gcc/arm-none-eabi/5.4.1/../../../../arm-none-eabi/lib/armv7e-m\libg_nano.a(lib_a-locale.o)
                                  0xb (size before relaxing)
 .rodata._ctype_
                0x080056e7      0x101 d:/iti/embedded arm/discovery/tools/arm gcc/bin/../lib/gcc/arm-none-eabi/5.4.1/../../../../arm-none-eabi/lib/armv7e-m\libg_nano.a(lib_a-ctype_.o)
                0x080056e7                _ctype_
 *(vtable)
 *(.eh_frame*)
 *(.glue_7)
 .glue_7        0x080057e8        0x0 linker stubs
 *(.glue_7t)
 .glue_7t       0x080057e8        0x0 linker stubs

.vfp11_veneer   0x080057e8        0x0
 .vfp11_veneer  0x080057e8        0x0 linker stubs

.v4_bx          0x080057e8        0x0
 .v4_bx         0x080057e8        0x0 linker stubs

.iplt           0x080057e8        0x0
 .iplt          0x080057e8        0x0 ./system/src/stm32f4-hal/stm32f4xx_hal.o

.ARM.extab
 *(.ARM.extab* .gnu.linkonce.armextab.*)
                0x080057e8                . = ALIGN (0x4)
                0x080057e8                __exidx_start = .

.ARM.exidx      0x080057e8        0x8
 *(.ARM.exidx* .gnu.linkonce.armexidx.*)
 .ARM.exidx     0x080057e8        0x8 d:/iti/embedded arm/discovery/tools/arm gcc/bin/../lib/gcc/arm-none-eabi/5.4.1/armv7e-m\libgcc.a(_udivmoddi4.o)
                0x080057f0                __exidx_end = .

.rel.dyn        0x080057f0        0x0
 .rel.iplt      0x080057f0        0x0 ./system/src/stm32f4-hal/stm32f4xx_hal.o
                0x080057f0                . = ALIGN (0x4)
                0x080057f0                _etext = .
                0x080057f0                __etext = .

.data_CCMRAM    0x10000000        0x0 load address 0x080057f0
 FILL mask 0xff
 *(.data.CCMRAM .data.CCMRAM.*)
                0x10000000                . = ALIGN (0x4)
                0x080057f0                _sidata = LOADADDR (.data)

.data           0x20000000      0x3b8 load address 0x080057f0
 FILL mask 0xff
                0x20000000                _sdata = .
                0x20000000                __data_start__ = .
 *(.data_begin .data_begin.*)
 .data_begin    0x20000000        0x4 ./system/src/newlib/_startup.o
 *(.data .data.*)
 .data.argv.4290
                0x20000004        0x8 ./system/src/newlib/_syscalls.o
 .data.SystemCoreClock
                0x2000000c        0x4 ./system/src/cmsis/system_stm32f4xx.o
                0x2000000c                SystemCoreClock
 .data.Stepper_Gpio
                0x20000010       0x28 ./src/Stepper.o
                0x20000010                Stepper_Gpio
 .data.Stepper_TimerPwm
                0x20000038       0x20 ./src/Stepper.o
                0x20000038                Stepper_TimerPwm
 .data.StepperFrequencyPeriodTicks
                0x20000058        0x4 ./src/Stepper.o
                0x20000058                StepperFrequencyPeriodTicks
 .data.Steppercfg
                0x2000005c       0xa8 ./src/Stepper_cfg.o
                0x2000005c                Steppercfg
 .data.StepperChannelcfg
                0x20000104       0xe0 ./src/Stepper_cfg.o
                0x20000104                StepperChannelcfg
 .data.impure_data
                0x200001e4       0x60 d:/iti/embedded arm/discovery/tools/arm gcc/bin/../lib/gcc/arm-none-eabi/5.4.1/../../../../arm-none-eabi/lib/armv7e-m\libg_nano.a(lib_a-impure.o)
 .data._impure_ptr
                0x20000244        0x4 d:/iti/embedded arm/discovery/tools/arm gcc/bin/../lib/gcc/arm-none-eabi/5.4.1/../../../../arm-none-eabi/lib/armv7e-m\libg_nano.a(lib_a-impure.o)
                0x20000244                _impure_ptr
 .data.__global_locale
                0x20000248      0x16c d:/iti/embedded arm/discovery/tools/arm gcc/bin/../lib/gcc/arm-none-eabi/5.4.1/../../../../arm-none-eabi/lib/armv7e-m\libg_nano.a(lib_a-locale.o)
                0x20000248                __global_locale
 *(.data_end .data_end.*)
 .data_end      0x200003b4        0x4 ./system/src/newlib/_startup.o
                0x200003b8                . = ALIGN (0x4)
                0x200003b8                _edata = .
                0x200003b8                __data_end__ = .

.igot.plt       0x200003b8        0x0 load address 0x08005ba8
 .igot.plt      0x200003b8        0x0 ./system/src/stm32f4-hal/stm32f4xx_hal.o

.bss_CCMRAM     0x10000000        0x0
 *(.bss.CCMRAM .bss.CCMRAM.*)

.bss            0x200003b8      0x100
                0x200003b8                __bss_start__ = .
                0x200003b8                _sbss = .
 *(.bss_begin .bss_begin.*)
 .bss_begin     0x200003b8        0x4 ./system/src/newlib/_startup.o
 *(.bss .bss.*)
 .bss.current_heap_end.3974
                0x200003bc        0x4 ./system/src/newlib/_sbrk.o
 .bss.name.4289
                0x200003c0        0x1 ./system/src/newlib/_syscalls.o
 *fill*         0x200003c1        0x3 
 .bss.buf.5179  0x200003c4       0x80 ./system/src/diag/Trace.o
 .bss.Delay_ns  0x20000444        0x4 ./src/Extruder.o
 .bss.TimerBaseTimerInitConfigs
                0x20000448       0x14 ./src/Stepper.o
 .bss.Stepper_Id
                0x2000045c        0x4 ./src/Stepper.o
 .bss.TimerBasePeriodTicks
                0x20000460        0x4 ./src/Stepper.o
                0x20000460                TimerBasePeriodTicks
 .bss.TimerBaseConfigs
                0x20000464       0x3c ./src/Stepper.o
 .bss.__malloc_sbrk_start
                0x200004a0        0x4 d:/iti/embedded arm/discovery/tools/arm gcc/bin/../lib/gcc/arm-none-eabi/5.4.1/../../../../arm-none-eabi/lib/armv7e-m\libg_nano.a(lib_a-nano-mallocr.o)
                0x200004a0                __malloc_sbrk_start
 .bss.__malloc_free_list
                0x200004a4        0x4 d:/iti/embedded arm/discovery/tools/arm gcc/bin/../lib/gcc/arm-none-eabi/5.4.1/../../../../arm-none-eabi/lib/armv7e-m\libg_nano.a(lib_a-nano-mallocr.o)
                0x200004a4                __malloc_free_list
 *(COMMON)
 COMMON         0x200004a8        0x4 ./system/src/stm32f4-hal/stm32f4xx_hal.o
                0x200004a8                uwTick
 COMMON         0x200004ac        0x4 ./system/src/newlib/_syscalls.o
                0x200004ac                errno
 COMMON         0x200004b0        0x4 ./src/Stepper.o
                0x200004b0                AppNotify
 *(.bss_end .bss_end.*)
 .bss_end       0x200004b4        0x4 ./system/src/newlib/_startup.o
                0x200004b8                . = ALIGN (0x4)
                0x200004b8                __bss_end__ = .
                0x200004b8                _ebss = .

.noinit_CCMRAM
 *(.noinit.CCMRAM .noinit.CCMRAM.*)

.noinit         0x200004b8        0x0
                0x200004b8                _noinit = .
 *(.noinit .noinit.*)
                0x200004b8                . = ALIGN (0x4)
                0x200004b8                _end_noinit = .
                [!provide]                PROVIDE (end, _end_noinit)
                [!provide]                PROVIDE (_end, _end_noinit)
                [!provide]                PROVIDE (__end, _end_noinit)
                [!provide]                PROVIDE (__end__, _end_noinit)

._check_stack   0x200004b8      0x100
                0x200005b8                . = (. + _Minimum_Stack_Size)
 *fill*         0x200004b8      0x100 

.b1text
 *(.b1text)
 *(.b1rodata)
 *(.b1rodata.*)

.eb0text
 *(.eb0text)
 *(.eb0rodata)
 *(.eb0rodata.*)

.eb1text
 *(.eb1text)
 *(.eb1rodata)
 *(.eb1rodata.*)

.eb2text
 *(.eb2text)
 *(.eb2rodata)
 *(.eb2rodata.*)

.eb3text
 *(.eb3text)
 *(.eb3rodata)
 *(.eb3rodata.*)

.stab
 *(.stab)

.stabstr
 *(.stabstr)

.stab.excl
 *(.stab.excl)

.stab.exclstr
 *(.stab.exclstr)

.stab.index
 *(.stab.index)

.stab.indexstr
 *(.stab.indexstr)

.comment        0x00000000       0x6e
 *(.comment)
 .comment       0x00000000       0x6e ./system/src/stm32f4-hal/stm32f4xx_hal.o
                                 0x6f (size before relaxing)
 .comment       0x0000006e       0x6f ./system/src/stm32f4-hal/stm32f4xx_hal_cortex.o
 .comment       0x0000006e       0x6f ./system/src/stm32f4-hal/stm32f4xx_hal_rcc.o
 .comment       0x0000006e       0x6f ./system/src/newlib/_exit.o
 .comment       0x0000006e       0x6f ./system/src/newlib/_sbrk.o
 .comment       0x0000006e       0x6f ./system/src/newlib/_startup.o
 .comment       0x0000006e       0x6f ./system/src/newlib/_syscalls.o
 .comment       0x0000006e       0x6f ./system/src/newlib/assert.o
 .comment       0x0000006e       0x6f ./system/src/diag/Trace.o
 .comment       0x0000006e       0x6f ./system/src/diag/trace_impl.o
 .comment       0x0000006e       0x6f ./system/src/cortexm/_initialize_hardware.o
 .comment       0x0000006e       0x6f ./system/src/cortexm/exception_handlers.o
 .comment       0x0000006e       0x6f ./system/src/cmsis/system_stm32f4xx.o
 .comment       0x0000006e       0x6f ./system/src/cmsis/vectors_stm32f407xx.o
 .comment       0x0000006e       0x6f ./src/Extruder.o
 .comment       0x0000006e       0x6f ./src/Gpio.o
 .comment       0x0000006e       0x6f ./src/Rcc.o
 .comment       0x0000006e       0x6f ./src/Stepper.o
 .comment       0x0000006e       0x6f ./src/Stepper_cfg.o
 .comment       0x0000006e       0x6f ./src/_initialize_hardware.o
 .comment       0x0000006e       0x6f ./src/main.o
 .comment       0x0000006e       0x6f ./src/stm32f4xx_hal_msp.o
 .comment       0x0000006e       0x6f ./src/stm32f4xx_hal_tim.o

.ARM.attributes
                0x00000000       0x31
 .ARM.attributes
                0x00000000       0x33 ./system/src/stm32f4-hal/stm32f4xx_hal.o
 .ARM.attributes
                0x00000033       0x33 ./system/src/stm32f4-hal/stm32f4xx_hal_cortex.o
 .ARM.attributes
                0x00000066       0x33 ./system/src/stm32f4-hal/stm32f4xx_hal_rcc.o
 .ARM.attributes
                0x00000099       0x33 ./system/src/newlib/_exit.o
 .ARM.attributes
                0x000000cc       0x33 ./system/src/newlib/_sbrk.o
 .ARM.attributes
                0x000000ff       0x33 ./system/src/newlib/_startup.o
 .ARM.attributes
                0x00000132       0x33 ./system/src/newlib/_syscalls.o
 .ARM.attributes
                0x00000165       0x33 ./system/src/newlib/assert.o
 .ARM.attributes
                0x00000198       0x33 ./system/src/diag/Trace.o
 .ARM.attributes
                0x000001cb       0x33 ./system/src/diag/trace_impl.o
 .ARM.attributes
                0x000001fe       0x33 ./system/src/cortexm/_initialize_hardware.o
 .ARM.attributes
                0x00000231       0x33 ./system/src/cortexm/exception_handlers.o
 .ARM.attributes
                0x00000264       0x33 ./system/src/cmsis/system_stm32f4xx.o
 .ARM.attributes
                0x00000297       0x33 ./system/src/cmsis/vectors_stm32f407xx.o
 .ARM.attributes
                0x000002ca       0x33 ./src/Extruder.o
 .ARM.attributes
                0x000002fd       0x33 ./src/Gpio.o
 .ARM.attributes
                0x00000330       0x33 ./src/Rcc.o
 .ARM.attributes
                0x00000363       0x33 ./src/Stepper.o
 .ARM.attributes
                0x00000396       0x33 ./src/Stepper_cfg.o
 .ARM.attributes
                0x000003c9       0x33 ./src/_initialize_hardware.o
 .ARM.attributes
                0x000003fc       0x33 ./src/main.o
 .ARM.attributes
                0x0000042f       0x33 ./src/stm32f4xx_hal_msp.o
 .ARM.attributes
                0x00000462       0x33 ./src/stm32f4xx_hal_tim.o
 .ARM.attributes
                0x00000495       0x1e d:/iti/embedded arm/discovery/tools/arm gcc/bin/../lib/gcc/arm-none-eabi/5.4.1/armv7e-m\libgcc.a(_aeabi_uldivmod.o)
 .ARM.attributes
                0x000004b3       0x2e d:/iti/embedded arm/discovery/tools/arm gcc/bin/../lib/gcc/arm-none-eabi/5.4.1/armv7e-m\libgcc.a(_udivmoddi4.o)
 .ARM.attributes
                0x000004e1       0x1e d:/iti/embedded arm/discovery/tools/arm gcc/bin/../lib/gcc/arm-none-eabi/5.4.1/armv7e-m\libgcc.a(_dvmd_tls.o)
 .ARM.attributes
                0x000004ff       0x2e d:/iti/embedded arm/discovery/tools/arm gcc/bin/../lib/gcc/arm-none-eabi/5.4.1/../../../../arm-none-eabi/lib/armv7e-m\libg_nano.a(lib_a-errno.o)
 .ARM.attributes
                0x0000052d       0x2e d:/iti/embedded arm/discovery/tools/arm gcc/bin/../lib/gcc/arm-none-eabi/5.4.1/../../../../arm-none-eabi/lib/armv7e-m\libg_nano.a(lib_a-impure.o)
 .ARM.attributes
                0x0000055b       0x2e d:/iti/embedded arm/discovery/tools/arm gcc/bin/../lib/gcc/arm-none-eabi/5.4.1/../../../../arm-none-eabi/lib/armv7e-m\libg_nano.a(lib_a-nano-vfprintf_float.o)
 .ARM.attributes
                0x00000589       0x2e d:/iti/embedded arm/discovery/tools/arm gcc/bin/../lib/gcc/arm-none-eabi/5.4.1/../../../../arm-none-eabi/lib/armv7e-m\libg_nano.a(lib_a-nano-vfprintf_i.o)
 .ARM.attributes
                0x000005b7       0x17 d:/iti/embedded arm/discovery/tools/arm gcc/bin/../lib/gcc/arm-none-eabi/5.4.1/../../../../arm-none-eabi/lib/armv7e-m\libg_nano.a(lib_a-strlen.o)
 .ARM.attributes
                0x000005ce       0x2e d:/iti/embedded arm/discovery/tools/arm gcc/bin/../lib/gcc/arm-none-eabi/5.4.1/../../../../arm-none-eabi/lib/armv7e-m\libg_nano.a(lib_a-vsnprintf.o)
 .ARM.attributes
                0x000005fc       0x2e d:/iti/embedded arm/discovery/tools/arm gcc/bin/../lib/gcc/arm-none-eabi/5.4.1/../../../../arm-none-eabi/lib/armv7e-m\libg_nano.a(lib_a-dtoa.o)
 .ARM.attributes
                0x0000062a       0x2e d:/iti/embedded arm/discovery/tools/arm gcc/bin/../lib/gcc/arm-none-eabi/5.4.1/../../../../arm-none-eabi/lib/armv7e-m\libg_nano.a(lib_a-localeconv.o)
 .ARM.attributes
                0x00000658       0x2e d:/iti/embedded arm/discovery/tools/arm gcc/bin/../lib/gcc/arm-none-eabi/5.4.1/../../../../arm-none-eabi/lib/armv7e-m\libg_nano.a(lib_a-malloc.o)
 .ARM.attributes
                0x00000686       0x1c d:/iti/embedded arm/discovery/tools/arm gcc/bin/../lib/gcc/arm-none-eabi/5.4.1/../../../../arm-none-eabi/lib/armv7e-m\libg_nano.a(lib_a-memchr.o)
 .ARM.attributes
                0x000006a2       0x2e d:/iti/embedded arm/discovery/tools/arm gcc/bin/../lib/gcc/arm-none-eabi/5.4.1/../../../../arm-none-eabi/lib/armv7e-m\libg_nano.a(lib_a-memcpy-stub.o)
 .ARM.attributes
                0x000006d0       0x2e d:/iti/embedded arm/discovery/tools/arm gcc/bin/../lib/gcc/arm-none-eabi/5.4.1/../../../../arm-none-eabi/lib/armv7e-m\libg_nano.a(lib_a-mprec.o)
 .ARM.attributes
                0x000006fe       0x2e d:/iti/embedded arm/discovery/tools/arm gcc/bin/../lib/gcc/arm-none-eabi/5.4.1/../../../../arm-none-eabi/lib/armv7e-m\libg_nano.a(lib_a-nano-callocr.o)
 .ARM.attributes
                0x0000072c       0x2e d:/iti/embedded arm/discovery/tools/arm gcc/bin/../lib/gcc/arm-none-eabi/5.4.1/../../../../arm-none-eabi/lib/armv7e-m\libg_nano.a(lib_a-nano-freer.o)
 .ARM.attributes
                0x0000075a       0x2e d:/iti/embedded arm/discovery/tools/arm gcc/bin/../lib/gcc/arm-none-eabi/5.4.1/../../../../arm-none-eabi/lib/armv7e-m\libg_nano.a(lib_a-nano-mallocr.o)
 .ARM.attributes
                0x00000788       0x2e d:/iti/embedded arm/discovery/tools/arm gcc/bin/../lib/gcc/arm-none-eabi/5.4.1/../../../../arm-none-eabi/lib/armv7e-m\libg_nano.a(lib_a-nano-svfprintf.o)
 .ARM.attributes
                0x000007b6       0x2e d:/iti/embedded arm/discovery/tools/arm gcc/bin/../lib/gcc/arm-none-eabi/5.4.1/../../../../arm-none-eabi/lib/armv7e-m\libg_nano.a(lib_a-sbrkr.o)
 .ARM.attributes
                0x000007e4       0x2e d:/iti/embedded arm/discovery/tools/arm gcc/bin/../lib/gcc/arm-none-eabi/5.4.1/../../../../arm-none-eabi/lib/armv7e-m\libg_nano.a(lib_a-locale.o)
 .ARM.attributes
                0x00000812       0x2e d:/iti/embedded arm/discovery/tools/arm gcc/bin/../lib/gcc/arm-none-eabi/5.4.1/../../../../arm-none-eabi/lib/armv7e-m\libg_nano.a(lib_a-mbtowc_r.o)
 .ARM.attributes
                0x00000840       0x2e d:/iti/embedded arm/discovery/tools/arm gcc/bin/../lib/gcc/arm-none-eabi/5.4.1/../../../../arm-none-eabi/lib/armv7e-m\libg_nano.a(lib_a-memmove.o)
 .ARM.attributes
                0x0000086e       0x2e d:/iti/embedded arm/discovery/tools/arm gcc/bin/../lib/gcc/arm-none-eabi/5.4.1/../../../../arm-none-eabi/lib/armv7e-m\libg_nano.a(lib_a-memset.o)
 .ARM.attributes
                0x0000089c       0x2e d:/iti/embedded arm/discovery/tools/arm gcc/bin/../lib/gcc/arm-none-eabi/5.4.1/../../../../arm-none-eabi/lib/armv7e-m\libg_nano.a(lib_a-mlock.o)
 .ARM.attributes
                0x000008ca       0x2e d:/iti/embedded arm/discovery/tools/arm gcc/bin/../lib/gcc/arm-none-eabi/5.4.1/../../../../arm-none-eabi/lib/armv7e-m\libg_nano.a(lib_a-nano-reallocr.o)
 .ARM.attributes
                0x000008f8       0x2e d:/iti/embedded arm/discovery/tools/arm gcc/bin/../lib/gcc/arm-none-eabi/5.4.1/../../../../arm-none-eabi/lib/armv7e-m\libg_nano.a(lib_a-wctomb_r.o)
 .ARM.attributes
                0x00000926       0x2e d:/iti/embedded arm/discovery/tools/arm gcc/bin/../lib/gcc/arm-none-eabi/5.4.1/../../../../arm-none-eabi/lib/armv7e-m\libg_nano.a(lib_a-ctype_.o)
 .ARM.attributes
                0x00000954       0x2e d:/iti/embedded arm/discovery/tools/arm gcc/bin/../lib/gcc/arm-none-eabi/5.4.1/../../../../arm-none-eabi/lib/armv7e-m\libg_nano.a(lib_a-nano-msizer.o)
 .ARM.attributes
                0x00000982       0x1e d:/iti/embedded arm/discovery/tools/arm gcc/bin/../lib/gcc/arm-none-eabi/5.4.1/armv7e-m\libgcc.a(_arm_addsubdf3.o)
 .ARM.attributes
                0x000009a0       0x1e d:/iti/embedded arm/discovery/tools/arm gcc/bin/../lib/gcc/arm-none-eabi/5.4.1/armv7e-m\libgcc.a(_arm_muldivdf3.o)
 .ARM.attributes
                0x000009be       0x1e d:/iti/embedded arm/discovery/tools/arm gcc/bin/../lib/gcc/arm-none-eabi/5.4.1/armv7e-m\libgcc.a(_arm_cmpdf2.o)
 .ARM.attributes
                0x000009dc       0x1e d:/iti/embedded arm/discovery/tools/arm gcc/bin/../lib/gcc/arm-none-eabi/5.4.1/armv7e-m\libgcc.a(_arm_unorddf2.o)
 .ARM.attributes
                0x000009fa       0x1e d:/iti/embedded arm/discovery/tools/arm gcc/bin/../lib/gcc/arm-none-eabi/5.4.1/armv7e-m\libgcc.a(_arm_fixdfsi.o)

.debug
 *(.debug)

.line
 *(.line)

.debug_srcinfo
 *(.debug_srcinfo)

.debug_sfnames
 *(.debug_sfnames)

.debug_aranges  0x00000000      0x980
 *(.debug_aranges)
 .debug_aranges
                0x00000000       0xc0 ./system/src/stm32f4-hal/stm32f4xx_hal.o
 .debug_aranges
                0x000000c0       0x98 ./system/src/stm32f4-hal/stm32f4xx_hal_cortex.o
 .debug_aranges
                0x00000158       0x88 ./system/src/stm32f4-hal/stm32f4xx_hal_rcc.o
 .debug_aranges
                0x000001e0       0x28 ./system/src/newlib/_exit.o
 .debug_aranges
                0x00000208       0x20 ./system/src/newlib/_sbrk.o
 .debug_aranges
                0x00000228       0x40 ./system/src/newlib/_startup.o
 .debug_aranges
                0x00000268       0x30 ./system/src/newlib/_syscalls.o
 .debug_aranges
                0x00000298       0x28 ./system/src/newlib/assert.o
 .debug_aranges
                0x000002c0       0x38 ./system/src/diag/Trace.o
 .debug_aranges
                0x000002f8       0x30 ./system/src/diag/trace_impl.o
 .debug_aranges
                0x00000328       0x28 ./system/src/cortexm/_initialize_hardware.o
 .debug_aranges
                0x00000350       0x90 ./system/src/cortexm/exception_handlers.o
 .debug_aranges
                0x000003e0       0x28 ./system/src/cmsis/system_stm32f4xx.o
 .debug_aranges
                0x00000408       0x20 ./system/src/cmsis/vectors_stm32f407xx.o
 .debug_aranges
                0x00000428       0x30 ./src/Extruder.o
 .debug_aranges
                0x00000458       0x48 ./src/Gpio.o
 .debug_aranges
                0x000004a0       0x78 ./src/Rcc.o
 .debug_aranges
                0x00000518       0x68 ./src/Stepper.o
 .debug_aranges
                0x00000580       0x18 ./src/Stepper_cfg.o
 .debug_aranges
                0x00000598       0x28 ./src/_initialize_hardware.o
 .debug_aranges
                0x000005c0       0x20 ./src/main.o
 .debug_aranges
                0x000005e0       0x38 ./src/stm32f4xx_hal_msp.o
 .debug_aranges
                0x00000618      0x368 ./src/stm32f4xx_hal_tim.o

.debug_pubnames
 *(.debug_pubnames)

.debug_info     0x00000000     0xba02
 *(.debug_info .gnu.linkonce.wi.*)
 .debug_info    0x00000000      0x8d9 ./system/src/stm32f4-hal/stm32f4xx_hal.o
 .debug_info    0x000008d9     0x10f4 ./system/src/stm32f4-hal/stm32f4xx_hal_cortex.o
 .debug_info    0x000019cd      0xf3d ./system/src/stm32f4-hal/stm32f4xx_hal_rcc.o
 .debug_info    0x0000290a       0xef ./system/src/newlib/_exit.o
 .debug_info    0x000029f9      0x11f ./system/src/newlib/_sbrk.o
 .debug_info    0x00002b18      0x4f2 ./system/src/newlib/_startup.o
 .debug_info    0x0000300a      0x1c7 ./system/src/newlib/_syscalls.o
 .debug_info    0x000031d1      0x1a3 ./system/src/newlib/assert.o
 .debug_info    0x00003374      0x2e7 ./system/src/diag/Trace.o
 .debug_info    0x0000365b      0x30b ./system/src/diag/trace_impl.o
 .debug_info    0x00003966      0x2bf ./system/src/cortexm/_initialize_hardware.o
 .debug_info    0x00003c25      0x8f4 ./system/src/cortexm/exception_handlers.o
 .debug_info    0x00004519      0x4b9 ./system/src/cmsis/system_stm32f4xx.o
 .debug_info    0x000049d2       0xd1 ./system/src/cmsis/vectors_stm32f407xx.o
 .debug_info    0x00004aa3      0x2ed ./src/Extruder.o
 .debug_info    0x00004d90      0x4a1 ./src/Gpio.o
 .debug_info    0x00005231      0x669 ./src/Rcc.o
 .debug_info    0x0000589a      0xd96 ./src/Stepper.o
 .debug_info    0x00006630      0x6fa ./src/Stepper_cfg.o
 .debug_info    0x00006d2a      0x4e9 ./src/_initialize_hardware.o
 .debug_info    0x00007213      0x3f5 ./src/main.o
 .debug_info    0x00007608       0xe5 ./src/stm32f4xx_hal_msp.o
 .debug_info    0x000076ed     0x4315 ./src/stm32f4xx_hal_tim.o

.debug_abbrev   0x00000000     0x20c8
 *(.debug_abbrev)
 .debug_abbrev  0x00000000      0x235 ./system/src/stm32f4-hal/stm32f4xx_hal.o
 .debug_abbrev  0x00000235      0x324 ./system/src/stm32f4-hal/stm32f4xx_hal_cortex.o
 .debug_abbrev  0x00000559      0x2d2 ./system/src/stm32f4-hal/stm32f4xx_hal_rcc.o
 .debug_abbrev  0x0000082b       0x8e ./system/src/newlib/_exit.o
 .debug_abbrev  0x000008b9       0xb9 ./system/src/newlib/_sbrk.o
 .debug_abbrev  0x00000972      0x1b6 ./system/src/newlib/_startup.o
 .debug_abbrev  0x00000b28       0xec ./system/src/newlib/_syscalls.o
 .debug_abbrev  0x00000c14       0xab ./system/src/newlib/assert.o
 .debug_abbrev  0x00000cbf      0x156 ./system/src/diag/Trace.o
 .debug_abbrev  0x00000e15      0x1c8 ./system/src/diag/trace_impl.o
 .debug_abbrev  0x00000fdd       0xea ./system/src/cortexm/_initialize_hardware.o
 .debug_abbrev  0x000010c7      0x247 ./system/src/cortexm/exception_handlers.o
 .debug_abbrev  0x0000130e      0x104 ./system/src/cmsis/system_stm32f4xx.o
 .debug_abbrev  0x00001412       0x9d ./system/src/cmsis/vectors_stm32f407xx.o
 .debug_abbrev  0x000014af      0x130 ./src/Extruder.o
 .debug_abbrev  0x000015df      0x16f ./src/Gpio.o
 .debug_abbrev  0x0000174e      0x139 ./src/Rcc.o
 .debug_abbrev  0x00001887      0x272 ./src/Stepper.o
 .debug_abbrev  0x00001af9      0x11b ./src/Stepper_cfg.o
 .debug_abbrev  0x00001c14      0x14c ./src/_initialize_hardware.o
 .debug_abbrev  0x00001d60       0xe3 ./src/main.o
 .debug_abbrev  0x00001e43       0x6a ./src/stm32f4xx_hal_msp.o
 .debug_abbrev  0x00001ead      0x21b ./src/stm32f4xx_hal_tim.o

.debug_line     0x00000000     0xe0be
 *(.debug_line)
 .debug_line    0x00000000      0xb86 ./system/src/stm32f4-hal/stm32f4xx_hal.o
 .debug_line    0x00000b86      0xc69 ./system/src/stm32f4-hal/stm32f4xx_hal_cortex.o
 .debug_line    0x000017ef      0xe38 ./system/src/stm32f4-hal/stm32f4xx_hal_rcc.o
 .debug_line    0x00002627      0x309 ./system/src/newlib/_exit.o
 .debug_line    0x00002930      0x2ba ./system/src/newlib/_sbrk.o
 .debug_line    0x00002bea      0x382 ./system/src/newlib/_startup.o
 .debug_line    0x00002f6c      0x3c8 ./system/src/newlib/_syscalls.o
 .debug_line    0x00003334      0x344 ./system/src/newlib/assert.o
 .debug_line    0x00003678      0x377 ./system/src/diag/Trace.o
 .debug_line    0x000039ef      0xac2 ./system/src/diag/trace_impl.o
 .debug_line    0x000044b1      0xa2a ./system/src/cortexm/_initialize_hardware.o
 .debug_line    0x00004edb      0xb60 ./system/src/cortexm/exception_handlers.o
 .debug_line    0x00005a3b      0xa2a ./system/src/cmsis/system_stm32f4xx.o
 .debug_line    0x00006465       0xf8 ./system/src/cmsis/vectors_stm32f407xx.o
 .debug_line    0x0000655d      0x3c3 ./src/Extruder.o
 .debug_line    0x00006920      0x4cf ./src/Gpio.o
 .debug_line    0x00006def      0x600 ./src/Rcc.o
 .debug_line    0x000073ef      0xc23 ./src/Stepper.o
 .debug_line    0x00008012      0xa7c ./src/Stepper_cfg.o
 .debug_line    0x00008a8e      0xa24 ./src/_initialize_hardware.o
 .debug_line    0x000094b2      0xab3 ./src/main.o
 .debug_line    0x00009f65      0xa24 ./src/stm32f4xx_hal_msp.o
 .debug_line    0x0000a989     0x3735 ./src/stm32f4xx_hal_tim.o

.debug_frame    0x00000000     0x1f5c
 *(.debug_frame)
 .debug_frame   0x00000000      0x188 ./system/src/stm32f4-hal/stm32f4xx_hal.o
 .debug_frame   0x00000188      0x17c ./system/src/stm32f4-hal/stm32f4xx_hal_cortex.o
 .debug_frame   0x00000304      0x150 ./system/src/stm32f4-hal/stm32f4xx_hal_rcc.o
 .debug_frame   0x00000454       0x38 ./system/src/newlib/_exit.o
 .debug_frame   0x0000048c       0x28 ./system/src/newlib/_sbrk.o
 .debug_frame   0x000004b4       0x7c ./system/src/newlib/_startup.o
 .debug_frame   0x00000530       0x50 ./system/src/newlib/_syscalls.o
 .debug_frame   0x00000580       0x40 ./system/src/newlib/assert.o
 .debug_frame   0x000005c0       0x94 ./system/src/diag/Trace.o
 .debug_frame   0x00000654       0x60 ./system/src/diag/trace_impl.o
 .debug_frame   0x000006b4       0x40 ./system/src/cortexm/_initialize_hardware.o
 .debug_frame   0x000006f4      0x158 ./system/src/cortexm/exception_handlers.o
 .debug_frame   0x0000084c       0x30 ./system/src/cmsis/system_stm32f4xx.o
 .debug_frame   0x0000087c       0x20 ./system/src/cmsis/vectors_stm32f407xx.o
 .debug_frame   0x0000089c       0x60 ./src/Extruder.o
 .debug_frame   0x000008fc       0xac ./src/Gpio.o
 .debug_frame   0x000009a8      0x12c ./src/Rcc.o
 .debug_frame   0x00000ad4      0x128 ./src/Stepper.o
 .debug_frame   0x00000bfc       0x48 ./src/_initialize_hardware.o
 .debug_frame   0x00000c44       0x28 ./src/main.o
 .debug_frame   0x00000c6c       0x50 ./src/stm32f4xx_hal_msp.o
 .debug_frame   0x00000cbc      0xa8c ./src/stm32f4xx_hal_tim.o
 .debug_frame   0x00001748       0x2c d:/iti/embedded arm/discovery/tools/arm gcc/bin/../lib/gcc/arm-none-eabi/5.4.1/armv7e-m\libgcc.a(_aeabi_uldivmod.o)
 .debug_frame   0x00001774       0x34 d:/iti/embedded arm/discovery/tools/arm gcc/bin/../lib/gcc/arm-none-eabi/5.4.1/armv7e-m\libgcc.a(_udivmoddi4.o)
 .debug_frame   0x000017a8       0x20 d:/iti/embedded arm/discovery/tools/arm gcc/bin/../lib/gcc/arm-none-eabi/5.4.1/../../../../arm-none-eabi/lib/armv7e-m\libg_nano.a(lib_a-errno.o)
 .debug_frame   0x000017c8       0x8c d:/iti/embedded arm/discovery/tools/arm gcc/bin/../lib/gcc/arm-none-eabi/5.4.1/../../../../arm-none-eabi/lib/armv7e-m\libg_nano.a(lib_a-nano-vfprintf_float.o)
 .debug_frame   0x00001854       0x60 d:/iti/embedded arm/discovery/tools/arm gcc/bin/../lib/gcc/arm-none-eabi/5.4.1/../../../../arm-none-eabi/lib/armv7e-m\libg_nano.a(lib_a-nano-vfprintf_i.o)
 .debug_frame   0x000018b4       0x48 d:/iti/embedded arm/discovery/tools/arm gcc/bin/../lib/gcc/arm-none-eabi/5.4.1/../../../../arm-none-eabi/lib/armv7e-m\libg_nano.a(lib_a-vsnprintf.o)
 .debug_frame   0x000018fc       0x6c d:/iti/embedded arm/discovery/tools/arm gcc/bin/../lib/gcc/arm-none-eabi/5.4.1/../../../../arm-none-eabi/lib/armv7e-m\libg_nano.a(lib_a-dtoa.o)
 .debug_frame   0x00001968       0x40 d:/iti/embedded arm/discovery/tools/arm gcc/bin/../lib/gcc/arm-none-eabi/5.4.1/../../../../arm-none-eabi/lib/armv7e-m\libg_nano.a(lib_a-localeconv.o)
 .debug_frame   0x000019a8       0x30 d:/iti/embedded arm/discovery/tools/arm gcc/bin/../lib/gcc/arm-none-eabi/5.4.1/../../../../arm-none-eabi/lib/armv7e-m\libg_nano.a(lib_a-malloc.o)
 .debug_frame   0x000019d8       0x28 d:/iti/embedded arm/discovery/tools/arm gcc/bin/../lib/gcc/arm-none-eabi/5.4.1/../../../../arm-none-eabi/lib/armv7e-m\libg_nano.a(lib_a-memcpy-stub.o)
 .debug_frame   0x00001a00      0x234 d:/iti/embedded arm/discovery/tools/arm gcc/bin/../lib/gcc/arm-none-eabi/5.4.1/../../../../arm-none-eabi/lib/armv7e-m\libg_nano.a(lib_a-mprec.o)
 .debug_frame   0x00001c34       0x2c d:/iti/embedded arm/discovery/tools/arm gcc/bin/../lib/gcc/arm-none-eabi/5.4.1/../../../../arm-none-eabi/lib/armv7e-m\libg_nano.a(lib_a-nano-callocr.o)
 .debug_frame   0x00001c60       0x38 d:/iti/embedded arm/discovery/tools/arm gcc/bin/../lib/gcc/arm-none-eabi/5.4.1/../../../../arm-none-eabi/lib/armv7e-m\libg_nano.a(lib_a-nano-freer.o)
 .debug_frame   0x00001c98       0x2c d:/iti/embedded arm/discovery/tools/arm gcc/bin/../lib/gcc/arm-none-eabi/5.4.1/../../../../arm-none-eabi/lib/armv7e-m\libg_nano.a(lib_a-nano-mallocr.o)
 .debug_frame   0x00001cc4       0x90 d:/iti/embedded arm/discovery/tools/arm gcc/bin/../lib/gcc/arm-none-eabi/5.4.1/../../../../arm-none-eabi/lib/armv7e-m\libg_nano.a(lib_a-nano-svfprintf.o)
 .debug_frame   0x00001d54       0x2c d:/iti/embedded arm/discovery/tools/arm gcc/bin/../lib/gcc/arm-none-eabi/5.4.1/../../../../arm-none-eabi/lib/armv7e-m\libg_nano.a(lib_a-sbrkr.o)
 .debug_frame   0x00001d80       0x88 d:/iti/embedded arm/discovery/tools/arm gcc/bin/../lib/gcc/arm-none-eabi/5.4.1/../../../../arm-none-eabi/lib/armv7e-m\libg_nano.a(lib_a-locale.o)
 .debug_frame   0x00001e08       0x44 d:/iti/embedded arm/discovery/tools/arm gcc/bin/../lib/gcc/arm-none-eabi/5.4.1/../../../../arm-none-eabi/lib/armv7e-m\libg_nano.a(lib_a-mbtowc_r.o)
 .debug_frame   0x00001e4c       0x28 d:/iti/embedded arm/discovery/tools/arm gcc/bin/../lib/gcc/arm-none-eabi/5.4.1/../../../../arm-none-eabi/lib/armv7e-m\libg_nano.a(lib_a-memmove.o)
 .debug_frame   0x00001e74       0x20 d:/iti/embedded arm/discovery/tools/arm gcc/bin/../lib/gcc/arm-none-eabi/5.4.1/../../../../arm-none-eabi/lib/armv7e-m\libg_nano.a(lib_a-memset.o)
 .debug_frame   0x00001e94       0x30 d:/iti/embedded arm/discovery/tools/arm gcc/bin/../lib/gcc/arm-none-eabi/5.4.1/../../../../arm-none-eabi/lib/armv7e-m\libg_nano.a(lib_a-mlock.o)
 .debug_frame   0x00001ec4       0x3c d:/iti/embedded arm/discovery/tools/arm gcc/bin/../lib/gcc/arm-none-eabi/5.4.1/../../../../arm-none-eabi/lib/armv7e-m\libg_nano.a(lib_a-nano-reallocr.o)
 .debug_frame   0x00001f00       0x3c d:/iti/embedded arm/discovery/tools/arm gcc/bin/../lib/gcc/arm-none-eabi/5.4.1/../../../../arm-none-eabi/lib/armv7e-m\libg_nano.a(lib_a-wctomb_r.o)
 .debug_frame   0x00001f3c       0x20 d:/iti/embedded arm/discovery/tools/arm gcc/bin/../lib/gcc/arm-none-eabi/5.4.1/../../../../arm-none-eabi/lib/armv7e-m\libg_nano.a(lib_a-nano-msizer.o)

.debug_str      0x00000000    0x9f8ad
 *(.debug_str)
 .debug_str     0x00000000    0x96d76 ./system/src/stm32f4-hal/stm32f4xx_hal.o
                              0x9715c (size before relaxing)
 .debug_str     0x00096d76      0x382 ./system/src/stm32f4-hal/stm32f4xx_hal_cortex.o
                              0x96fc8 (size before relaxing)
 .debug_str     0x000970f8      0x3fa ./system/src/stm32f4-hal/stm32f4xx_hal_rcc.o
                              0x96b77 (size before relaxing)
 .debug_str     0x000974f2     0x10b6 ./system/src/newlib/_exit.o
                               0x6efd (size before relaxing)
 .debug_str     0x000985a8      0x4de ./system/src/newlib/_sbrk.o
                               0x62e8 (size before relaxing)
 .debug_str     0x00098a86      0x2cc ./system/src/newlib/_startup.o
                               0x5f03 (size before relaxing)
 .debug_str     0x00098d52      0xe18 ./system/src/newlib/_syscalls.o
                               0x7148 (size before relaxing)
 .debug_str     0x00099b6a       0xd5 ./system/src/newlib/assert.o
                               0x7a02 (size before relaxing)
 .debug_str     0x00099c3f      0x169 ./system/src/diag/Trace.o
                               0x76ed (size before relaxing)
 .debug_str     0x00099da8      0x37b ./system/src/diag/trace_impl.o
                              0x978a7 (size before relaxing)
 .debug_str     0x0009a123       0x5e ./system/src/cortexm/_initialize_hardware.o
                              0x96688 (size before relaxing)
 .debug_str     0x0009a181      0x19d ./system/src/cortexm/exception_handlers.o
                              0x97a31 (size before relaxing)
 .debug_str     0x0009a31e       0x46 ./system/src/cmsis/system_stm32f4xx.o
                              0x96767 (size before relaxing)
 .debug_str     0x0009a364       0x59 ./system/src/cmsis/vectors_stm32f407xx.o
                               0x30ba (size before relaxing)
 .debug_str     0x0009a3bd      0xc75 ./src/Extruder.o
                               0x8239 (size before relaxing)
 .debug_str     0x0009b032      0x891 ./src/Gpio.o
                               0x7dce (size before relaxing)
 .debug_str     0x0009b8c3     0x22a8 ./src/Rcc.o
                               0x948d (size before relaxing)
 .debug_str     0x0009db6b     0x107c ./src/Stepper.o
                              0x9b3f5 (size before relaxing)
 .debug_str     0x0009ebe7       0x15 ./src/Stepper_cfg.o
                              0x977fc (size before relaxing)
 .debug_str     0x0009ebfc       0x31 ./src/_initialize_hardware.o
                              0x9686d (size before relaxing)
 .debug_str     0x0009ec2d        0xe ./src/main.o
                              0x981cb (size before relaxing)
 .debug_str     0x0009ec3b       0x3d ./src/stm32f4xx_hal_msp.o
                              0x965c7 (size before relaxing)
 .debug_str     0x0009ec78      0xc35 ./src/stm32f4xx_hal_tim.o
                              0x9776e (size before relaxing)

.debug_loc      0x00000000     0x5d25
 *(.debug_loc)
 .debug_loc     0x00000000       0x92 ./system/src/stm32f4-hal/stm32f4xx_hal.o
 .debug_loc     0x00000092      0x580 ./system/src/stm32f4-hal/stm32f4xx_hal_cortex.o
 .debug_loc     0x00000612      0x57a ./system/src/stm32f4-hal/stm32f4xx_hal_rcc.o
 .debug_loc     0x00000b8c       0x82 ./system/src/newlib/_sbrk.o
 .debug_loc     0x00000c0e      0x36e ./system/src/newlib/_startup.o
 .debug_loc     0x00000f7c       0x63 ./system/src/newlib/_syscalls.o
 .debug_loc     0x00000fdf      0x110 ./system/src/newlib/assert.o
 .debug_loc     0x000010ef      0x102 ./system/src/diag/Trace.o
 .debug_loc     0x000011f1      0x17c ./system/src/diag/trace_impl.o
 .debug_loc     0x0000136d      0x2a8 ./system/src/cortexm/exception_handlers.o
 .debug_loc     0x00001615      0x132 ./system/src/cmsis/system_stm32f4xx.o
 .debug_loc     0x00001747       0xe5 ./src/Extruder.o
 .debug_loc     0x0000182c      0x97e ./src/Gpio.o
 .debug_loc     0x000021aa     0x1134 ./src/Rcc.o
 .debug_loc     0x000032de      0x334 ./src/Stepper.o
 .debug_loc     0x00003612     0x2713 ./src/stm32f4xx_hal_tim.o

.debug_macinfo
 *(.debug_macinfo)

.debug_weaknames
 *(.debug_weaknames)

.debug_funcnames
 *(.debug_funcnames)

.debug_typenames
 *(.debug_typenames)

.debug_varnames
 *(.debug_varnames)
OUTPUT(Stepper_Project.elf elf32-littlearm)

.debug_ranges   0x00000000      0x890
 .debug_ranges  0x00000000       0xb0 ./system/src/stm32f4-hal/stm32f4xx_hal.o
 .debug_ranges  0x000000b0       0x88 ./system/src/stm32f4-hal/stm32f4xx_hal_cortex.o
 .debug_ranges  0x00000138       0x78 ./system/src/stm32f4-hal/stm32f4xx_hal_rcc.o
 .debug_ranges  0x000001b0       0x18 ./system/src/newlib/_exit.o
 .debug_ranges  0x000001c8       0x10 ./system/src/newlib/_sbrk.o
 .debug_ranges  0x000001d8       0x30 ./system/src/newlib/_startup.o
 .debug_ranges  0x00000208       0x20 ./system/src/newlib/_syscalls.o
 .debug_ranges  0x00000228       0x18 ./system/src/newlib/assert.o
 .debug_ranges  0x00000240       0x28 ./system/src/diag/Trace.o
 .debug_ranges  0x00000268       0x38 ./system/src/diag/trace_impl.o
 .debug_ranges  0x000002a0       0x18 ./system/src/cortexm/_initialize_hardware.o
 .debug_ranges  0x000002b8       0x98 ./system/src/cortexm/exception_handlers.o
 .debug_ranges  0x00000350       0x18 ./system/src/cmsis/system_stm32f4xx.o
 .debug_ranges  0x00000368       0x10 ./system/src/cmsis/vectors_stm32f407xx.o
 .debug_ranges  0x00000378       0x20 ./src/Extruder.o
 .debug_ranges  0x00000398       0x60 ./src/Gpio.o
 .debug_ranges  0x000003f8       0x80 ./src/Rcc.o
 .debug_ranges  0x00000478       0x70 ./src/Stepper.o
 .debug_ranges  0x000004e8       0x18 ./src/_initialize_hardware.o
 .debug_ranges  0x00000500       0x10 ./src/main.o
 .debug_ranges  0x00000510       0x28 ./src/stm32f4xx_hal_msp.o
 .debug_ranges  0x00000538      0x358 ./src/stm32f4xx_hal_tim.o

.debug_macro    0x00000000    0x1d318
 .debug_macro   0x00000000      0x540 ./system/src/stm32f4-hal/stm32f4xx_hal.o
 .debug_macro   0x00000540      0x898 ./system/src/stm32f4-hal/stm32f4xx_hal.o
 .debug_macro   0x00000dd8      0x289 ./system/src/stm32f4-hal/stm32f4xx_hal.o
 .debug_macro   0x00001061       0x31 ./system/src/stm32f4-hal/stm32f4xx_hal.o
 .debug_macro   0x00001092       0x28 ./system/src/stm32f4-hal/stm32f4xx_hal.o
 .debug_macro   0x000010ba      0x34e ./system/src/stm32f4-hal/stm32f4xx_hal.o
 .debug_macro   0x00001408       0x35 ./system/src/stm32f4-hal/stm32f4xx_hal.o
 .debug_macro   0x0000143d       0x50 ./system/src/stm32f4-hal/stm32f4xx_hal.o
 .debug_macro   0x0000148d      0xe66 ./system/src/stm32f4-hal/stm32f4xx_hal.o
 .debug_macro   0x000022f3     0x93f9 ./system/src/stm32f4-hal/stm32f4xx_hal.o
 .debug_macro   0x0000b6ec       0x43 ./system/src/stm32f4-hal/stm32f4xx_hal.o
 .debug_macro   0x0000b72f     0x347f ./system/src/stm32f4-hal/stm32f4xx_hal.o
 .debug_macro   0x0000ebae       0x22 ./system/src/stm32f4-hal/stm32f4xx_hal.o
 .debug_macro   0x0000ebd0       0x4c ./system/src/stm32f4-hal/stm32f4xx_hal.o
 .debug_macro   0x0000ec1c       0x8d ./system/src/stm32f4-hal/stm32f4xx_hal.o
 .debug_macro   0x0000eca9       0x35 ./system/src/stm32f4-hal/stm32f4xx_hal.o
 .debug_macro   0x0000ecde       0x9c ./system/src/stm32f4-hal/stm32f4xx_hal.o
 .debug_macro   0x0000ed7a       0x16 ./system/src/stm32f4-hal/stm32f4xx_hal.o
 .debug_macro   0x0000ed90       0x4a ./system/src/stm32f4-hal/stm32f4xx_hal.o
 .debug_macro   0x0000edda       0x97 ./system/src/stm32f4-hal/stm32f4xx_hal.o
 .debug_macro   0x0000ee71      0x30d ./system/src/stm32f4-hal/stm32f4xx_hal.o
 .debug_macro   0x0000f17e       0xfd ./system/src/stm32f4-hal/stm32f4xx_hal.o
 .debug_macro   0x0000f27b       0x10 ./system/src/stm32f4-hal/stm32f4xx_hal.o
 .debug_macro   0x0000f28b       0x52 ./system/src/stm32f4-hal/stm32f4xx_hal.o
 .debug_macro   0x0000f2dd       0x1f ./system/src/stm32f4-hal/stm32f4xx_hal.o
 .debug_macro   0x0000f2fc       0x43 ./system/src/stm32f4-hal/stm32f4xx_hal.o
 .debug_macro   0x0000f33f       0x20 ./system/src/stm32f4-hal/stm32f4xx_hal.o
 .debug_macro   0x0000f35f      0x187 ./system/src/stm32f4-hal/stm32f4xx_hal.o
 .debug_macro   0x0000f4e6       0x10 ./system/src/stm32f4-hal/stm32f4xx_hal.o
 .debug_macro   0x0000f4f6       0x5e ./system/src/stm32f4-hal/stm32f4xx_hal.o
 .debug_macro   0x0000f554       0x1c ./system/src/stm32f4-hal/stm32f4xx_hal.o
 .debug_macro   0x0000f570       0x52 ./system/src/stm32f4-hal/stm32f4xx_hal.o
 .debug_macro   0x0000f5c2       0x40 ./system/src/stm32f4-hal/stm32f4xx_hal.o
 .debug_macro   0x0000f602       0x10 ./system/src/stm32f4-hal/stm32f4xx_hal.o
 .debug_macro   0x0000f612       0x40 ./system/src/stm32f4-hal/stm32f4xx_hal.o
 .debug_macro   0x0000f652       0xd7 ./system/src/stm32f4-hal/stm32f4xx_hal.o
 .debug_macro   0x0000f729       0x16 ./system/src/stm32f4-hal/stm32f4xx_hal.o
 .debug_macro   0x0000f73f      0x18b ./system/src/stm32f4-hal/stm32f4xx_hal.o
 .debug_macro   0x0000f8ca       0x57 ./system/src/stm32f4-hal/stm32f4xx_hal.o
 .debug_macro   0x0000f921      0x964 ./system/src/stm32f4-hal/stm32f4xx_hal.o
 .debug_macro   0x00010285      0x9e1 ./system/src/stm32f4-hal/stm32f4xx_hal.o
 .debug_macro   0x00010c66      0x11e ./system/src/stm32f4-hal/stm32f4xx_hal.o
 .debug_macro   0x00010d84      0x13e ./system/src/stm32f4-hal/stm32f4xx_hal.o
 .debug_macro   0x00010ec2       0x27 ./system/src/stm32f4-hal/stm32f4xx_hal.o
 .debug_macro   0x00010ee9      0x287 ./system/src/stm32f4-hal/stm32f4xx_hal.o
 .debug_macro   0x00011170       0x5f ./system/src/stm32f4-hal/stm32f4xx_hal.o
 .debug_macro   0x000111cf      0x23a ./system/src/stm32f4-hal/stm32f4xx_hal.o
 .debug_macro   0x00011409      0x391 ./system/src/stm32f4-hal/stm32f4xx_hal.o
 .debug_macro   0x0001179a      0x16f ./system/src/stm32f4-hal/stm32f4xx_hal.o
 .debug_macro   0x00011909       0xf9 ./system/src/stm32f4-hal/stm32f4xx_hal.o
 .debug_macro   0x00011a02      0x36e ./system/src/stm32f4-hal/stm32f4xx_hal.o
 .debug_macro   0x00011d70       0x23 ./system/src/stm32f4-hal/stm32f4xx_hal.o
 .debug_macro   0x00011d93       0xe6 ./system/src/stm32f4-hal/stm32f4xx_hal.o
 .debug_macro   0x00011e79       0xa1 ./system/src/stm32f4-hal/stm32f4xx_hal.o
 .debug_macro   0x00011f1a       0x3c ./system/src/stm32f4-hal/stm32f4xx_hal.o
 .debug_macro   0x00011f56       0x1f ./system/src/stm32f4-hal/stm32f4xx_hal.o
 .debug_macro   0x00011f75      0x1cd ./system/src/stm32f4-hal/stm32f4xx_hal.o
 .debug_macro   0x00012142      0xcd6 ./system/src/stm32f4-hal/stm32f4xx_hal.o
 .debug_macro   0x00012e18      0x13a ./system/src/stm32f4-hal/stm32f4xx_hal.o
 .debug_macro   0x00012f52      0x21e ./system/src/stm32f4-hal/stm32f4xx_hal.o
 .debug_macro   0x00013170       0x2e ./system/src/stm32f4-hal/stm32f4xx_hal.o
 .debug_macro   0x0001319e      0x543 ./system/src/stm32f4-hal/stm32f4xx_hal.o
 .debug_macro   0x000136e1       0x88 ./system/src/stm32f4-hal/stm32f4xx_hal.o
 .debug_macro   0x00013769       0xd5 ./system/src/stm32f4-hal/stm32f4xx_hal.o
 .debug_macro   0x0001383e      0x183 ./system/src/stm32f4-hal/stm32f4xx_hal.o
 .debug_macro   0x000139c1      0x1a7 ./system/src/stm32f4-hal/stm32f4xx_hal.o
 .debug_macro   0x00013b68       0xa5 ./system/src/stm32f4-hal/stm32f4xx_hal.o
 .debug_macro   0x00013c0d      0x18b ./system/src/stm32f4-hal/stm32f4xx_hal.o
 .debug_macro   0x00013d98       0x24 ./system/src/stm32f4-hal/stm32f4xx_hal.o
 .debug_macro   0x00013dbc       0x35 ./system/src/stm32f4-hal/stm32f4xx_hal.o
 .debug_macro   0x00013df1       0x79 ./system/src/stm32f4-hal/stm32f4xx_hal.o
 .debug_macro   0x00013e6a      0x11e ./system/src/stm32f4-hal/stm32f4xx_hal.o
 .debug_macro   0x00013f88       0x7f ./system/src/stm32f4-hal/stm32f4xx_hal.o
 .debug_macro   0x00014007       0x89 ./system/src/stm32f4-hal/stm32f4xx_hal.o
 .debug_macro   0x00014090       0x7e ./system/src/stm32f4-hal/stm32f4xx_hal.o
 .debug_macro   0x0001410e      0x31a ./system/src/stm32f4-hal/stm32f4xx_hal.o
 .debug_macro   0x00014428      0x409 ./system/src/stm32f4-hal/stm32f4xx_hal.o
 .debug_macro   0x00014831       0xe4 ./system/src/stm32f4-hal/stm32f4xx_hal.o
 .debug_macro   0x00014915      0x48d ./system/src/stm32f4-hal/stm32f4xx_hal.o
 .debug_macro   0x00014da2      0x22b ./system/src/stm32f4-hal/stm32f4xx_hal.o
 .debug_macro   0x00014fcd      0x202 ./system/src/stm32f4-hal/stm32f4xx_hal.o
 .debug_macro   0x000151cf      0x6d9 ./system/src/stm32f4-hal/stm32f4xx_hal.o
 .debug_macro   0x000158a8       0x5b ./system/src/stm32f4-hal/stm32f4xx_hal.o
 .debug_macro   0x00015903      0x14d ./system/src/stm32f4-hal/stm32f4xx_hal.o
 .debug_macro   0x00015a50      0x287 ./system/src/stm32f4-hal/stm32f4xx_hal.o
 .debug_macro   0x00015cd7      0x225 ./system/src/stm32f4-hal/stm32f4xx_hal.o
 .debug_macro   0x00015efc      0x1b5 ./system/src/stm32f4-hal/stm32f4xx_hal.o
 .debug_macro   0x000160b1      0x2db ./system/src/stm32f4-hal/stm32f4xx_hal.o
 .debug_macro   0x0001638c       0x89 ./system/src/stm32f4-hal/stm32f4xx_hal.o
 .debug_macro   0x00016415      0x1df ./system/src/stm32f4-hal/stm32f4xx_hal.o
 .debug_macro   0x000165f4      0x115 ./system/src/stm32f4-hal/stm32f4xx_hal.o
 .debug_macro   0x00016709       0x6e ./system/src/stm32f4-hal/stm32f4xx_hal.o
 .debug_macro   0x00016777      0x125 ./system/src/stm32f4-hal/stm32f4xx_hal.o
 .debug_macro   0x0001689c      0x4f2 ./system/src/stm32f4-hal/stm32f4xx_hal_cortex.o
 .debug_macro   0x00016d8e      0x51c ./system/src/stm32f4-hal/stm32f4xx_hal_rcc.o
 .debug_macro   0x000172aa      0x19c ./system/src/newlib/_exit.o
 .debug_macro   0x00017446      0x10e ./system/src/newlib/_exit.o
 .debug_macro   0x00017554       0x8d ./system/src/newlib/_exit.o
 .debug_macro   0x000175e1       0x35 ./system/src/newlib/_exit.o
 .debug_macro   0x00017616      0x151 ./system/src/newlib/_sbrk.o
 .debug_macro   0x00017767      0x174 ./system/src/newlib/_sbrk.o
 .debug_macro   0x000178db       0x10 ./system/src/newlib/_sbrk.o
 .debug_macro   0x000178eb      0x23b ./system/src/newlib/_sbrk.o
 .debug_macro   0x00017b26      0x15b ./system/src/newlib/_startup.o
 .debug_macro   0x00017c81      0x89e ./system/src/newlib/_startup.o
 .debug_macro   0x0001851f      0x1ff ./system/src/newlib/_syscalls.o
 .debug_macro   0x0001871e       0x1c ./system/src/newlib/_syscalls.o
 .debug_macro   0x0001873a       0x10 ./system/src/newlib/_syscalls.o
 .debug_macro   0x0001874a       0x10 ./system/src/newlib/_syscalls.o
 .debug_macro   0x0001875a       0x10 ./system/src/newlib/_syscalls.o
 .debug_macro   0x0001876a       0x35 ./system/src/newlib/_syscalls.o
 .debug_macro   0x0001879f      0x122 ./system/src/newlib/_syscalls.o
 .debug_macro   0x000188c1       0x88 ./system/src/newlib/_syscalls.o
 .debug_macro   0x00018949       0x2b ./system/src/newlib/_syscalls.o
 .debug_macro   0x00018974      0x118 ./system/src/newlib/_syscalls.o
 .debug_macro   0x00018a8c      0x159 ./system/src/newlib/_syscalls.o
 .debug_macro   0x00018be5       0x16 ./system/src/newlib/_syscalls.o
 .debug_macro   0x00018bfb      0x1b8 ./system/src/newlib/assert.o
 .debug_macro   0x00018db3       0x1c ./system/src/newlib/assert.o
 .debug_macro   0x00018dcf      0x1d9 ./system/src/diag/Trace.o
 .debug_macro   0x00018fa8       0x4c ./system/src/diag/Trace.o
 .debug_macro   0x00018ff4       0x16 ./system/src/diag/Trace.o
 .debug_macro   0x0001900a      0x538 ./system/src/diag/trace_impl.o
 .debug_macro   0x00019542       0x22 ./system/src/diag/trace_impl.o
 .debug_macro   0x00019564      0x4fc ./system/src/cortexm/_initialize_hardware.o
 .debug_macro   0x00019a60      0x55b ./system/src/cortexm/exception_handlers.o
 .debug_macro   0x00019fbb       0x3b ./system/src/cortexm/exception_handlers.o
 .debug_macro   0x00019ff6      0x4f8 ./system/src/cmsis/system_stm32f4xx.o
 .debug_macro   0x0001a4ee       0x34 ./system/src/cmsis/vectors_stm32f407xx.o
 .debug_macro   0x0001a522      0x223 ./src/Extruder.o
 .debug_macro   0x0001a745       0xd0 ./src/Extruder.o
 .debug_macro   0x0001a815       0x82 ./src/Extruder.o
 .debug_macro   0x0001a897       0x10 ./src/Extruder.o
 .debug_macro   0x0001a8a7       0x5e ./src/Extruder.o
 .debug_macro   0x0001a905       0x1c ./src/Extruder.o
 .debug_macro   0x0001a921       0x10 ./src/Extruder.o
 .debug_macro   0x0001a931      0x1de ./src/Gpio.o
 .debug_macro   0x0001ab0f       0x10 ./src/Gpio.o
 .debug_macro   0x0001ab1f      0x1ba ./src/Gpio.o
 .debug_macro   0x0001acd9      0x23b ./src/Rcc.o
 .debug_macro   0x0001af14      0x312 ./src/Rcc.o
 .debug_macro   0x0001b226      0x5a9 ./src/Stepper.o
 .debug_macro   0x0001b7cf      0x18a ./src/Stepper.o
 .debug_macro   0x0001b959      0x563 ./src/Stepper_cfg.o
 .debug_macro   0x0001bebc      0x4f2 ./src/_initialize_hardware.o
 .debug_macro   0x0001c3ae      0x585 ./src/main.o
 .debug_macro   0x0001c933      0x4f2 ./src/stm32f4xx_hal_msp.o
 .debug_macro   0x0001ce25      0x4f3 ./src/stm32f4xx_hal_tim.o
