Archive member included to satisfy reference by file (symbol)

e:/tempo/iti/embedded system track/aaaaaa) ahmed tourkey/discovery/tools/arm gcc/bin/../lib/gcc/arm-none-eabi/5.4.1/armv7e-m\libgcc.a(_arm_addsubdf3.o)
                              ./src/Heater.o (__aeabi_i2d)
e:/tempo/iti/embedded system track/aaaaaa) ahmed tourkey/discovery/tools/arm gcc/bin/../lib/gcc/arm-none-eabi/5.4.1/armv7e-m\libgcc.a(_arm_muldivdf3.o)
                              ./src/Heater.o (__aeabi_ddiv)
e:/tempo/iti/embedded system track/aaaaaa) ahmed tourkey/discovery/tools/arm gcc/bin/../lib/gcc/arm-none-eabi/5.4.1/armv7e-m\libgcc.a(_arm_fixunsdfsi.o)
                              ./src/Heater.o (__aeabi_d2uiz)
e:/tempo/iti/embedded system track/aaaaaa) ahmed tourkey/discovery/tools/arm gcc/bin/../lib/gcc/arm-none-eabi/5.4.1/../../../../arm-none-eabi/lib/armv7e-m\libg_nano.a(lib_a-errno.o)
                              ./system/src/newlib/_sbrk.o (__errno)
e:/tempo/iti/embedded system track/aaaaaa) ahmed tourkey/discovery/tools/arm gcc/bin/../lib/gcc/arm-none-eabi/5.4.1/../../../../arm-none-eabi/lib/armv7e-m\libg_nano.a(lib_a-impure.o)
                              e:/tempo/iti/embedded system track/aaaaaa) ahmed tourkey/discovery/tools/arm gcc/bin/../lib/gcc/arm-none-eabi/5.4.1/../../../../arm-none-eabi/lib/armv7e-m\libg_nano.a(lib_a-errno.o) (_impure_ptr)
e:/tempo/iti/embedded system track/aaaaaa) ahmed tourkey/discovery/tools/arm gcc/bin/../lib/gcc/arm-none-eabi/5.4.1/../../../../arm-none-eabi/lib/armv7e-m\libg_nano.a(lib_a-strlen.o)
                              ./system/src/diag/Trace.o (strlen)
e:/tempo/iti/embedded system track/aaaaaa) ahmed tourkey/discovery/tools/arm gcc/bin/../lib/gcc/arm-none-eabi/5.4.1/../../../../arm-none-eabi/lib/armv7e-m\libg_nano.a(lib_a-vsnprintf.o)
                              ./system/src/diag/Trace.o (vsnprintf)
e:/tempo/iti/embedded system track/aaaaaa) ahmed tourkey/discovery/tools/arm gcc/bin/../lib/gcc/arm-none-eabi/5.4.1/../../../../arm-none-eabi/lib/armv7e-m\libg_nano.a(lib_a-nano-svfprintf.o)
                              e:/tempo/iti/embedded system track/aaaaaa) ahmed tourkey/discovery/tools/arm gcc/bin/../lib/gcc/arm-none-eabi/5.4.1/../../../../arm-none-eabi/lib/armv7e-m\libg_nano.a(lib_a-vsnprintf.o) (_svfprintf_r)
e:/tempo/iti/embedded system track/aaaaaa) ahmed tourkey/discovery/tools/arm gcc/bin/../lib/gcc/arm-none-eabi/5.4.1/../../../../arm-none-eabi/lib/armv7e-m\libg_nano.a(lib_a-nano-vfprintf_i.o)
                              e:/tempo/iti/embedded system track/aaaaaa) ahmed tourkey/discovery/tools/arm gcc/bin/../lib/gcc/arm-none-eabi/5.4.1/../../../../arm-none-eabi/lib/armv7e-m\libg_nano.a(lib_a-nano-svfprintf.o) (_printf_i)
e:/tempo/iti/embedded system track/aaaaaa) ahmed tourkey/discovery/tools/arm gcc/bin/../lib/gcc/arm-none-eabi/5.4.1/../../../../arm-none-eabi/lib/armv7e-m\libg_nano.a(lib_a-memchr.o)
                              e:/tempo/iti/embedded system track/aaaaaa) ahmed tourkey/discovery/tools/arm gcc/bin/../lib/gcc/arm-none-eabi/5.4.1/../../../../arm-none-eabi/lib/armv7e-m\libg_nano.a(lib_a-nano-svfprintf.o) (memchr)
e:/tempo/iti/embedded system track/aaaaaa) ahmed tourkey/discovery/tools/arm gcc/bin/../lib/gcc/arm-none-eabi/5.4.1/../../../../arm-none-eabi/lib/armv7e-m\libg_nano.a(lib_a-memcpy-stub.o)
                              e:/tempo/iti/embedded system track/aaaaaa) ahmed tourkey/discovery/tools/arm gcc/bin/../lib/gcc/arm-none-eabi/5.4.1/../../../../arm-none-eabi/lib/armv7e-m\libg_nano.a(lib_a-nano-svfprintf.o) (memcpy)
e:/tempo/iti/embedded system track/aaaaaa) ahmed tourkey/discovery/tools/arm gcc/bin/../lib/gcc/arm-none-eabi/5.4.1/../../../../arm-none-eabi/lib/armv7e-m\libg_nano.a(lib_a-memmove.o)
                              e:/tempo/iti/embedded system track/aaaaaa) ahmed tourkey/discovery/tools/arm gcc/bin/../lib/gcc/arm-none-eabi/5.4.1/../../../../arm-none-eabi/lib/armv7e-m\libg_nano.a(lib_a-nano-svfprintf.o) (memmove)
e:/tempo/iti/embedded system track/aaaaaa) ahmed tourkey/discovery/tools/arm gcc/bin/../lib/gcc/arm-none-eabi/5.4.1/../../../../arm-none-eabi/lib/armv7e-m\libg_nano.a(lib_a-nano-freer.o)
                              e:/tempo/iti/embedded system track/aaaaaa) ahmed tourkey/discovery/tools/arm gcc/bin/../lib/gcc/arm-none-eabi/5.4.1/../../../../arm-none-eabi/lib/armv7e-m\libg_nano.a(lib_a-nano-svfprintf.o) (_free_r)
e:/tempo/iti/embedded system track/aaaaaa) ahmed tourkey/discovery/tools/arm gcc/bin/../lib/gcc/arm-none-eabi/5.4.1/../../../../arm-none-eabi/lib/armv7e-m\libg_nano.a(lib_a-nano-mallocr.o)
                              e:/tempo/iti/embedded system track/aaaaaa) ahmed tourkey/discovery/tools/arm gcc/bin/../lib/gcc/arm-none-eabi/5.4.1/../../../../arm-none-eabi/lib/armv7e-m\libg_nano.a(lib_a-nano-svfprintf.o) (_malloc_r)
e:/tempo/iti/embedded system track/aaaaaa) ahmed tourkey/discovery/tools/arm gcc/bin/../lib/gcc/arm-none-eabi/5.4.1/../../../../arm-none-eabi/lib/armv7e-m\libg_nano.a(lib_a-nano-reallocr.o)
[...]
Memory Configuration

Name             Origin             Length             Attributes
RAM              0x20000000         0x00020000         xrw
CCMRAM           0x10000000         0x00010000         xrw
FLASH            0x08000000         0x00100000         xr
FLASHB1          0x00000000         0x00000000         xr
EXTMEMB0         0x00000000         0x00000000         xr
EXTMEMB1         0x00000000         0x00000000         xr
EXTMEMB2         0x00000000         0x00000000         xr
EXTMEMB3         0x00000000         0x00000000         xr
MEMORY_ARRAY     0x20002000         0x00000020         xrw
*default*        0x00000000         0xffffffff

Linker script and memory map

LOAD ./system/src/stm32f4-hal/stm32f4xx_hal.o
LOAD ./system/src/stm32f4-hal/stm32f4xx_hal_cortex.o
LOAD ./system/src/stm32f4-hal/stm32f4xx_hal_dfsdm.o
LOAD ./system/src/stm32f4-hal/stm32f4xx_hal_flash.o
LOAD ./system/src/stm32f4-hal/stm32f4xx_hal_flash_ex.o
LOAD ./system/src/stm32f4-hal/stm32f4xx_hal_flash_ramfunc.o
LOAD ./system/src/stm32f4-hal/stm32f4xx_hal_gpio.o
LOAD ./system/src/stm32f4-hal/stm32f4xx_hal_iwdg.o
LOAD ./system/src/stm32f4-hal/stm32f4xx_hal_pwr.o
LOAD ./system/src/stm32f4-hal/stm32f4xx_hal_rcc.o
LOAD ./system/src/newlib/_cxx.o
LOAD ./system/src/newlib/_exit.o
LOAD ./system/src/newlib/_sbrk.o
LOAD ./system/src/newlib/_startup.o
LOAD ./system/src/newlib/_syscalls.o
LOAD ./system/src/newlib/assert.o
LOAD ./system/src/diag/Trace.o
LOAD ./system/src/diag/trace_impl.o
LOAD ./system/src/cortexm/_initialize_hardware.o
LOAD ./system/src/cortexm/_reset_hardware.o
LOAD ./system/src/cortexm/exception_handlers.o
LOAD ./system/src/cmsis/system_stm32f4xx.o
LOAD ./system/src/cmsis/vectors_stm32f407xx.o
LOAD ./src/GPIO.o
LOAD ./src/Heater.o
LOAD ./src/Rcc.o
LOAD ./src/Timer.o
LOAD ./src/_initialize_hardware.o
LOAD ./src/_write.o
LOAD ./src/main.o
LOAD ./src/stm32f4xx_hal_msp.o
LOAD ./src/stm32f4xx_hal_tim.o
LOAD e:/tempo/iti/embedded system track/aaaaaa) ahmed tourkey/discovery/tools/arm gcc/bin/../lib/gcc/arm-none-eabi/5.4.1/../../../../arm-none-eabi/lib/armv7e-m\libstdc++_nano.a
LOAD e:/tempo/iti/embedded system track/aaaaaa) ahmed tourkey/discovery/tools/arm gcc/bin/../lib/gcc/arm-none-eabi/5.4.1/../../../../arm-none-eabi/lib/armv7e-m\libm.a
START GROUP
LOAD e:/tempo/iti/embedded system track/aaaaaa) ahmed tourkey/discovery/tools/arm gcc/bin/../lib/gcc/arm-none-eabi/5.4.1/armv7e-m\libgcc.a
LOAD e:/tempo/iti/embedded system track/aaaaaa) ahmed tourkey/discovery/tools/arm gcc/bin/../lib/gcc/arm-none-eabi/5.4.1/../../../../arm-none-eabi/lib/armv7e-m\libg_nano.a
LOAD e:/tempo/iti/embedded system track/aaaaaa) ahmed tourkey/discovery/tools/arm gcc/bin/../lib/gcc/arm-none-eabi/5.4.1/../../../../arm-none-eabi/lib/armv7e-m\libc_nano.a
END GROUP
START GROUP
LOAD e:/tempo/iti/embedded system track/aaaaaa) ahmed tourkey/discovery/tools/arm gcc/bin/../lib/gcc/arm-none-eabi/5.4.1/armv7e-m\libgcc.a
LOAD e:/tempo/iti/embedded system track/aaaaaa) ahmed tourkey/discovery/tools/arm gcc/bin/../lib/gcc/arm-none-eabi/5.4.1/../../../../arm-none-eabi/lib/armv7e-m\libc_nano.a
END GROUP
                0x20020000                __stack = (ORIGIN (RAM) + LENGTH (RAM))
                0x20020000                _estack = __stack
                0x00000400                __Main_Stack_Size = 0x400
                [!provide]                PROVIDE (_Main_Stack_Size, __Main_Stack_Size)
                0x2001fc00                __Main_Stack_Limit = (__stack - __Main_Stack_Size)
                [!provide]                PROVIDE (_Main_Stack_Limit, __Main_Stack_Limit)
                0x00000100                _Minimum_Stack_Size = 0x100
                0x20000188                PROVIDE (_Heap_Begin, _end_noinit)
                0x2001fc00                PROVIDE (_Heap_Limit, (__stack - __Main_Stack_Size))

.isr_vector     0x08000000      0x3ec
 FILL mask 0xff
                0x08000000                __vectors_start = ABSOLUTE (.)
                0x08000000                __vectors_start__ = ABSOLUTE (.)
 *(.isr_vector)
 .isr_vector    0x08000000      0x188 ./system/src/cmsis/vectors_stm32f407xx.o
                0x08000000                __isr_vectors
 *(.cfmconfig)
 *(.after_vectors .after_vectors.*)
 .after_vectors
                0x08000188      0x130 ./system/src/newlib/_startup.o
                0x08000188                _start
 .after_vectors
                0x080002b8      0x130 ./system/src/cortexm/exception_handlers.o
                0x080002b8                Reset_Handler
                0x080002c0                NMI_Handler
                0x080002c4                HardFault_Handler
                0x080002d8                HardFault_Handler_C
                0x08000338                MemManage_Handler
                0x0800033c                BusFault_Handler
                0x08000350                BusFault_Handler_C
                0x08000384                UsageFault_Handler
                0x08000398                UsageFault_Handler_C
                0x080003cc                SVC_Handler
                0x080003d0                DebugMon_Handler
                0x080003d4                PendSV_Handler
 .after_vectors
                0x080003e8        0x4 ./system/src/cmsis/vectors_stm32f407xx.o
                0x080003e8                RTC_Alarm_IRQHandler
                0x080003e8                HASH_RNG_IRQHandler
                0x080003e8                EXTI2_IRQHandler
                0x080003e8                TIM8_CC_IRQHandler
                0x080003e8                TIM1_CC_IRQHandler
                0x080003e8                DMA2_Stream5_IRQHandler
                0x080003e8                DMA1_Stream5_IRQHandler
                0x080003e8                PVD_IRQHandler
                0x080003e8                SDIO_IRQHandler
                0x080003e8                TAMP_STAMP_IRQHandler
                0x080003e8                CAN2_RX1_IRQHandler
                0x080003e8                EXTI3_IRQHandler
                0x080003e8                TIM8_TRG_COM_TIM14_IRQHandler
                0x080003e8                TIM1_UP_TIM10_IRQHandler
                0x080003e8                TIM8_UP_TIM13_IRQHandler
                0x080003e8                I2C3_ER_IRQHandler
                0x080003e8                EXTI0_IRQHandler
                0x080003e8                I2C2_EV_IRQHandler
                0x080003e8                DMA1_Stream2_IRQHandler
                0x080003e8                CAN1_RX0_IRQHandler
                0x080003e8                FPU_IRQHandler
                0x080003e8                OTG_HS_WKUP_IRQHandler
                0x080003e8                CAN2_SCE_IRQHandler
                0x080003e8                DMA2_Stream2_IRQHandler
                0x080003e8                SPI1_IRQHandler
                0x080003e8                TIM6_DAC_IRQHandler
                0x080003e8                TIM1_BRK_TIM9_IRQHandler
                0x080003e8                DCMI_IRQHandler
                0x080003e8                CAN2_RX0_IRQHandler
                0x080003e8                DMA2_Stream3_IRQHandler
                0x080003e8                USART6_IRQHandler
                0x080003e8                USART3_IRQHandler
                0x080003e8                CAN1_RX1_IRQHandler
                0x080003e8                UART5_IRQHandler
                0x080003e8                DMA2_Stream0_IRQHandler
                0x080003e8                TIM4_IRQHandler
                0x080003e8                I2C1_EV_IRQHandler
                0x080003e8                DMA1_Stream6_IRQHandler
                0x080003e8                DMA1_Stream1_IRQHandler
                0x080003e8                UART4_IRQHandler
                0x080003e8                TIM3_IRQHandler
                0x080003e8                RCC_IRQHandler
                0x080003e8                TIM8_BRK_TIM12_IRQHandler
                0x080003e8                Default_Handler
                0x080003e8                EXTI15_10_IRQHandler
                0x080003e8                ADC_IRQHandler
                0x080003e8                DMA1_Stream7_IRQHandler
                0x080003e8                TIM7_IRQHandler
                0x080003e8                CAN2_TX_IRQHandler
                0x080003e8                TIM5_IRQHandler
                0x080003e8                DMA2_Stream7_IRQHandler
                0x080003e8                I2C3_EV_IRQHandler
                0x080003e8                EXTI9_5_IRQHandler
                0x080003e8                RTC_WKUP_IRQHandler
                0x080003e8                ETH_WKUP_IRQHandler
                0x080003e8                SPI2_IRQHandler
                0x080003e8                OTG_HS_EP1_IN_IRQHandler
                0x080003e8                DMA1_Stream0_IRQHandler
                0x080003e8                CAN1_TX_IRQHandler
                0x080003e8                EXTI4_IRQHandler
                0x080003e8                ETH_IRQHandler
                0x080003e8                OTG_HS_EP1_OUT_IRQHandler
                0x080003e8                WWDG_IRQHandler
                0x080003e8                TIM2_IRQHandler
                0x080003e8                OTG_FS_WKUP_IRQHandler
                0x080003e8                TIM1_TRG_COM_TIM11_IRQHandler
                0x080003e8                OTG_HS_IRQHandler
                0x080003e8                EXTI1_IRQHandler
                0x080003e8                USART2_IRQHandler
                0x080003e8                I2C2_ER_IRQHandler
                0x080003e8                DMA2_Stream1_IRQHandler
                0x080003e8                CAN1_SCE_IRQHandler
                0x080003e8                FLASH_IRQHandler
                0x080003e8                DMA2_Stream4_IRQHandler
                0x080003e8                USART1_IRQHandler
                0x080003e8                OTG_FS_IRQHandler
                0x080003e8                SPI3_IRQHandler
                0x080003e8                DMA1_Stream4_IRQHandler
                0x080003e8                I2C1_ER_IRQHandler
                0x080003e8                FMC_IRQHandler
                0x080003e8                DMA2_Stream6_IRQHandler
                0x080003e8                DMA1_Stream3_IRQHandler

.inits          0x080003ec       0x28
                0x080003ec                __data_regions_array_start = .
                0x080003ec        0x4 LONG 0x800344c LOADADDR (.data)
                0x080003f0        0x4 LONG 0x20000000 ADDR (.data)
                0x080003f4        0x4 LONG 0x20000078 (ADDR (.data) + SIZEOF (.data))
                0x080003f8        0x4 LONG 0x800344c LOADADDR (.data_CCMRAM)
                0x080003fc        0x4 LONG 0x10000000 ADDR (.data_CCMRAM)
                0x08000400        0x4 LONG 0x10000000 (ADDR (.data_CCMRAM) + SIZEOF (.data_CCMRAM))
                0x08000404                __data_regions_array_end = .
                0x08000404                __bss_regions_array_start = .
                0x08000404        0x4 LONG 0x20000078 ADDR (.bss)
                0x08000408        0x4 LONG 0x20000188 (ADDR (.bss) + SIZEOF (.bss))
                0x0800040c        0x4 LONG 0x10000000 ADDR (.bss_CCMRAM)
                0x08000410        0x4 LONG 0x10000000 (ADDR (.bss_CCMRAM) + SIZEOF (.bss_CCMRAM))
                0x08000414                __bss_regions_array_end = .
 *(.init)
 *(.fini)
                0x08000414                . = ALIGN (0x4)
                0x08000414                PROVIDE (__preinit_array_start, .)
 *(.preinit_array_sysinit .preinit_array_sysinit.*)
 *(.preinit_array_platform .preinit_array_platform.*)
 *(.preinit_array .preinit_array.*)
                0x08000414                PROVIDE (__preinit_array_end, .)
                0x08000414                . = ALIGN (0x4)
                0x08000414                PROVIDE (__init_array_start, .)
 *(SORT(.init_array.*))
 *(.init_array)
                0x08000414                PROVIDE (__init_array_end, .)
                0x08000414                . = ALIGN (0x4)
                0x08000414                PROVIDE (__fini_array_start, .)
 *(SORT(.fini_array.*))
 *(.fini_array)
                0x08000414                PROVIDE (__fini_array_end, .)

.flashtext
 *(.flashtext .flashtext.*)

.text           0x08000420     0x302b
 *(.text .text.*)
 .text.HAL_InitTick
                0x08000420       0x2c ./system/src/stm32f4-hal/stm32f4xx_hal.o
                0x08000420                HAL_InitTick
 .text.HAL_Init
                0x0800044c       0x34 ./system/src/stm32f4-hal/stm32f4xx_hal.o
                0x0800044c                HAL_Init
 .text.HAL_IncTick
                0x08000480       0x10 ./system/src/stm32f4-hal/stm32f4xx_hal.o
                0x08000480                HAL_IncTick
 .text.HAL_GetTick
                0x08000490        0xc ./system/src/stm32f4-hal/stm32f4xx_hal.o
                0x08000490                HAL_GetTick
 .text.HAL_NVIC_SetPriorityGrouping
                0x0800049c       0x3c ./system/src/stm32f4-hal/stm32f4xx_hal_cortex.o
                0x0800049c                HAL_NVIC_SetPriorityGrouping
 .text.HAL_NVIC_SetPriority
                0x080004d8       0x84 ./system/src/stm32f4-hal/stm32f4xx_hal_cortex.o
                0x080004d8                HAL_NVIC_SetPriority
 .text.HAL_SYSTICK_Config
                0x0800055c       0x2c ./system/src/stm32f4-hal/stm32f4xx_hal_cortex.o
                0x0800055c                HAL_SYSTICK_Config
 .text.HAL_SYSTICK_CLKSourceConfig
                0x08000588       0x38 ./system/src/stm32f4-hal/stm32f4xx_hal_cortex.o
                0x08000588                HAL_SYSTICK_CLKSourceConfig
 .text.HAL_RCC_OscConfig
                0x080005c0      0x448 ./system/src/stm32f4-hal/stm32f4xx_hal_rcc.o
                0x080005c0                HAL_RCC_OscConfig
 .text.HAL_RCC_GetSysClockFreq
                0x08000a08       0xa0 ./system/src/stm32f4-hal/stm32f4xx_hal_rcc.o
                0x08000a08                HAL_RCC_GetSysClockFreq
 .text.HAL_RCC_ClockConfig
                0x08000aa8      0x264 ./system/src/stm32f4-hal/stm32f4xx_hal_rcc.o
                0x08000aa8                HAL_RCC_ClockConfig
 .text.HAL_RCC_GetHCLKFreq
                0x08000d0c        0xc ./system/src/stm32f4-hal/stm32f4xx_hal_rcc.o
                0x08000d0c                HAL_RCC_GetHCLKFreq
 .text._exit    0x08000d18        0x4 ./system/src/newlib/_exit.o
                0x08000d18                _exit
 .text.abort    0x08000d1c       0x14 ./system/src/newlib/_exit.o
                0x08000d1c                abort
 .text._sbrk    0x08000d30       0x44 ./system/src/newlib/_sbrk.o
                0x08000d30                _sbrk
 .text.__initialize_args
                0x08000d74       0x10 ./system/src/newlib/_syscalls.o
                0x08000d74                __initialize_args
 .text.assert_failed
                0x08000d84       0x14 ./system/src/newlib/assert.o
                0x08000d84                assert_failed
 .text.trace_printf
                0x08000d98       0x30 ./system/src/diag/Trace.o
                0x08000d98                trace_printf
 .text.trace_puts
                0x08000dc8       0x20 ./system/src/diag/Trace.o
                0x08000dc8                trace_puts
 .text._trace_write_semihosting_debug
                0x08000de8       0x64 ./system/src/diag/trace_impl.o
 .text.trace_write
                0x08000e4c        0x8 ./system/src/diag/trace_impl.o
                0x08000e4c                trace_write
 .text.__initialize_hardware_early
                0x08000e54       0x18 ./system/src/cortexm/_initialize_hardware.o
                0x08000e54                __initialize_hardware_early
 .text.dumpExceptionStack
                0x08000e6c       0xf0 ./system/src/cortexm/exception_handlers.o
                0x08000e6c                dumpExceptionStack
 .text.isSemihosting
                0x08000f5c       0x20 ./system/src/cortexm/exception_handlers.o
                0x08000f5c                isSemihosting
 .text.SystemInit
                0x08000f7c       0x40 ./system/src/cmsis/system_stm32f4xx.o
                0x08000f7c                SystemInit
 .text.SystemCoreClockUpdate
                0x08000fbc       0xa0 ./system/src/cmsis/system_stm32f4xx.o
                0x08000fbc                SystemCoreClockUpdate
 .text.GPIO_InitPin
                0x0800105c      0x148 ./src/GPIO.o
                0x0800105c                GPIO_InitPin
 .text.HEATER_enuInit
                0x080011a4       0x90 ./src/Heater.o
                0x080011a4                HEATER_enuInit
 .text.HEATER_enuChangeDutyCycle
                0x08001234       0x48 ./src/Heater.o
                0x08001234                HEATER_enuChangeDutyCycle
 .text.HEATER_enuStart
                0x0800127c       0x10 ./src/Heater.o
                0x0800127c                HEATER_enuStart
 .text.HEATER_enuStop
                0x0800128c       0x10 ./src/Heater.o
                0x0800128c                HEATER_enuStop
 .text.HAL_TIM_PWM_MspInit
                0x0800129c       0x6c ./src/Heater.o
                0x0800129c                HAL_TIM_PWM_MspInit
 .text.RCC_ControlAHB1PeriClk
                0x08001308       0x94 ./src/Rcc.o
                0x08001308                RCC_ControlAHB1PeriClk
 .text.RCC_ControlAPB1PeriClk
                0x0800139c       0x9c ./src/Rcc.o
                0x0800139c                RCC_ControlAPB1PeriClk
 .text.timer_start
                0x08001438       0x3c ./src/Timer.o
                0x08001438                timer_start
 .text.timer_sleep
                0x08001474       0x14 ./src/Timer.o
                0x08001474                timer_sleep
 .text.timer_tick
                0x08001488       0x14 ./src/Timer.o
                0x08001488                timer_tick
 .text.SysTick_Handler
                0x0800149c        0xc ./src/Timer.o
                0x0800149c                SysTick_Handler
 .text.SystemClock_Config
                0x080014a8       0x9c ./src/_initialize_hardware.o
                0x080014a8                SystemClock_Config
 .text.__initialize_hardware
                0x08001544       0x10 ./src/_initialize_hardware.o
                0x08001544                __initialize_hardware
 .text.main     0x08001554       0xcc ./src/main.o
                0x08001554                main
 .text.HAL_MspInit
                0x08001620        0x4 ./src/stm32f4xx_hal_msp.o
                0x08001620                HAL_MspInit
 .text.TIM_OC1_SetConfig
                0x08001624       0x68 ./src/stm32f4xx_hal_tim.o
 .text.TIM_OC3_SetConfig
                0x0800168c       0xb4 ./src/stm32f4xx_hal_tim.o
 .text.TIM_OC4_SetConfig
                0x08001740       0x7c ./src/stm32f4xx_hal_tim.o
 .text.TIM_Base_SetConfig
                0x080017bc      0x11c ./src/stm32f4xx_hal_tim.o
                0x080017bc                TIM_Base_SetConfig
 .text.HAL_TIM_PWM_Init
                0x080018d8       0xf4 ./src/stm32f4xx_hal_tim.o
                0x080018d8                HAL_TIM_PWM_Init
 .text.TIM_OC2_SetConfig
                0x080019cc       0x90 ./src/stm32f4xx_hal_tim.o
                0x080019cc                TIM_OC2_SetConfig
 .text.HAL_TIM_PWM_ConfigChannel
                0x08001a5c      0x274 ./src/stm32f4xx_hal_tim.o
                0x08001a5c                HAL_TIM_PWM_ConfigChannel
 .text.TIM_CCxChannelCmd
                0x08001cd0       0xac ./src/stm32f4xx_hal_tim.o
                0x08001cd0                TIM_CCxChannelCmd
 .text.HAL_TIM_PWM_Start
                0x08001d7c       0xe0 ./src/stm32f4xx_hal_tim.o
                0x08001d7c                HAL_TIM_PWM_Start
 .text.HAL_TIM_PWM_Stop
                0x08001e5c      0x110 ./src/stm32f4xx_hal_tim.o
                0x08001e5c                HAL_TIM_PWM_Stop
 .text          0x08001f6c      0x370 e:/tempo/iti/embedded system track/aaaaaa) ahmed tourkey/discovery/tools/arm gcc/bin/../lib/gcc/arm-none-eabi/5.4.1/armv7e-m\libgcc.a(_arm_addsubdf3.o)
                0x08001f6c                __aeabi_drsub
                0x08001f74                __aeabi_dsub
                0x08001f74                __subdf3
                0x08001f78                __aeabi_dadd
                0x08001f78                __adddf3
                0x080021f0                __floatunsidf
                0x080021f0                __aeabi_ui2d
                0x08002210                __floatsidf
                0x08002210                __aeabi_i2d
                0x08002234                __aeabi_f2d
                0x08002234                __extendsfdf2
                0x08002270                __floatundidf
                0x08002270                __aeabi_ul2d
                0x08002280                __floatdidf
                0x08002280                __aeabi_l2d
 .text          0x080022dc      0x424 e:/tempo/iti/embedded system track/aaaaaa) ahmed tourkey/discovery/tools/arm gcc/bin/../lib/gcc/arm-none-eabi/5.4.1/armv7e-m\libgcc.a(_arm_muldivdf3.o)
                0x080022dc                __aeabi_dmul
                0x080022dc                __muldf3
                0x08002530                __divdf3
                0x08002530                __aeabi_ddiv
 .text          0x08002700       0x40 e:/tempo/iti/embedded system track/aaaaaa) ahmed tourkey/discovery/tools/arm gcc/bin/../lib/gcc/arm-none-eabi/5.4.1/armv7e-m\libgcc.a(_arm_fixunsdfsi.o)
                0x08002700                __aeabi_d2uiz
                0x08002700                __fixunsdfsi
 .text.__errno  0x08002740        0xc e:/tempo/iti/embedded system track/aaaaaa) ahmed tourkey/discovery/tools/arm gcc/bin/../lib/gcc/arm-none-eabi/5.4.1/../../../../arm-none-eabi/lib/armv7e-m\libg_nano.a(lib_a-errno.o)
                0x08002740                __errno
 .text          0x0800274c       0x10 e:/tempo/iti/embedded system track/aaaaaa) ahmed tourkey/discovery/tools/arm gcc/bin/../lib/gcc/arm-none-eabi/5.4.1/../../../../arm-none-eabi/lib/armv7e-m\libg_nano.a(lib_a-strlen.o)
                0x0800274c                strlen
 .text._vsnprintf_r
                0x0800275c       0x56 e:/tempo/iti/embedded system track/aaaaaa) ahmed tourkey/discovery/tools/arm gcc/bin/../lib/gcc/arm-none-eabi/5.4.1/../../../../arm-none-eabi/lib/armv7e-m\libg_nano.a(lib_a-vsnprintf.o)
                0x0800275c                _vsniprintf_r
                0x0800275c                _vsnprintf_r
 *fill*         0x080027b2        0x2 
 .text.vsnprintf
                0x080027b4       0x1c e:/tempo/iti/embedded system track/aaaaaa) ahmed tourkey/discovery/tools/arm gcc/bin/../lib/gcc/arm-none-eabi/5.4.1/../../../../arm-none-eabi/lib/armv7e-m\libg_nano.a(lib_a-vsnprintf.o)
                0x080027b4                vsniprintf
                0x080027b4                vsnprintf
 .text.__ssputs_r
                0x080027d0       0xb2 e:/tempo/iti/embedded system track/aaaaaa) ahmed tourkey/discovery/tools/arm gcc/bin/../lib/gcc/arm-none-eabi/5.4.1/../../../../arm-none-eabi/lib/armv7e-m\libg_nano.a(lib_a-nano-svfprintf.o)
                0x080027d0                __ssputs_r
 *fill*         0x08002882        0x2 
 .text._svfprintf_r
                0x08002884      0x1e8 e:/tempo/iti/embedded system track/aaaaaa) ahmed tourkey/discovery/tools/arm gcc/bin/../lib/gcc/arm-none-eabi/5.4.1/../../../../arm-none-eabi/lib/armv7e-m\libg_nano.a(lib_a-nano-svfprintf.o)
                0x08002884                _svfiprintf_r
                0x08002884                _svfprintf_r
 .text._printf_common
                0x08002a6c       0xec e:/tempo/iti/embedded system track/aaaaaa) ahmed tourkey/discovery/tools/arm gcc/bin/../lib/gcc/arm-none-eabi/5.4.1/../../../../arm-none-eabi/lib/armv7e-m\libg_nano.a(lib_a-nano-vfprintf_i.o)
                0x08002a6c                _printf_common
 .text._printf_i
                0x08002b58      0x24c e:/tempo/iti/embedded system track/aaaaaa) ahmed tourkey/discovery/tools/arm gcc/bin/../lib/gcc/arm-none-eabi/5.4.1/../../../../arm-none-eabi/lib/armv7e-m\libg_nano.a(lib_a-nano-vfprintf_i.o)
                0x08002b58                _printf_i
 *fill*         0x08002da4        0xc 
 .text          0x08002db0       0xa0 e:/tempo/iti/embedded system track/aaaaaa) ahmed tourkey/discovery/tools/arm gcc/bin/../lib/gcc/arm-none-eabi/5.4.1/../../../../arm-none-eabi/lib/armv7e-m\libg_nano.a(lib_a-memchr.o)
                0x08002db0                memchr
 .text.memcpy   0x08002e50       0x16 e:/tempo/iti/embedded system track/aaaaaa) ahmed tourkey/discovery/tools/arm gcc/bin/../lib/gcc/arm-none-eabi/5.4.1/../../../../arm-none-eabi/lib/armv7e-m\libg_nano.a(lib_a-memcpy-stub.o)
                0x08002e50                memcpy
 .text.memmove  0x08002e66       0x36 e:/tempo/iti/embedded system track/aaaaaa) ahmed tourkey/discovery/tools/arm gcc/bin/../lib/gcc/arm-none-eabi/5.4.1/../../../../arm-none-eabi/lib/armv7e-m\libg_nano.a(lib_a-memmove.o)
                0x08002e66                memmove
 .text._free_r  0x08002e9c       0x9c e:/tempo/iti/embedded system track/aaaaaa) ahmed tourkey/discovery/tools/arm gcc/bin/../lib/gcc/arm-none-eabi/5.4.1/../../../../arm-none-eabi/lib/armv7e-m\libg_nano.a(lib_a-nano-freer.o)
                0x08002e9c                _free_r
 .text._malloc_r
                0x08002f38       0xbc e:/tempo/iti/embedded system track/aaaaaa) ahmed tourkey/discovery/tools/arm gcc/bin/../lib/gcc/arm-none-eabi/5.4.1/../../../../arm-none-eabi/lib/armv7e-m\libg_nano.a(lib_a-nano-mallocr.o)
                0x08002f38                _malloc_r
 .text._realloc_r
                0x08002ff4       0x4c e:/tempo/iti/embedded system track/aaaaaa) ahmed tourkey/discovery/tools/arm gcc/bin/../lib/gcc/arm-none-eabi/5.4.1/../../../../arm-none-eabi/lib/armv7e-m\libg_nano.a(lib_a-nano-reallocr.o)
                0x08002ff4                _realloc_r
 .text._sbrk_r  0x08003040       0x20 e:/tempo/iti/embedded system track/aaaaaa) ahmed tourkey/discovery/tools/arm gcc/bin/../lib/gcc/arm-none-eabi/5.4.1/../../../../arm-none-eabi/lib/armv7e-m\libg_nano.a(lib_a-sbrkr.o)
                0x08003040                _sbrk_r
 .text.__malloc_lock
                0x08003060        0x2 e:/tempo/iti/embedded system track/aaaaaa) ahmed tourkey/discovery/tools/arm gcc/bin/../lib/gcc/arm-none-eabi/5.4.1/../../../../arm-none-eabi/lib/armv7e-m\libg_nano.a(lib_a-mlock.o)
                0x08003060                __malloc_lock
 .text.__malloc_unlock
                0x08003062        0x2 e:/tempo/iti/embedded system track/aaaaaa) ahmed tourkey/discovery/tools/arm gcc/bin/../lib/gcc/arm-none-eabi/5.4.1/../../../../arm-none-eabi/lib/armv7e-m\libg_nano.a(lib_a-mlock.o)
                0x08003062                __malloc_unlock
 .text._malloc_usable_size_r
                0x08003064       0x14 e:/tempo/iti/embedded system track/aaaaaa) ahmed tourkey/discovery/tools/arm gcc/bin/../lib/gcc/arm-none-eabi/5.4.1/../../../../arm-none-eabi/lib/armv7e-m\libg_nano.a(lib_a-nano-msizer.o)
                0x08003064                _malloc_usable_size_r
 *(.rodata .rodata.* .constdata .constdata.*)
 .rodata.str1.4
                0x08003078       0x31 ./system/src/stm32f4-hal/stm32f4xx_hal_cortex.o
 *fill*         0x080030a9        0x3 
 .rodata.APBAHBPrescTable
                0x080030ac       0x10 ./system/src/stm32f4-hal/stm32f4xx_hal_rcc.o
                0x080030ac                APBAHBPrescTable
 .rodata.str1.4
                0x080030bc       0x2e ./system/src/stm32f4-hal/stm32f4xx_hal_rcc.o
 *fill*         0x080030ea        0x2 
 .rodata.str1.4
                0x080030ec       0x14 ./system/src/newlib/_exit.o
 .rodata.str1.4
                0x08003100       0x6b ./system/src/newlib/assert.o
                                 0x6f (size before relaxing)
 *fill*         0x0800316b        0x1 
 .rodata.str1.4
                0x0800316c       0x29 ./system/src/diag/Trace.o
                                 0x2d (size before relaxing)
 *fill*         0x08003195        0x3 
 .rodata.str1.4
                0x08003198      0x146 ./system/src/cortexm/exception_handlers.o
 *fill*         0x080032de        0x2 
 .rodata.AHBPrescTable
                0x080032e0       0x10 ./system/src/cmsis/system_stm32f4xx.o
                0x080032e0                AHBPrescTable
 .rodata.str1.4
                0x080032f0       0x52 ./src/Heater.o
 *fill*         0x08003342        0x2 
 .rodata.str1.4
                0x08003344       0xb7 ./src/main.o
 *fill*         0x080033fb        0x1 
 .rodata.str1.4
                0x080033fc       0x1c ./src/stm32f4xx_hal_tim.o
                                 0x1b (size before relaxing)
 .rodata.str1.1
                0x08003418       0x11 e:/tempo/iti/embedded system track/aaaaaa) ahmed tourkey/discovery/tools/arm gcc/bin/../lib/gcc/arm-none-eabi/5.4.1/../../../../arm-none-eabi/lib/armv7e-m\libg_nano.a(lib_a-nano-svfprintf.o)
 .rodata.str1.1
                0x08003429       0x22 e:/tempo/iti/embedded system track/aaaaaa) ahmed tourkey/discovery/tools/arm gcc/bin/../lib/gcc/arm-none-eabi/5.4.1/../../../../arm-none-eabi/lib/armv7e-m\libg_nano.a(lib_a-nano-vfprintf_i.o)
 *(vtable)
 *(.eh_frame*)
 *(.glue_7)
 .glue_7        0x0800344b        0x0 linker stubs
 *(.glue_7t)
 .glue_7t       0x0800344b        0x0 linker stubs

.vfp11_veneer   0x0800344c        0x0
 .vfp11_veneer  0x0800344c        0x0 linker stubs

.v4_bx          0x0800344c        0x0
 .v4_bx         0x0800344c        0x0 linker stubs

.iplt           0x0800344c        0x0
 .iplt          0x0800344c        0x0 ./system/src/stm32f4-hal/stm32f4xx_hal.o

.rel.dyn        0x0800344c        0x0
 .rel.iplt      0x0800344c        0x0 ./system/src/stm32f4-hal/stm32f4xx_hal.o

.ARM.extab
 *(.ARM.extab* .gnu.linkonce.armextab.*)
                0x0800344c                . = ALIGN (0x4)
                0x0800344c                __exidx_start = .

.ARM.exidx
 *(.ARM.exidx* .gnu.linkonce.armexidx.*)
                0x0800344c                __exidx_end = .
                0x0800344c                . = ALIGN (0x4)
                0x0800344c                _etext = .
                0x0800344c                __etext = .

.data_CCMRAM    0x10000000        0x0 load address 0x0800344c
 FILL mask 0xff
 *(.data.CCMRAM .data.CCMRAM.*)
                0x10000000                . = ALIGN (0x4)
                0x0800344c                _sidata = LOADADDR (.data)

.data           0x20000000       0x78 load address 0x0800344c
 FILL mask 0xff
                0x20000000                _sdata = .
                0x20000000                __data_start__ = .
 *(.data_begin .data_begin.*)
 .data_begin    0x20000000        0x4 ./system/src/newlib/_startup.o
 *(.data .data.*)
 .data.argv.4290
                0x20000004        0x8 ./system/src/newlib/_syscalls.o
 .data.SystemCoreClock
                0x2000000c        0x4 ./system/src/cmsis/system_stm32f4xx.o
                0x2000000c                SystemCoreClock
 .data.impure_data
                0x20000010       0x60 e:/tempo/iti/embedded system track/aaaaaa) ahmed tourkey/discovery/tools/arm gcc/bin/../lib/gcc/arm-none-eabi/5.4.1/../../../../arm-none-eabi/lib/armv7e-m\libg_nano.a(lib_a-impure.o)
 .data._impure_ptr
                0x20000070        0x4 e:/tempo/iti/embedded system track/aaaaaa) ahmed tourkey/discovery/tools/arm gcc/bin/../lib/gcc/arm-none-eabi/5.4.1/../../../../arm-none-eabi/lib/armv7e-m\libg_nano.a(lib_a-impure.o)
                0x20000070                _impure_ptr
 *(.data_end .data_end.*)
 .data_end      0x20000074        0x4 ./system/src/newlib/_startup.o
                0x20000078                . = ALIGN (0x4)
                0x20000078                _edata = .
                0x20000078                __data_end__ = .

.igot.plt       0x20000078        0x0 load address 0x080034c4
 .igot.plt      0x20000078        0x0 ./system/src/stm32f4-hal/stm32f4xx_hal.o

.bss_CCMRAM     0x10000000        0x0
 *(.bss.CCMRAM .bss.CCMRAM.*)

.bss            0x20000078      0x110
                0x20000078                __bss_start__ = .
                0x20000078                _sbss = .
 *(.bss_begin .bss_begin.*)
 .bss_begin     0x20000078        0x4 ./system/src/newlib/_startup.o
 *(.bss .bss.*)
 .bss.current_heap_end.3974
                0x2000007c        0x4 ./system/src/newlib/_sbrk.o
 .bss.name.4289
                0x20000080        0x1 ./system/src/newlib/_syscalls.o
 *fill*         0x20000081        0x3 
 .bss.buf.5179  0x20000084       0x80 ./system/src/diag/Trace.o
 .bss.HeaterOCInitConfigs
                0x20000104       0x1c ./src/Heater.o
 .bss.HeaterTimerInitConfigs
                0x20000120       0x14 ./src/Heater.o
 .bss.HeaterConfigs
                0x20000134       0x3c ./src/Heater.o
 .bss.__malloc_sbrk_start
                0x20000170        0x4 e:/tempo/iti/embedded system track/aaaaaa) ahmed tourkey/discovery/tools/arm gcc/bin/../lib/gcc/arm-none-eabi/5.4.1/../../../../arm-none-eabi/lib/armv7e-m\libg_nano.a(lib_a-nano-mallocr.o)
                0x20000170                __malloc_sbrk_start
 .bss.__malloc_free_list
                0x20000174        0x4 e:/tempo/iti/embedded system track/aaaaaa) ahmed tourkey/discovery/tools/arm gcc/bin/../lib/gcc/arm-none-eabi/5.4.1/../../../../arm-none-eabi/lib/armv7e-m\libg_nano.a(lib_a-nano-mallocr.o)
                0x20000174                __malloc_free_list
 *(COMMON)
 COMMON         0x20000178        0x4 ./system/src/stm32f4-hal/stm32f4xx_hal.o
                0x20000178                uwTick
 COMMON         0x2000017c        0x4 ./system/src/newlib/_syscalls.o
                0x2000017c                errno
 COMMON         0x20000180        0x4 ./src/Timer.o
                0x20000180                timer_delayCount
 *(.bss_end .bss_end.*)
 .bss_end       0x20000184        0x4 ./system/src/newlib/_startup.o
                0x20000188                . = ALIGN (0x4)
                0x20000188                __bss_end__ = .
                0x20000188                _ebss = .

.noinit_CCMRAM
 *(.noinit.CCMRAM .noinit.CCMRAM.*)

.noinit         0x20000188        0x0
                0x20000188                _noinit = .
 *(.noinit .noinit.*)
                0x20000188                . = ALIGN (0x4)
                0x20000188                _end_noinit = .
                [!provide]                PROVIDE (end, _end_noinit)
                [!provide]                PROVIDE (_end, _end_noinit)
                [!provide]                PROVIDE (__end, _end_noinit)
                [!provide]                PROVIDE (__end__, _end_noinit)

._check_stack   0x20000188      0x100
                0x20000288                . = (. + _Minimum_Stack_Size)
 *fill*         0x20000188      0x100 

.b1text
 *(.b1text)
 *(.b1rodata)
 *(.b1rodata.*)

.eb0text
 *(.eb0text)
 *(.eb0rodata)
 *(.eb0rodata.*)

.eb1text
 *(.eb1text)
 *(.eb1rodata)
 *(.eb1rodata.*)

.eb2text
 *(.eb2text)
 *(.eb2rodata)
 *(.eb2rodata.*)

.eb3text
 *(.eb3text)
 *(.eb3rodata)
 *(.eb3rodata.*)

.stab
 *(.stab)

.stabstr
 *(.stabstr)

.stab.excl
 *(.stab.excl)

.stab.exclstr
 *(.stab.exclstr)

.stab.index
 *(.stab.index)

.stab.indexstr
 *(.stab.indexstr)

.comment        0x00000000       0x6e
 *(.comment)
 .comment       0x00000000       0x6e ./system/src/stm32f4-hal/stm32f4xx_hal.o
                                 0x6f (size before relaxing)
 .comment       0x0000006e       0x6f ./system/src/stm32f4-hal/stm32f4xx_hal_cortex.o
 .comment       0x0000006e       0x6f ./system/src/stm32f4-hal/stm32f4xx_hal_rcc.o
 .comment       0x0000006e       0x6f ./system/src/newlib/_exit.o
 .comment       0x0000006e       0x6f ./system/src/newlib/_sbrk.o
 .comment       0x0000006e       0x6f ./system/src/newlib/_startup.o
 .comment       0x0000006e       0x6f ./system/src/newlib/_syscalls.o
 .comment       0x0000006e       0x6f ./system/src/newlib/assert.o
 .comment       0x0000006e       0x6f ./system/src/diag/Trace.o
 .comment       0x0000006e       0x6f ./system/src/diag/trace_impl.o
 .comment       0x0000006e       0x6f ./system/src/cortexm/_initialize_hardware.o
 .comment       0x0000006e       0x6f ./system/src/cortexm/exception_handlers.o
 .comment       0x0000006e       0x6f ./system/src/cmsis/system_stm32f4xx.o
 .comment       0x0000006e       0x6f ./system/src/cmsis/vectors_stm32f407xx.o
 .comment       0x0000006e       0x6f ./src/GPIO.o
 .comment       0x0000006e       0x6f ./src/Heater.o
 .comment       0x0000006e       0x6f ./src/Rcc.o
 .comment       0x0000006e       0x6f ./src/Timer.o
 .comment       0x0000006e       0x6f ./src/_initialize_hardware.o
 .comment       0x0000006e       0x6f ./src/main.o
 .comment       0x0000006e       0x6f ./src/stm32f4xx_hal_msp.o
 .comment       0x0000006e       0x6f ./src/stm32f4xx_hal_tim.o

.ARM.attributes
                0x00000000       0x31
 .ARM.attributes
                0x00000000       0x33 ./system/src/stm32f4-hal/stm32f4xx_hal.o
 .ARM.attributes
                0x00000033       0x33 ./system/src/stm32f4-hal/stm32f4xx_hal_cortex.o
 .ARM.attributes
                0x00000066       0x33 ./system/src/stm32f4-hal/stm32f4xx_hal_rcc.o
 .ARM.attributes
                0x00000099       0x33 ./system/src/newlib/_exit.o
 .ARM.attributes
                0x000000cc       0x33 ./system/src/newlib/_sbrk.o
 .ARM.attributes
                0x000000ff       0x33 ./system/src/newlib/_startup.o
 .ARM.attributes
                0x00000132       0x33 ./system/src/newlib/_syscalls.o
 .ARM.attributes
                0x00000165       0x33 ./system/src/newlib/assert.o
 .ARM.attributes
                0x00000198       0x33 ./system/src/diag/Trace.o
 .ARM.attributes
                0x000001cb       0x33 ./system/src/diag/trace_impl.o
 .ARM.attributes
                0x000001fe       0x33 ./system/src/cortexm/_initialize_hardware.o
 .ARM.attributes
                0x00000231       0x33 ./system/src/cortexm/exception_handlers.o
 .ARM.attributes
                0x00000264       0x33 ./system/src/cmsis/system_stm32f4xx.o
 .ARM.attributes
                0x00000297       0x33 ./system/src/cmsis/vectors_stm32f407xx.o
 .ARM.attributes
                0x000002ca       0x33 ./src/GPIO.o
 .ARM.attributes
                0x000002fd       0x33 ./src/Heater.o
 .ARM.attributes
                0x00000330       0x33 ./src/Rcc.o
 .ARM.attributes
                0x00000363       0x33 ./src/Timer.o
 .ARM.attributes
                0x00000396       0x33 ./src/_initialize_hardware.o
 .ARM.attributes
                0x000003c9       0x33 ./src/main.o
 .ARM.attributes
                0x000003fc       0x33 ./src/stm32f4xx_hal_msp.o
 .ARM.attributes
                0x0000042f       0x33 ./src/stm32f4xx_hal_tim.o
 .ARM.attributes
                0x00000462       0x1e e:/tempo/iti/embedded system track/aaaaaa) ahmed tourkey/discovery/tools/arm gcc/bin/../lib/gcc/arm-none-eabi/5.4.1/armv7e-m\libgcc.a(_arm_addsubdf3.o)
 .ARM.attributes
                0x00000480       0x1e e:/tempo/iti/embedded system track/aaaaaa) ahmed tourkey/discovery/tools/arm gcc/bin/../lib/gcc/arm-none-eabi/5.4.1/armv7e-m\libgcc.a(_arm_muldivdf3.o)
 .ARM.attributes
                0x0000049e       0x1e e:/tempo/iti/embedded system track/aaaaaa) ahmed tourkey/discovery/tools/arm gcc/bin/../lib/gcc/arm-none-eabi/5.4.1/armv7e-m\libgcc.a(_arm_fixunsdfsi.o)
 .ARM.attributes
                0x000004bc       0x2e e:/tempo/iti/embedded system track/aaaaaa) ahmed tourkey/discovery/tools/arm gcc/bin/../lib/gcc/arm-none-eabi/5.4.1/../../../../arm-none-eabi/lib/armv7e-m\libg_nano.a(lib_a-errno.o)
 .ARM.attributes
                0x000004ea       0x2e e:/tempo/iti/embedded system track/aaaaaa) ahmed tourkey/discovery/tools/arm gcc/bin/../lib/gcc/arm-none-eabi/5.4.1/../../../../arm-none-eabi/lib/armv7e-m\libg_nano.a(lib_a-impure.o)
 .ARM.attributes
                0x00000518       0x17 e:/tempo/iti/embedded system track/aaaaaa) ahmed tourkey/discovery/tools/arm gcc/bin/../lib/gcc/arm-none-eabi/5.4.1/../../../../arm-none-eabi/lib/armv7e-m\libg_nano.a(lib_a-strlen.o)
 .ARM.attributes
                0x0000052f       0x2e e:/tempo/iti/embedded system track/aaaaaa) ahmed tourkey/discovery/tools/arm gcc/bin/../lib/gcc/arm-none-eabi/5.4.1/../../../../arm-none-eabi/lib/armv7e-m\libg_nano.a(lib_a-vsnprintf.o)
 .ARM.attributes
                0x0000055d       0x2e e:/tempo/iti/embedded system track/aaaaaa) ahmed tourkey/discovery/tools/arm gcc/bin/../lib/gcc/arm-none-eabi/5.4.1/../../../../arm-none-eabi/lib/armv7e-m\libg_nano.a(lib_a-nano-svfprintf.o)
 .ARM.attributes
                0x0000058b       0x2e e:/tempo/iti/embedded system track/aaaaaa) ahmed tourkey/discovery/tools/arm gcc/bin/../lib/gcc/arm-none-eabi/5.4.1/../../../../arm-none-eabi/lib/armv7e-m\libg_nano.a(lib_a-nano-vfprintf_i.o)
 .ARM.attributes
                0x000005b9       0x1c e:/tempo/iti/embedded system track/aaaaaa) ahmed tourkey/discovery/tools/arm gcc/bin/../lib/gcc/arm-none-eabi/5.4.1/../../../../arm-none-eabi/lib/armv7e-m\libg_nano.a(lib_a-memchr.o)
 .ARM.attributes
                0x000005d5       0x2e e:/tempo/iti/embedded system track/aaaaaa) ahmed tourkey/discovery/tools/arm gcc/bin/../lib/gcc/arm-none-eabi/5.4.1/../../../../arm-none-eabi/lib/armv7e-m\libg_nano.a(lib_a-memcpy-stub.o)
 .ARM.attributes
                0x00000603       0x2e e:/tempo/iti/embedded system track/aaaaaa) ahmed tourkey/discovery/tools/arm gcc/bin/../lib/gcc/arm-none-eabi/5.4.1/../../../../arm-none-eabi/lib/armv7e-m\libg_nano.a(lib_a-memmove.o)
 .ARM.attributes
                0x00000631       0x2e e:/tempo/iti/embedded system track/aaaaaa) ahmed tourkey/discovery/tools/arm gcc/bin/../lib/gcc/arm-none-eabi/5.4.1/../../../../arm-none-eabi/lib/armv7e-m\libg_nano.a(lib_a-nano-freer.o)
 .ARM.attributes
                0x0000065f       0x2e e:/tempo/iti/embedded system track/aaaaaa) ahmed tourkey/discovery/tools/arm gcc/bin/../lib/gcc/arm-none-eabi/5.4.1/../../../../arm-none-eabi/lib/armv7e-m\libg_nano.a(lib_a-nano-mallocr.o)
 .ARM.attributes
                0x0000068d       0x2e e:/tempo/iti/embedded system track/aaaaaa) ahmed tourkey/discovery/tools/arm gcc/bin/../lib/gcc/arm-none-eabi/5.4.1/../../../../arm-none-eabi/lib/armv7e-m\libg_nano.a(lib_a-nano-reallocr.o)
 .ARM.attributes
                0x000006bb       0x2e e:/tempo/iti/embedded system track/aaaaaa) ahmed tourkey/discovery/tools/arm gcc/bin/../lib/gcc/arm-none-eabi/5.4.1/../../../../arm-none-eabi/lib/armv7e-m\libg_nano.a(lib_a-sbrkr.o)
 .ARM.attributes
                0x000006e9       0x2e e:/tempo/iti/embedded system track/aaaaaa) ahmed tourkey/discovery/tools/arm gcc/bin/../lib/gcc/arm-none-eabi/5.4.1/../../../../arm-none-eabi/lib/armv7e-m\libg_nano.a(lib_a-mlock.o)
 .ARM.attributes
                0x00000717       0x2e e:/tempo/iti/embedded system track/aaaaaa) ahmed tourkey/discovery/tools/arm gcc/bin/../lib/gcc/arm-none-eabi/5.4.1/../../../../arm-none-eabi/lib/armv7e-m\libg_nano.a(lib_a-nano-msizer.o)

.debug
 *(.debug)

.line
 *(.line)

.debug_srcinfo
 *(.debug_srcinfo)

.debug_sfnames
 *(.debug_sfnames)

.debug_aranges  0x00000000      0x940
 *(.debug_aranges)
 .debug_aranges
                0x00000000       0xc0 ./system/src/stm32f4-hal/stm32f4xx_hal.o
 .debug_aranges
                0x000000c0       0x98 ./system/src/stm32f4-hal/stm32f4xx_hal_cortex.o
 .debug_aranges
                0x00000158       0x88 ./system/src/stm32f4-hal/stm32f4xx_hal_rcc.o
 .debug_aranges
                0x000001e0       0x28 ./system/src/newlib/_exit.o
 .debug_aranges
                0x00000208       0x20 ./system/src/newlib/_sbrk.o
 .debug_aranges
                0x00000228       0x40 ./system/src/newlib/_startup.o
 .debug_aranges
                0x00000268       0x30 ./system/src/newlib/_syscalls.o
 .debug_aranges
                0x00000298       0x28 ./system/src/newlib/assert.o
 .debug_aranges
                0x000002c0       0x38 ./system/src/diag/Trace.o
 .debug_aranges
                0x000002f8       0x30 ./system/src/diag/trace_impl.o
 .debug_aranges
                0x00000328       0x28 ./system/src/cortexm/_initialize_hardware.o
 .debug_aranges
                0x00000350       0x90 ./system/src/cortexm/exception_handlers.o
 .debug_aranges
                0x000003e0       0x28 ./system/src/cmsis/system_stm32f4xx.o
 .debug_aranges
                0x00000408       0x20 ./system/src/cmsis/vectors_stm32f407xx.o
 .debug_aranges
                0x00000428       0x38 ./src/GPIO.o
 .debug_aranges
                0x00000460       0x40 ./src/Heater.o
 .debug_aranges
                0x000004a0       0x80 ./src/Rcc.o
 .debug_aranges
                0x00000520       0x38 ./src/Timer.o
 .debug_aranges
                0x00000558       0x28 ./src/_initialize_hardware.o
 .debug_aranges
                0x00000580       0x20 ./src/main.o
 .debug_aranges
                0x000005a0       0x38 ./src/stm32f4xx_hal_msp.o
 .debug_aranges
                0x000005d8      0x368 ./src/stm32f4xx_hal_tim.o

.debug_pubnames
 *(.debug_pubnames)

.debug_info     0x00000000     0xaf7f
 *(.debug_info .gnu.linkonce.wi.*)
 .debug_info    0x00000000      0x8d9 ./system/src/stm32f4-hal/stm32f4xx_hal.o
 .debug_info    0x000008d9     0x10f4 ./system/src/stm32f4-hal/stm32f4xx_hal_cortex.o
 .debug_info    0x000019cd      0xf3d ./system/src/stm32f4-hal/stm32f4xx_hal_rcc.o
 .debug_info    0x0000290a       0xef ./system/src/newlib/_exit.o
 .debug_info    0x000029f9      0x11f ./system/src/newlib/_sbrk.o
 .debug_info    0x00002b18      0x4f2 ./system/src/newlib/_startup.o
 .debug_info    0x0000300a      0x1c7 ./system/src/newlib/_syscalls.o
 .debug_info    0x000031d1      0x1a3 ./system/src/newlib/assert.o
 .debug_info    0x00003374      0x2e7 ./system/src/diag/Trace.o
 .debug_info    0x0000365b      0x30b ./system/src/diag/trace_impl.o
 .debug_info    0x00003966      0x2bf ./system/src/cortexm/_initialize_hardware.o
 .debug_info    0x00003c25      0x8f4 ./system/src/cortexm/exception_handlers.o
 .debug_info    0x00004519      0x4b9 ./system/src/cmsis/system_stm32f4xx.o
 .debug_info    0x000049d2       0xd1 ./system/src/cmsis/vectors_stm32f407xx.o
 .debug_info    0x00004aa3      0x2bb ./src/GPIO.o
 .debug_info    0x00004d5e      0x917 ./src/Heater.o
 .debug_info    0x00005675      0x5de ./src/Rcc.o
 .debug_info    0x00005c53      0x738 ./src/Timer.o
 .debug_info    0x0000638b      0x4e9 ./src/_initialize_hardware.o
 .debug_info    0x00006874      0x311 ./src/main.o
 .debug_info    0x00006b85       0xe5 ./src/stm32f4xx_hal_msp.o
 .debug_info    0x00006c6a     0x4315 ./src/stm32f4xx_hal_tim.o

.debug_abbrev   0x00000000     0x1f07
 *(.debug_abbrev)
 .debug_abbrev  0x00000000      0x235 ./system/src/stm32f4-hal/stm32f4xx_hal.o
 .debug_abbrev  0x00000235      0x324 ./system/src/stm32f4-hal/stm32f4xx_hal_cortex.o
 .debug_abbrev  0x00000559      0x2d2 ./system/src/stm32f4-hal/stm32f4xx_hal_rcc.o
 .debug_abbrev  0x0000082b       0x8e ./system/src/newlib/_exit.o
 .debug_abbrev  0x000008b9       0xb9 ./system/src/newlib/_sbrk.o
 .debug_abbrev  0x00000972      0x1b6 ./system/src/newlib/_startup.o
 .debug_abbrev  0x00000b28       0xec ./system/src/newlib/_syscalls.o
 .debug_abbrev  0x00000c14       0xab ./system/src/newlib/assert.o
 .debug_abbrev  0x00000cbf      0x156 ./system/src/diag/Trace.o
 .debug_abbrev  0x00000e15      0x1c8 ./system/src/diag/trace_impl.o
 .debug_abbrev  0x00000fdd       0xea ./system/src/cortexm/_initialize_hardware.o
 .debug_abbrev  0x000010c7      0x247 ./system/src/cortexm/exception_handlers.o
 .debug_abbrev  0x0000130e      0x104 ./system/src/cmsis/system_stm32f4xx.o
 .debug_abbrev  0x00001412       0x9d ./system/src/cmsis/vectors_stm32f407xx.o
 .debug_abbrev  0x000014af       0xff ./src/GPIO.o
 .debug_abbrev  0x000015ae      0x1e0 ./src/Heater.o
 .debug_abbrev  0x0000178e      0x12a ./src/Rcc.o
 .debug_abbrev  0x000018b8      0x1cf ./src/Timer.o
 .debug_abbrev  0x00001a87      0x14c ./src/_initialize_hardware.o
 .debug_abbrev  0x00001bd3       0xaf ./src/main.o
 .debug_abbrev  0x00001c82       0x6a ./src/stm32f4xx_hal_msp.o
 .debug_abbrev  0x00001cec      0x21b ./src/stm32f4xx_hal_tim.o

.debug_line     0x00000000     0xe4f9
 *(.debug_line)
 .debug_line    0x00000000      0xc1a ./system/src/stm32f4-hal/stm32f4xx_hal.o
 .debug_line    0x00000c1a      0xcfd ./system/src/stm32f4-hal/stm32f4xx_hal_cortex.o
 .debug_line    0x00001917      0xecc ./system/src/stm32f4-hal/stm32f4xx_hal_rcc.o
 .debug_line    0x000027e3      0x39d ./system/src/newlib/_exit.o
 .debug_line    0x00002b80      0x34e ./system/src/newlib/_sbrk.o
 .debug_line    0x00002ece      0x416 ./system/src/newlib/_startup.o
 .debug_line    0x000032e4      0x481 ./system/src/newlib/_syscalls.o
 .debug_line    0x00003765      0x3d8 ./system/src/newlib/assert.o
 .debug_line    0x00003b3d      0x40b ./system/src/diag/Trace.o
 .debug_line    0x00003f48      0xb56 ./system/src/diag/trace_impl.o
 .debug_line    0x00004a9e      0xabe ./system/src/cortexm/_initialize_hardware.o
 .debug_line    0x0000555c      0xbf4 ./system/src/cortexm/exception_handlers.o
 .debug_line    0x00006150      0xabe ./system/src/cmsis/system_stm32f4xx.o
 .debug_line    0x00006c0e      0x11d ./system/src/cmsis/vectors_stm32f407xx.o
 .debug_line    0x00006d2b      0x20a ./src/GPIO.o
 .debug_line    0x00006f35      0xb88 ./src/Heater.o
 .debug_line    0x00007abd      0x659 ./src/Rcc.o
 .debug_line    0x00008116      0xb14 ./src/Timer.o
 .debug_line    0x00008c2a      0xab8 ./src/_initialize_hardware.o
 .debug_line    0x000096e2      0xb96 ./src/main.o
 .debug_line    0x0000a278      0xab8 ./src/stm32f4xx_hal_msp.o
 .debug_line    0x0000ad30     0x37c9 ./src/stm32f4xx_hal_tim.o

.debug_frame    0x00000000     0x1944
 *(.debug_frame)
 .debug_frame   0x00000000      0x188 ./system/src/stm32f4-hal/stm32f4xx_hal.o
 .debug_frame   0x00000188      0x17c ./system/src/stm32f4-hal/stm32f4xx_hal_cortex.o
 .debug_frame   0x00000304      0x150 ./system/src/stm32f4-hal/stm32f4xx_hal_rcc.o
 .debug_frame   0x00000454       0x38 ./system/src/newlib/_exit.o
 .debug_frame   0x0000048c       0x28 ./system/src/newlib/_sbrk.o
 .debug_frame   0x000004b4       0x7c ./system/src/newlib/_startup.o
 .debug_frame   0x00000530       0x50 ./system/src/newlib/_syscalls.o
 .debug_frame   0x00000580       0x40 ./system/src/newlib/assert.o
 .debug_frame   0x000005c0       0x94 ./system/src/diag/Trace.o
 .debug_frame   0x00000654       0x60 ./system/src/diag/trace_impl.o
 .debug_frame   0x000006b4       0x40 ./system/src/cortexm/_initialize_hardware.o
 .debug_frame   0x000006f4      0x158 ./system/src/cortexm/exception_handlers.o
 .debug_frame   0x0000084c       0x30 ./system/src/cmsis/system_stm32f4xx.o
 .debug_frame   0x0000087c       0x20 ./system/src/cmsis/vectors_stm32f407xx.o
 .debug_frame   0x0000089c       0xa4 ./src/GPIO.o
 .debug_frame   0x00000940       0x98 ./src/Heater.o
 .debug_frame   0x000009d8      0x104 ./src/Rcc.o
 .debug_frame   0x00000adc       0x58 ./src/Timer.o
 .debug_frame   0x00000b34       0x48 ./src/_initialize_hardware.o
 .debug_frame   0x00000b7c       0x28 ./src/main.o
 .debug_frame   0x00000ba4       0x50 ./src/stm32f4xx_hal_msp.o
 .debug_frame   0x00000bf4      0xa8c ./src/stm32f4xx_hal_tim.o
 .debug_frame   0x00001680       0x20 e:/tempo/iti/embedded system track/aaaaaa) ahmed tourkey/discovery/tools/arm gcc/bin/../lib/gcc/arm-none-eabi/5.4.1/../../../../arm-none-eabi/lib/armv7e-m\libg_nano.a(lib_a-errno.o)
 .debug_frame   0x000016a0       0x48 e:/tempo/iti/embedded system track/aaaaaa) ahmed tourkey/discovery/tools/arm gcc/bin/../lib/gcc/arm-none-eabi/5.4.1/../../../../arm-none-eabi/lib/armv7e-m\libg_nano.a(lib_a-vsnprintf.o)
 .debug_frame   0x000016e8       0x90 e:/tempo/iti/embedded system track/aaaaaa) ahmed tourkey/discovery/tools/arm gcc/bin/../lib/gcc/arm-none-eabi/5.4.1/../../../../arm-none-eabi/lib/armv7e-m\libg_nano.a(lib_a-nano-svfprintf.o)
 .debug_frame   0x00001778       0x60 e:/tempo/iti/embedded system track/aaaaaa) ahmed tourkey/discovery/tools/arm gcc/bin/../lib/gcc/arm-none-eabi/5.4.1/../../../../arm-none-eabi/lib/armv7e-m\libg_nano.a(lib_a-nano-vfprintf_i.o)
 .debug_frame   0x000017d8       0x28 e:/tempo/iti/embedded system track/aaaaaa) ahmed tourkey/discovery/tools/arm gcc/bin/../lib/gcc/arm-none-eabi/5.4.1/../../../../arm-none-eabi/lib/armv7e-m\libg_nano.a(lib_a-memcpy-stub.o)
 .debug_frame   0x00001800       0x28 e:/tempo/iti/embedded system track/aaaaaa) ahmed tourkey/discovery/tools/arm gcc/bin/../lib/gcc/arm-none-eabi/5.4.1/../../../../arm-none-eabi/lib/armv7e-m\libg_nano.a(lib_a-memmove.o)
 .debug_frame   0x00001828       0x38 e:/tempo/iti/embedded system track/aaaaaa) ahmed tourkey/discovery/tools/arm gcc/bin/../lib/gcc/arm-none-eabi/5.4.1/../../../../arm-none-eabi/lib/armv7e-m\libg_nano.a(lib_a-nano-freer.o)
 .debug_frame   0x00001860       0x2c e:/tempo/iti/embedded system track/aaaaaa) ahmed tourkey/discovery/tools/arm gcc/bin/../lib/gcc/arm-none-eabi/5.4.1/../../../../arm-none-eabi/lib/armv7e-m\libg_nano.a(lib_a-nano-mallocr.o)
 .debug_frame   0x0000188c       0x3c e:/tempo/iti/embedded system track/aaaaaa) ahmed tourkey/discovery/tools/arm gcc/bin/../lib/gcc/arm-none-eabi/5.4.1/../../../../arm-none-eabi/lib/armv7e-m\libg_nano.a(lib_a-nano-reallocr.o)
 .debug_frame   0x000018c8       0x2c e:/tempo/iti/embedded system track/aaaaaa) ahmed tourkey/discovery/tools/arm gcc/bin/../lib/gcc/arm-none-eabi/5.4.1/../../../../arm-none-eabi/lib/armv7e-m\libg_nano.a(lib_a-sbrkr.o)
 .debug_frame   0x000018f4       0x30 e:/tempo/iti/embedded system track/aaaaaa) ahmed tourkey/discovery/tools/arm gcc/bin/../lib/gcc/arm-none-eabi/5.4.1/../../../../arm-none-eabi/lib/armv7e-m\libg_nano.a(lib_a-mlock.o)
 .debug_frame   0x00001924       0x20 e:/tempo/iti/embedded system track/aaaaaa) ahmed tourkey/discovery/tools/arm gcc/bin/../lib/gcc/arm-none-eabi/5.4.1/../../../../arm-none-eabi/lib/armv7e-m\libg_nano.a(lib_a-nano-msizer.o)

.debug_str      0x00000000    0x9ef46
 *(.debug_str)
 .debug_str     0x00000000    0x96d80 ./system/src/stm32f4-hal/stm32f4xx_hal.o
                              0x9715d (size before relaxing)
 .debug_str     0x00096d80      0x38a ./system/src/stm32f4-hal/stm32f4xx_hal_cortex.o
                              0x96fc9 (size before relaxing)
 .debug_str     0x0009710a      0x3e0 ./system/src/stm32f4-hal/stm32f4xx_hal_rcc.o
                              0x96b78 (size before relaxing)
 .debug_str     0x000974ea     0x10b6 ./system/src/newlib/_exit.o
                               0x6efe (size before relaxing)
 .debug_str     0x000985a0      0x4de ./system/src/newlib/_sbrk.o
                               0x62e9 (size before relaxing)
 .debug_str     0x00098a7e      0x2cc ./system/src/newlib/_startup.o
                               0x5f04 (size before relaxing)
 .debug_str     0x00098d4a      0xe18 ./system/src/newlib/_syscalls.o
                               0x7149 (size before relaxing)
 .debug_str     0x00099b62       0xd5 ./system/src/newlib/assert.o
                               0x7a03 (size before relaxing)
 .debug_str     0x00099c37      0x169 ./system/src/diag/Trace.o
                               0x76ee (size before relaxing)
 .debug_str     0x00099da0      0x37b ./system/src/diag/trace_impl.o
                              0x978a8 (size before relaxing)
 .debug_str     0x0009a11b       0x5e ./system/src/cortexm/_initialize_hardware.o
                              0x96689 (size before relaxing)
 .debug_str     0x0009a179      0x19d ./system/src/cortexm/exception_handlers.o
                              0x97a32 (size before relaxing)
 .debug_str     0x0009a316       0x46 ./system/src/cmsis/system_stm32f4xx.o
                              0x96768 (size before relaxing)
 .debug_str     0x0009a35c       0x59 ./system/src/cmsis/vectors_stm32f407xx.o
                               0x30bb (size before relaxing)
 .debug_str     0x0009a3b5     0x1a75 ./src/GPIO.o
                               0x4a98 (size before relaxing)
 .debug_str     0x0009be2a     0x1cee ./src/Heater.o
                              0x9aa5f (size before relaxing)
 .debug_str     0x0009db18      0x6e3 ./src/Rcc.o
                               0x8c1e (size before relaxing)
 .debug_str     0x0009e1fb       0x76 ./src/Timer.o
                              0x96c98 (size before relaxing)
 .debug_str     0x0009e271       0x31 ./src/_initialize_hardware.o
                              0x9687e (size before relaxing)
 .debug_str     0x0009e2a2        0xe ./src/main.o
                              0x98421 (size before relaxing)
 .debug_str     0x0009e2b0       0x3d ./src/stm32f4xx_hal_msp.o
                              0x965d8 (size before relaxing)
 .debug_str     0x0009e2ed      0xc59 ./src/stm32f4xx_hal_tim.o
                              0x9777f (size before relaxing)

.debug_loc      0x00000000     0x4ae0
 *(.debug_loc)
 .debug_loc     0x00000000       0x92 ./system/src/stm32f4-hal/stm32f4xx_hal.o
 .debug_loc     0x00000092      0x580 ./system/src/stm32f4-hal/stm32f4xx_hal_cortex.o
 .debug_loc     0x00000612      0x57a ./system/src/stm32f4-hal/stm32f4xx_hal_rcc.o
 .debug_loc     0x00000b8c       0x82 ./system/src/newlib/_sbrk.o
 .debug_loc     0x00000c0e      0x36e ./system/src/newlib/_startup.o
 .debug_loc     0x00000f7c       0x63 ./system/src/newlib/_syscalls.o
 .debug_loc     0x00000fdf      0x110 ./system/src/newlib/assert.o
 .debug_loc     0x000010ef      0x102 ./system/src/diag/Trace.o
 .debug_loc     0x000011f1      0x17c ./system/src/diag/trace_impl.o
 .debug_loc     0x0000136d      0x2a8 ./system/src/cortexm/exception_handlers.o
 .debug_loc     0x00001615      0x132 ./system/src/cmsis/system_stm32f4xx.o
 .debug_loc     0x00001747      0x39d ./src/GPIO.o
 .debug_loc     0x00001ae4       0x9f ./src/Heater.o
 .debug_loc     0x00001b83      0x7f1 ./src/Rcc.o
 .debug_loc     0x00002374       0x59 ./src/Timer.o
 .debug_loc     0x000023cd     0x2713 ./src/stm32f4xx_hal_tim.o

.debug_macinfo
 *(.debug_macinfo)

.debug_weaknames
 *(.debug_weaknames)

.debug_funcnames
 *(.debug_funcnames)

.debug_typenames
 *(.debug_typenames)

.debug_varnames
 *(.debug_varnames)
OUTPUT(HeaterDriver.elf elf32-littlearm)

.debug_ranges   0x00000000      0x810
 .debug_ranges  0x00000000       0xb0 ./system/src/stm32f4-hal/stm32f4xx_hal.o
 .debug_ranges  0x000000b0       0x88 ./system/src/stm32f4-hal/stm32f4xx_hal_cortex.o
 .debug_ranges  0x00000138       0x78 ./system/src/stm32f4-hal/stm32f4xx_hal_rcc.o
 .debug_ranges  0x000001b0       0x18 ./system/src/newlib/_exit.o
 .debug_ranges  0x000001c8       0x10 ./system/src/newlib/_sbrk.o
 .debug_ranges  0x000001d8       0x30 ./system/src/newlib/_startup.o
 .debug_ranges  0x00000208       0x20 ./system/src/newlib/_syscalls.o
 .debug_ranges  0x00000228       0x18 ./system/src/newlib/assert.o
 .debug_ranges  0x00000240       0x28 ./system/src/diag/Trace.o
 .debug_ranges  0x00000268       0x38 ./system/src/diag/trace_impl.o
 .debug_ranges  0x000002a0       0x18 ./system/src/cortexm/_initialize_hardware.o
 .debug_ranges  0x000002b8       0x98 ./system/src/cortexm/exception_handlers.o
 .debug_ranges  0x00000350       0x18 ./system/src/cmsis/system_stm32f4xx.o
 .debug_ranges  0x00000368       0x10 ./system/src/cmsis/vectors_stm32f407xx.o
 .debug_ranges  0x00000378       0x28 ./src/GPIO.o
 .debug_ranges  0x000003a0       0x30 ./src/Heater.o
 .debug_ranges  0x000003d0       0x70 ./src/Rcc.o
 .debug_ranges  0x00000440       0x28 ./src/Timer.o
 .debug_ranges  0x00000468       0x18 ./src/_initialize_hardware.o
 .debug_ranges  0x00000480       0x10 ./src/main.o
 .debug_ranges  0x00000490       0x28 ./src/stm32f4xx_hal_msp.o
 .debug_ranges  0x000004b8      0x358 ./src/stm32f4xx_hal_tim.o

.debug_macro    0x00000000    0x1d07e
 .debug_macro   0x00000000      0x540 ./system/src/stm32f4-hal/stm32f4xx_hal.o
 .debug_macro   0x00000540      0x898 ./system/src/stm32f4-hal/stm32f4xx_hal.o
 .debug_macro   0x00000dd8      0x289 ./system/src/stm32f4-hal/stm32f4xx_hal.o
 .debug_macro   0x00001061       0x31 ./system/src/stm32f4-hal/stm32f4xx_hal.o
 .debug_macro   0x00001092       0x28 ./system/src/stm32f4-hal/stm32f4xx_hal.o
 .debug_macro   0x000010ba      0x34e ./system/src/stm32f4-hal/stm32f4xx_hal.o
 .debug_macro   0x00001408       0x35 ./system/src/stm32f4-hal/stm32f4xx_hal.o
 .debug_macro   0x0000143d       0x50 ./system/src/stm32f4-hal/stm32f4xx_hal.o
 .debug_macro   0x0000148d      0xe66 ./system/src/stm32f4-hal/stm32f4xx_hal.o
 .debug_macro   0x000022f3     0x93f9 ./system/src/stm32f4-hal/stm32f4xx_hal.o
 .debug_macro   0x0000b6ec       0x43 ./system/src/stm32f4-hal/stm32f4xx_hal.o
 .debug_macro   0x0000b72f     0x347f ./system/src/stm32f4-hal/stm32f4xx_hal.o
 .debug_macro   0x0000ebae       0x22 ./system/src/stm32f4-hal/stm32f4xx_hal.o
 .debug_macro   0x0000ebd0       0x4c ./system/src/stm32f4-hal/stm32f4xx_hal.o
 .debug_macro   0x0000ec1c       0x8d ./system/src/stm32f4-hal/stm32f4xx_hal.o
 .debug_macro   0x0000eca9       0x35 ./system/src/stm32f4-hal/stm32f4xx_hal.o
 .debug_macro   0x0000ecde       0x9c ./system/src/stm32f4-hal/stm32f4xx_hal.o
 .debug_macro   0x0000ed7a       0x16 ./system/src/stm32f4-hal/stm32f4xx_hal.o
 .debug_macro   0x0000ed90       0x4a ./system/src/stm32f4-hal/stm32f4xx_hal.o
 .debug_macro   0x0000edda       0x97 ./system/src/stm32f4-hal/stm32f4xx_hal.o
 .debug_macro   0x0000ee71      0x30d ./system/src/stm32f4-hal/stm32f4xx_hal.o
 .debug_macro   0x0000f17e       0xfd ./system/src/stm32f4-hal/stm32f4xx_hal.o
 .debug_macro   0x0000f27b       0x10 ./system/src/stm32f4-hal/stm32f4xx_hal.o
 .debug_macro   0x0000f28b       0x52 ./system/src/stm32f4-hal/stm32f4xx_hal.o
 .debug_macro   0x0000f2dd       0x1f ./system/src/stm32f4-hal/stm32f4xx_hal.o
 .debug_macro   0x0000f2fc       0x43 ./system/src/stm32f4-hal/stm32f4xx_hal.o
 .debug_macro   0x0000f33f       0x20 ./system/src/stm32f4-hal/stm32f4xx_hal.o
 .debug_macro   0x0000f35f      0x187 ./system/src/stm32f4-hal/stm32f4xx_hal.o
 .debug_macro   0x0000f4e6       0x10 ./system/src/stm32f4-hal/stm32f4xx_hal.o
 .debug_macro   0x0000f4f6       0x5e ./system/src/stm32f4-hal/stm32f4xx_hal.o
 .debug_macro   0x0000f554       0x1c ./system/src/stm32f4-hal/stm32f4xx_hal.o
 .debug_macro   0x0000f570       0x52 ./system/src/stm32f4-hal/stm32f4xx_hal.o
 .debug_macro   0x0000f5c2       0x40 ./system/src/stm32f4-hal/stm32f4xx_hal.o
 .debug_macro   0x0000f602       0x10 ./system/src/stm32f4-hal/stm32f4xx_hal.o
 .debug_macro   0x0000f612       0x40 ./system/src/stm32f4-hal/stm32f4xx_hal.o
 .debug_macro   0x0000f652       0xd7 ./system/src/stm32f4-hal/stm32f4xx_hal.o
 .debug_macro   0x0000f729       0x16 ./system/src/stm32f4-hal/stm32f4xx_hal.o
 .debug_macro   0x0000f73f      0x18b ./system/src/stm32f4-hal/stm32f4xx_hal.o
 .debug_macro   0x0000f8ca       0x57 ./system/src/stm32f4-hal/stm32f4xx_hal.o
 .debug_macro   0x0000f921      0x964 ./system/src/stm32f4-hal/stm32f4xx_hal.o
 .debug_macro   0x00010285      0x9e1 ./system/src/stm32f4-hal/stm32f4xx_hal.o
 .debug_macro   0x00010c66      0x11e ./system/src/stm32f4-hal/stm32f4xx_hal.o
 .debug_macro   0x00010d84      0x13e ./system/src/stm32f4-hal/stm32f4xx_hal.o
 .debug_macro   0x00010ec2       0x27 ./system/src/stm32f4-hal/stm32f4xx_hal.o
 .debug_macro   0x00010ee9      0x287 ./system/src/stm32f4-hal/stm32f4xx_hal.o
 .debug_macro   0x00011170       0x5f ./system/src/stm32f4-hal/stm32f4xx_hal.o
 .debug_macro   0x000111cf      0x23a ./system/src/stm32f4-hal/stm32f4xx_hal.o
 .debug_macro   0x00011409      0x391 ./system/src/stm32f4-hal/stm32f4xx_hal.o
 .debug_macro   0x0001179a      0x16f ./system/src/stm32f4-hal/stm32f4xx_hal.o
 .debug_macro   0x00011909       0xf9 ./system/src/stm32f4-hal/stm32f4xx_hal.o
 .debug_macro   0x00011a02      0x36e ./system/src/stm32f4-hal/stm32f4xx_hal.o
 .debug_macro   0x00011d70       0x23 ./system/src/stm32f4-hal/stm32f4xx_hal.o
 .debug_macro   0x00011d93       0xe6 ./system/src/stm32f4-hal/stm32f4xx_hal.o
 .debug_macro   0x00011e79       0xa1 ./system/src/stm32f4-hal/stm32f4xx_hal.o
 .debug_macro   0x00011f1a       0x3c ./system/src/stm32f4-hal/stm32f4xx_hal.o
 .debug_macro   0x00011f56       0x1f ./system/src/stm32f4-hal/stm32f4xx_hal.o
 .debug_macro   0x00011f75      0x1cd ./system/src/stm32f4-hal/stm32f4xx_hal.o
 .debug_macro   0x00012142      0xcd6 ./system/src/stm32f4-hal/stm32f4xx_hal.o
 .debug_macro   0x00012e18      0x13a ./system/src/stm32f4-hal/stm32f4xx_hal.o
 .debug_macro   0x00012f52      0x21e ./system/src/stm32f4-hal/stm32f4xx_hal.o
 .debug_macro   0x00013170       0x2e ./system/src/stm32f4-hal/stm32f4xx_hal.o
 .debug_macro   0x0001319e      0x543 ./system/src/stm32f4-hal/stm32f4xx_hal.o
 .debug_macro   0x000136e1       0x88 ./system/src/stm32f4-hal/stm32f4xx_hal.o
 .debug_macro   0x00013769       0xd5 ./system/src/stm32f4-hal/stm32f4xx_hal.o
 .debug_macro   0x0001383e      0x183 ./system/src/stm32f4-hal/stm32f4xx_hal.o
 .debug_macro   0x000139c1      0x1a7 ./system/src/stm32f4-hal/stm32f4xx_hal.o
 .debug_macro   0x00013b68       0xa5 ./system/src/stm32f4-hal/stm32f4xx_hal.o
 .debug_macro   0x00013c0d      0x18b ./system/src/stm32f4-hal/stm32f4xx_hal.o
 .debug_macro   0x00013d98       0x24 ./system/src/stm32f4-hal/stm32f4xx_hal.o
 .debug_macro   0x00013dbc       0x35 ./system/src/stm32f4-hal/stm32f4xx_hal.o
 .debug_macro   0x00013df1       0x79 ./system/src/stm32f4-hal/stm32f4xx_hal.o
 .debug_macro   0x00013e6a      0x11e ./system/src/stm32f4-hal/stm32f4xx_hal.o
 .debug_macro   0x00013f88       0x7f ./system/src/stm32f4-hal/stm32f4xx_hal.o
 .debug_macro   0x00014007       0x89 ./system/src/stm32f4-hal/stm32f4xx_hal.o
 .debug_macro   0x00014090       0x7e ./system/src/stm32f4-hal/stm32f4xx_hal.o
 .debug_macro   0x0001410e      0x31a ./system/src/stm32f4-hal/stm32f4xx_hal.o
 .debug_macro   0x00014428      0x409 ./system/src/stm32f4-hal/stm32f4xx_hal.o
 .debug_macro   0x00014831       0xe4 ./system/src/stm32f4-hal/stm32f4xx_hal.o
 .debug_macro   0x00014915      0x48d ./system/src/stm32f4-hal/stm32f4xx_hal.o
 .debug_macro   0x00014da2      0x22b ./system/src/stm32f4-hal/stm32f4xx_hal.o
 .debug_macro   0x00014fcd      0x202 ./system/src/stm32f4-hal/stm32f4xx_hal.o
 .debug_macro   0x000151cf      0x6d9 ./system/src/stm32f4-hal/stm32f4xx_hal.o
 .debug_macro   0x000158a8       0x5b ./system/src/stm32f4-hal/stm32f4xx_hal.o
 .debug_macro   0x00015903      0x14d ./system/src/stm32f4-hal/stm32f4xx_hal.o
 .debug_macro   0x00015a50      0x287 ./system/src/stm32f4-hal/stm32f4xx_hal.o
 .debug_macro   0x00015cd7      0x225 ./system/src/stm32f4-hal/stm32f4xx_hal.o
 .debug_macro   0x00015efc      0x1b5 ./system/src/stm32f4-hal/stm32f4xx_hal.o
 .debug_macro   0x000160b1      0x2db ./system/src/stm32f4-hal/stm32f4xx_hal.o
 .debug_macro   0x0001638c       0x89 ./system/src/stm32f4-hal/stm32f4xx_hal.o
 .debug_macro   0x00016415      0x1df ./system/src/stm32f4-hal/stm32f4xx_hal.o
 .debug_macro   0x000165f4      0x115 ./system/src/stm32f4-hal/stm32f4xx_hal.o
 .debug_macro   0x00016709       0x6e ./system/src/stm32f4-hal/stm32f4xx_hal.o
 .debug_macro   0x00016777      0x125 ./system/src/stm32f4-hal/stm32f4xx_hal.o
 .debug_macro   0x0001689c      0x4f2 ./system/src/stm32f4-hal/stm32f4xx_hal_cortex.o
 .debug_macro   0x00016d8e      0x51c ./system/src/stm32f4-hal/stm32f4xx_hal_rcc.o
 .debug_macro   0x000172aa      0x19c ./system/src/newlib/_exit.o
 .debug_macro   0x00017446      0x10e ./system/src/newlib/_exit.o
 .debug_macro   0x00017554       0x8d ./system/src/newlib/_exit.o
 .debug_macro   0x000175e1       0x35 ./system/src/newlib/_exit.o
 .debug_macro   0x00017616      0x151 ./system/src/newlib/_sbrk.o
 .debug_macro   0x00017767      0x174 ./system/src/newlib/_sbrk.o
 .debug_macro   0x000178db       0x10 ./system/src/newlib/_sbrk.o
 .debug_macro   0x000178eb      0x23b ./system/src/newlib/_sbrk.o
 .debug_macro   0x00017b26      0x15b ./system/src/newlib/_startup.o
 .debug_macro   0x00017c81      0x89e ./system/src/newlib/_startup.o
 .debug_macro   0x0001851f      0x1ff ./system/src/newlib/_syscalls.o
 .debug_macro   0x0001871e       0x1c ./system/src/newlib/_syscalls.o
 .debug_macro   0x0001873a       0x10 ./system/src/newlib/_syscalls.o
 .debug_macro   0x0001874a       0x10 ./system/src/newlib/_syscalls.o
 .debug_macro   0x0001875a       0x10 ./system/src/newlib/_syscalls.o
 .debug_macro   0x0001876a       0x35 ./system/src/newlib/_syscalls.o
 .debug_macro   0x0001879f      0x122 ./system/src/newlib/_syscalls.o
 .debug_macro   0x000188c1       0x88 ./system/src/newlib/_syscalls.o
 .debug_macro   0x00018949       0x2b ./system/src/newlib/_syscalls.o
 .debug_macro   0x00018974      0x118 ./system/src/newlib/_syscalls.o
 .debug_macro   0x00018a8c      0x159 ./system/src/newlib/_syscalls.o
 .debug_macro   0x00018be5       0x16 ./system/src/newlib/_syscalls.o
 .debug_macro   0x00018bfb      0x1b8 ./system/src/newlib/assert.o
 .debug_macro   0x00018db3       0x1c ./system/src/newlib/assert.o
 .debug_macro   0x00018dcf      0x1d9 ./system/src/diag/Trace.o
 .debug_macro   0x00018fa8       0x4c ./system/src/diag/Trace.o
 .debug_macro   0x00018ff4       0x16 ./system/src/diag/Trace.o
 .debug_macro   0x0001900a      0x538 ./system/src/diag/trace_impl.o
 .debug_macro   0x00019542       0x22 ./system/src/diag/trace_impl.o
 .debug_macro   0x00019564      0x4fc ./system/src/cortexm/_initialize_hardware.o
 .debug_macro   0x00019a60      0x55b ./system/src/cortexm/exception_handlers.o
 .debug_macro   0x00019fbb       0x3b ./system/src/cortexm/exception_handlers.o
 .debug_macro   0x00019ff6      0x4f8 ./system/src/cmsis/system_stm32f4xx.o
 .debug_macro   0x0001a4ee       0x34 ./system/src/cmsis/vectors_stm32f407xx.o
 .debug_macro   0x0001a522       0x63 ./src/GPIO.o
 .debug_macro   0x0001a585      0x18a ./src/GPIO.o
 .debug_macro   0x0001a70f       0x82 ./src/GPIO.o
 .debug_macro   0x0001a791       0x40 ./src/GPIO.o
 .debug_macro   0x0001a7d1       0x28 ./src/GPIO.o
 .debug_macro   0x0001a7f9      0x1b4 ./src/GPIO.o
 .debug_macro   0x0001a9ad      0x557 ./src/Heater.o
 .debug_macro   0x0001af04      0x338 ./src/Heater.o
 .debug_macro   0x0001b23c       0x16 ./src/Heater.o
 .debug_macro   0x0001b252      0x1c1 ./src/Rcc.o
 .debug_macro   0x0001b413      0x515 ./src/Timer.o
 .debug_macro   0x0001b928       0x10 ./src/Timer.o
 .debug_macro   0x0001b938      0x4f2 ./src/_initialize_hardware.o
 .debug_macro   0x0001be2a      0x55c ./src/main.o
 .debug_macro   0x0001c386       0x10 ./src/main.o
 .debug_macro   0x0001c396       0xcf ./src/main.o
 .debug_macro   0x0001c465       0xbe ./src/main.o
 .debug_macro   0x0001c523      0x176 ./src/main.o
 .debug_macro   0x0001c699      0x4f2 ./src/stm32f4xx_hal_msp.o
 .debug_macro   0x0001cb8b      0x4f3 ./src/stm32f4xx_hal_tim.o
